Archive member included because of file (symbol)

/home/z80/programs/code-sourcery/2011.03-42/bin/../lib/gcc/arm-none-eabi/4.5.2/../../../../arm-none-eabi/lib/thumb2/libc.a(lib_a-atoi.o)
                              build/obj/i2c_ctrl.o (atoi)
/home/z80/programs/code-sourcery/2011.03-42/bin/../lib/gcc/arm-none-eabi/4.5.2/../../../../arm-none-eabi/lib/thumb2/libc.a(lib_a-memset.o)
                              build/obj/syscalls.o (memset)
/home/z80/programs/code-sourcery/2011.03-42/bin/../lib/gcc/arm-none-eabi/4.5.2/../../../../arm-none-eabi/lib/thumb2/libc.a(lib_a-strcasecmp.o)
                              build/obj/shell.o (strcasecmp)
/home/z80/programs/code-sourcery/2011.03-42/bin/../lib/gcc/arm-none-eabi/4.5.2/../../../../arm-none-eabi/lib/thumb2/libc.a(lib_a-strchr.o)
                              build/obj/shell.o (strchr)
/home/z80/programs/code-sourcery/2011.03-42/bin/../lib/gcc/arm-none-eabi/4.5.2/../../../../arm-none-eabi/lib/thumb2/libc.a(lib_a-strspn.o)
                              build/obj/shell.o (strspn)
/home/z80/programs/code-sourcery/2011.03-42/bin/../lib/gcc/arm-none-eabi/4.5.2/../../../../arm-none-eabi/lib/thumb2/libc.a(lib_a-strtol.o)
                              /home/z80/programs/code-sourcery/2011.03-42/bin/../lib/gcc/arm-none-eabi/4.5.2/../../../../arm-none-eabi/lib/thumb2/libc.a(lib_a-atoi.o) (_strtol_r)
/home/z80/programs/code-sourcery/2011.03-42/bin/../lib/gcc/arm-none-eabi/4.5.2/../../../../arm-none-eabi/lib/thumb2/libc.a(lib_a-ctype_.o)
                              /home/z80/programs/code-sourcery/2011.03-42/bin/../lib/gcc/arm-none-eabi/4.5.2/../../../../arm-none-eabi/lib/thumb2/libc.a(lib_a-strcasecmp.o) (__ctype_ptr__)
/home/z80/programs/code-sourcery/2011.03-42/bin/../lib/gcc/arm-none-eabi/4.5.2/../../../../arm-none-eabi/lib/thumb2/libc.a(lib_a-impure.o)
                              /home/z80/programs/code-sourcery/2011.03-42/bin/../lib/gcc/arm-none-eabi/4.5.2/../../../../arm-none-eabi/lib/thumb2/libc.a(lib_a-strtol.o) (_impure_ptr)
/home/z80/programs/code-sourcery/2011.03-42/bin/../lib/gcc/arm-none-eabi/4.5.2/thumb2/libgcc.a(_udivsi3.o)
                              /home/z80/programs/code-sourcery/2011.03-42/bin/../lib/gcc/arm-none-eabi/4.5.2/../../../../arm-none-eabi/lib/thumb2/libc.a(lib_a-strtol.o) (__aeabi_uidiv)
/home/z80/programs/code-sourcery/2011.03-42/bin/../lib/gcc/arm-none-eabi/4.5.2/thumb2/libgcc.a(_dvmd_tls.o)
                              /home/z80/programs/code-sourcery/2011.03-42/bin/../lib/gcc/arm-none-eabi/4.5.2/thumb2/libgcc.a(_udivsi3.o) (__aeabi_idiv0)

Discarded input sections

 .text          0x00000000        0x0 build/obj/crt0.o
 .data          0x00000000        0x0 build/obj/crt0.o
 .bss           0x00000000        0x0 build/obj/crt0.o
 .text.__early_init
                0x00000000       0x10 build/obj/crt0.o
 .text          0x00000000        0x0 build/obj/vectors.o
 .data          0x00000000        0x0 build/obj/vectors.o
 .bss           0x00000000        0x0 build/obj/vectors.o
 .text          0x00000000        0x0 build/obj/chcore.o
 .data          0x00000000        0x0 build/obj/chcore.o
 .bss           0x00000000        0x0 build/obj/chcore.o
 .text          0x00000000        0x0 build/obj/chcore_v7m.o
 .data          0x00000000        0x0 build/obj/chcore_v7m.o
 .bss           0x00000000        0x0 build/obj/chcore_v7m.o
 .text          0x00000000        0x0 build/obj/nvic.o
 .data          0x00000000        0x0 build/obj/nvic.o
 .bss           0x00000000        0x0 build/obj/nvic.o
 .text.nvicDisableVector
                0x00000000       0x40 build/obj/nvic.o
 .text          0x00000000        0x0 build/obj/chsys.o
 .data          0x00000000        0x0 build/obj/chsys.o
 .bss           0x00000000        0x0 build/obj/chsys.o
 .text          0x00000000        0x0 build/obj/chdebug.o
 .data          0x00000000        0x0 build/obj/chdebug.o
 .bss           0x00000000        0x0 build/obj/chdebug.o
 .text.dbg_check_disable
                0x00000000       0x30 build/obj/chdebug.o
 .text.dbg_check_suspend
                0x00000000       0x30 build/obj/chdebug.o
 .text          0x00000000        0x0 build/obj/chlists.o
 .data          0x00000000        0x0 build/obj/chlists.o
 .bss           0x00000000        0x0 build/obj/chlists.o
 .text          0x00000000        0x0 build/obj/chvt.o
 .data          0x00000000        0x0 build/obj/chvt.o
 .bss           0x00000000        0x0 build/obj/chvt.o
 .text.chTimeIsWithin
                0x00000000       0x30 build/obj/chvt.o
 .text          0x00000000        0x0 build/obj/chschd.o
 .data          0x00000000        0x0 build/obj/chschd.o
 .bss           0x00000000        0x0 build/obj/chschd.o
 .text.chSchRescheduleS
                0x00000000       0x30 build/obj/chschd.o
 .text          0x00000000        0x0 build/obj/chthreads.o
 .data          0x00000000        0x0 build/obj/chthreads.o
 .bss           0x00000000        0x0 build/obj/chthreads.o
 .text.chThdSetPriority
[...]
Memory Configuration

Name             Origin             Length             Attributes
flash            0x08000000         0x00010000
ram              0x20000000         0x00005000
*default*        0x00000000         0xffffffff

Linker script and memory map

LOAD build/obj/crt0.o
LOAD build/obj/vectors.o
LOAD build/obj/chcore.o
LOAD build/obj/chcore_v7m.o
LOAD build/obj/nvic.o
LOAD build/obj/chsys.o
LOAD build/obj/chdebug.o
LOAD build/obj/chlists.o
LOAD build/obj/chvt.o
LOAD build/obj/chschd.o
LOAD build/obj/chthreads.o
LOAD build/obj/chdynamic.o
LOAD build/obj/chregistry.o
LOAD build/obj/chsem.o
LOAD build/obj/chmtx.o
LOAD build/obj/chcond.o
LOAD build/obj/chevents.o
LOAD build/obj/chmsg.o
LOAD build/obj/chmboxes.o
LOAD build/obj/chqueues.o
LOAD build/obj/chmemcore.o
LOAD build/obj/chheap.o
LOAD build/obj/chmempools.o
LOAD build/obj/hal.o
LOAD build/obj/adc.o
LOAD build/obj/can.o
LOAD build/obj/ext.o
LOAD build/obj/gpt.o
LOAD build/obj/i2c.o
LOAD build/obj/icu.o
LOAD build/obj/mac.o
LOAD build/obj/pal.o
LOAD build/obj/pwm.o
LOAD build/obj/sdc.o
LOAD build/obj/serial.o
LOAD build/obj/spi.o
LOAD build/obj/uart.o
LOAD build/obj/usb.o
LOAD build/obj/tm.o
LOAD build/obj/mmc_spi.o
LOAD build/obj/serial_usb.o
LOAD build/obj/rtc.o
LOAD build/obj/stm32_dma.o
LOAD build/obj/hal_lld.o
LOAD build/obj/adc_lld.o
LOAD build/obj/can_lld.o
LOAD build/obj/ext_lld.o
LOAD build/obj/gpt_lld.o
LOAD build/obj/i2c_lld.o
LOAD build/obj/icu_lld.o
LOAD build/obj/mac_lld.o
LOAD build/obj/pwm_lld.o
LOAD build/obj/serial_lld.o
LOAD build/obj/sdc_lld.o
LOAD build/obj/spi_lld.o
LOAD build/obj/uart_lld.o
LOAD build/obj/pal_lld.o
LOAD build/obj/usb_lld.o
LOAD build/obj/rtc_lld.o
LOAD build/obj/board.o
LOAD build/obj/evtimer.o
LOAD build/obj/syscalls.o
LOAD build/obj/shell.o
LOAD build/obj/chprintf.o
LOAD build/obj/main.o
LOAD build/obj/usb_ctrl.o
LOAD build/obj/read_ctrl.o
LOAD build/obj/write_ctrl.o
LOAD build/obj/i2c_ctrl.o
LOAD build/obj/led_ctrl.o
START GROUP
LOAD /home/z80/programs/code-sourcery/2011.03-42/bin/../lib/gcc/arm-none-eabi/4.5.2/thumb2/libgcc.a
LOAD /home/z80/programs/code-sourcery/2011.03-42/bin/../lib/gcc/arm-none-eabi/4.5.2/../../../../arm-none-eabi/lib/thumb2/libc.a
END GROUP
                0x00000400                __main_stack_size__ = 0x400
                0x00000400                __process_stack_size__ = 0x400
                0x20000000                __ram_start__ = 0x20000000
                0x00005000                __ram_size__ = 0x5000
                0x20005000                __ram_end__ = (__ram_start__ + __ram_size__)
                0x00000000                . = 0x0
                0x00000000                _text = .

startup         0x08000000       0xec
 *(vectors)
 vectors        0x08000000       0xec build/obj/vectors.o
                0x08000000                _vectors

constructors    0x080000ec        0x0
                0x080000ec                PROVIDE (__init_array_start, .)
 *(SORT(.init_array.*))
 *(.init_array)
                0x080000ec                PROVIDE (__init_array_end, .)

destructors     0x080000ec        0x0
                0x080000ec                PROVIDE (__fini_array_start, .)
 *(.fini_array)
 *(SORT(.fini_array.*))
                0x080000ec                PROVIDE (__fini_array_end, .)

.text           0x080000f0     0x5624
 *(.text.startup.*)
 *(.text)
 .text          0x080000f0       0x10 /home/z80/programs/code-sourcery/2011.03-42/bin/../lib/gcc/arm-none-eabi/4.5.2/../../../../arm-none-eabi/lib/thumb2/libc.a(lib_a-atoi.o)
                0x080000f0                atoi
                0x080000f8                _atoi_r
 .text          0x08000100       0x48 /home/z80/programs/code-sourcery/2011.03-42/bin/../lib/gcc/arm-none-eabi/4.5.2/../../../../arm-none-eabi/lib/thumb2/libc.a(lib_a-strcasecmp.o)
                0x08000100                strcasecmp
 *fill*         0x08000148        0x8 00
 .text          0x08000150      0x10c /home/z80/programs/code-sourcery/2011.03-42/bin/../lib/gcc/arm-none-eabi/4.5.2/../../../../arm-none-eabi/lib/thumb2/libc.a(lib_a-strchr.o)
                0x08000150                strchr
 *fill*         0x0800025c        0x4 00
 .text          0x08000260       0x38 /home/z80/programs/code-sourcery/2011.03-42/bin/../lib/gcc/arm-none-eabi/4.5.2/../../../../arm-none-eabi/lib/thumb2/libc.a(lib_a-strspn.o)
                0x08000260                strspn
 *fill*         0x08000298        0x8 00
 .text          0x080002a0      0x17c /home/z80/programs/code-sourcery/2011.03-42/bin/../lib/gcc/arm-none-eabi/4.5.2/../../../../arm-none-eabi/lib/thumb2/libc.a(lib_a-strtol.o)
                0x080002a0                _strtol_r
                0x08000404                strtol
 *fill*         0x0800041c        0x4 00
 .text          0x08000420      0x278 /home/z80/programs/code-sourcery/2011.03-42/bin/../lib/gcc/arm-none-eabi/4.5.2/thumb2/libgcc.a(_udivsi3.o)
                0x08000420                __udivsi3
                0x08000420                __aeabi_uidiv
                0x0800067c                __aeabi_uidivmod
 *fill*         0x08000698        0x8 00
 .text          0x080006a0        0x4 /home/z80/programs/code-sourcery/2011.03-42/bin/../lib/gcc/arm-none-eabi/4.5.2/thumb2/libgcc.a(_dvmd_tls.o)
                0x080006a0                __aeabi_ldiv0
                0x080006a0                __aeabi_idiv0
 *(.text.*)
 *fill*         0x080006a4        0xc 00
 .text.__late_init
                0x080006b0       0x10 build/obj/crt0.o
                0x080006b0                __late_init
 .text._default_exit
                0x080006c0       0x10 build/obj/crt0.o
                0x080006c0                _default_exit
 .text.ResetHandler
                0x080006d0      0x1d0 build/obj/crt0.o
                0x080006d0                ResetHandler
 .text._unhandled_exception
                0x080008a0       0x10 build/obj/vectors.o
                0x080008a0                Vector58
                0x080008a0                VectorE8
                0x080008a0                Vector9C
                0x080008a0                VectorAC
                0x080008a0                Vector5C
                0x080008a0                NMIVector
                0x080008a0                VectorDC
                0x080008a0                VectorC8
                0x080008a0                Vector94
                0x080008a0                VectorA8
                0x080008a0                VectorB4
                0x080008a0                UsageFaultVector
                0x080008a0                DebugMonitorVector
                0x080008a0                Vector40
                0x080008a0                PendSVVector
                0x080008a0                Vector64
                0x080008a0                VectorCC
                0x080008a0                Vector54
                0x080008a0                Vector98
                0x080008a0                VectorD8
                0x080008a0                Vector24
                0x080008a0                BusFaultVector
                0x080008a0                VectorD0
                0x080008a0                VectorE4
                0x080008a0                HardFaultVector
                0x080008a0                VectorE0
                0x080008a0                MemManageVector
                0x080008a0                VectorA0
                0x080008a0                VectorC4
                0x080008a0                VectorB0
                0x080008a0                Vector60
                0x080008a0                Vector1C
                0x080008a0                Vector48
                0x080008a0                VectorD4
                0x080008a0                Vector4C
                0x080008a0                Vector68
                0x080008a0                _unhandled_exception
                0x080008a0                Vector88
                0x080008a0                Vector50
                0x080008a0                Vector44
                0x080008a0                Vector28
                0x080008a0                Vector34
                0x080008a0                VectorA4
                0x080008a0                Vector20
 .text.port_halt
                0x080008b0       0x10 build/obj/chcore.o
                0x080008b0                port_halt
 .text._port_switch_from_isr
                0x080008c0       0x10 build/obj/chcore_v7m.o
                0x080008c0                _port_switch_from_isr
 .text.SVCallVector
                0x080008d0       0x20 build/obj/chcore_v7m.o
                0x080008d0                SVCallVector
 .text._port_init
                0x080008f0       0x40 build/obj/chcore_v7m.o
                0x080008f0                _port_init
 .text._port_irq_epilogue
                0x08000930       0x70 build/obj/chcore_v7m.o
                0x08000930                _port_irq_epilogue
 .text.SysTickVector
                0x080009a0       0x30 build/obj/chcore_v7m.o
                0x080009a0                SysTickVector
 .text._port_switch
                0x080009d0       0x10 build/obj/chcore_v7m.o
                0x080009d0                _port_switch
 .text._port_thread_start
                0x080009e0       0x20 build/obj/chcore_v7m.o
                0x080009e0                _port_thread_start
 .text.nvicEnableVector
                0x08000a00       0x50 build/obj/nvic.o
                0x08000a00                nvicEnableVector
 .text.nvicSetSystemHandlerPriority
                0x08000a50       0x30 build/obj/nvic.o
                0x08000a50                nvicSetSystemHandlerPriority
 .text._idle_thread
                0x08000a80       0x20 build/obj/chsys.o
                0x08000a80                _idle_thread
 .text.chSysInit
                0x08000aa0       0x70 build/obj/chsys.o
                0x08000aa0                chSysInit
 .text.chSysTimerHandlerI
                0x08000b10       0x60 build/obj/chsys.o
                0x08000b10                chSysTimerHandlerI
 .text.dbg_check_enable
                0x08000b70       0x30 build/obj/chdebug.o
                0x08000b70                dbg_check_enable
 .text.dbg_check_lock
                0x08000ba0       0x40 build/obj/chdebug.o
                0x08000ba0                dbg_check_lock
 .text.dbg_check_unlock
                0x08000be0       0x40 build/obj/chdebug.o
                0x08000be0                dbg_check_unlock
 .text.dbg_check_lock_from_isr
                0x08000c20       0x40 build/obj/chdebug.o
                0x08000c20                dbg_check_lock_from_isr
 .text.dbg_check_unlock_from_isr
                0x08000c60       0x40 build/obj/chdebug.o
                0x08000c60                dbg_check_unlock_from_isr
 .text.dbg_check_enter_isr
                0x08000ca0       0x40 build/obj/chdebug.o
                0x08000ca0                dbg_check_enter_isr
 .text.dbg_check_leave_isr
                0x08000ce0       0x40 build/obj/chdebug.o
                0x08000ce0                dbg_check_leave_isr
 .text.chDbgCheckClassI
                0x08000d20       0x30 build/obj/chdebug.o
                0x08000d20                chDbgCheckClassI
 .text.chDbgCheckClassS
                0x08000d50       0x30 build/obj/chdebug.o
                0x08000d50                chDbgCheckClassS
 .text._trace_init
                0x08000d80       0x20 build/obj/chdebug.o
                0x08000d80                _trace_init
 .text.dbg_trace
                0x08000da0       0x50 build/obj/chdebug.o
                0x08000da0                dbg_trace
 .text.chDbgPanic
                0x08000df0       0x10 build/obj/chdebug.o
                0x08000df0                chDbgPanic
 .text._vt_init
                0x08000e00       0x20 build/obj/chvt.o
                0x08000e00                _vt_init
 .text.chVTSetI
                0x08000e20       0x60 build/obj/chvt.o
                0x08000e20                chVTSetI
 .text.chVTResetI
                0x08000e80       0x50 build/obj/chvt.o
                0x08000e80                chVTResetI
 .text._scheduler_init
                0x08000ed0       0x20 build/obj/chschd.o
                0x08000ed0                _scheduler_init
 .text.chSchReadyI
                0x08000ef0       0x40 build/obj/chschd.o
                0x08000ef0                chSchReadyI
 .text.wakeup   0x08000f30       0x40 build/obj/chschd.o
 .text.chSchGoSleepS
                0x08000f70       0x50 build/obj/chschd.o
                0x08000f70                chSchGoSleepS
 .text.chSchGoSleepTimeoutS
                0x08000fc0       0x50 build/obj/chschd.o
                0x08000fc0                chSchGoSleepTimeoutS
 .text.chSchWakeupS
                0x08001010       0x60 build/obj/chschd.o
                0x08001010                chSchWakeupS
 .text.chSchDoReschedule
                0x08001070       0x50 build/obj/chschd.o
                0x08001070                chSchDoReschedule
 .text._thread_init
                0x080010c0       0x50 build/obj/chthreads.o
                0x080010c0                _thread_init
 .text._thread_memfill
                0x08001110       0x40 build/obj/chthreads.o
                0x08001110                _thread_memfill
 .text.chThdCreateI
                0x08001150       0x90 build/obj/chthreads.o
                0x08001150                chThdCreateI
 .text.chThdCreateStatic
                0x080011e0       0x90 build/obj/chthreads.o
                0x080011e0                chThdCreateStatic
 .text.chThdSleep
                0x08001270       0x30 build/obj/chthreads.o
                0x08001270                chThdSleep
 .text.chThdExitS
                0x080012a0       0x50 build/obj/chthreads.o
                0x080012a0                chThdExitS
 .text.chThdExit
                0x080012f0       0x20 build/obj/chthreads.o
                0x080012f0                chThdExit
 .text.chThdRelease
                0x08001310       0x80 build/obj/chdynamic.o
                0x08001310                chThdRelease
 .text.chThdCreateFromHeap
                0x08001390       0x70 build/obj/chdynamic.o
                0x08001390                chThdCreateFromHeap
 .text.chMtxInit
                0x08001400       0x30 build/obj/chmtx.o
                0x08001400                chMtxInit
 .text.chMtxLockS
                0x08001430      0x100 build/obj/chmtx.o
                0x08001430                chMtxLockS
 .text.chMtxLock
                0x08001530       0x20 build/obj/chmtx.o
                0x08001530                chMtxLock
 .text.chMtxUnlock
                0x08001550       0xa0 build/obj/chmtx.o
                0x08001550                chMtxUnlock
 .text.chEvtSignalFlagsI
                0x080015f0       0x50 build/obj/chevents.o
                0x080015f0                chEvtSignalFlagsI
 .text.chEvtBroadcastFlagsI
                0x08001640       0x40 build/obj/chevents.o
                0x08001640                chEvtBroadcastFlagsI
 .text.qwait    0x08001680       0x30 build/obj/chqueues.o
 .text.chIQInit
                0x080016b0       0x20 build/obj/chqueues.o
                0x080016b0                chIQInit
 .text.chIQGetTimeout
                0x080016d0       0x60 build/obj/chqueues.o
                0x080016d0                chIQGetTimeout
 .text.chIQReadTimeout
                0x08001730       0x90 build/obj/chqueues.o
                0x08001730                chIQReadTimeout
 .text.chOQInit
                0x080017c0       0x20 build/obj/chqueues.o
                0x080017c0                chOQInit
 .text.chOQPutTimeout
                0x080017e0       0x70 build/obj/chqueues.o
                0x080017e0                chOQPutTimeout
 .text.chOQWriteTimeout
                0x08001850       0xb0 build/obj/chqueues.o
                0x08001850                chOQWriteTimeout
 .text._core_init
                0x08001900       0x30 build/obj/chmemcore.o
                0x08001900                _core_init
 .text.chCoreAllocI
                0x08001930       0x30 build/obj/chmemcore.o
                0x08001930                chCoreAllocI
 .text.chCoreAlloc
                0x08001960       0x30 build/obj/chmemcore.o
                0x08001960                chCoreAlloc
 .text.chCoreStatus
                0x08001990       0x20 build/obj/chmemcore.o
                0x08001990                chCoreStatus
 .text._heap_init
                0x080019b0       0x20 build/obj/chheap.o
                0x080019b0                _heap_init
 .text.chHeapAlloc
                0x080019d0       0x90 build/obj/chheap.o
                0x080019d0                chHeapAlloc
 .text.chHeapFree
                0x08001a60       0xc0 build/obj/chheap.o
                0x08001a60                chHeapFree
 .text.chHeapStatus
                0x08001b20       0x40 build/obj/chheap.o
                0x08001b20                chHeapStatus
 .text.chPoolFreeI
                0x08001b60       0x30 build/obj/chmempools.o
                0x08001b60                chPoolFreeI
 .text.chPoolFree
                0x08001b90       0x30 build/obj/chmempools.o
                0x08001b90                chPoolFree
 .text.halInit  0x08001bc0       0x30 build/obj/hal.o
                0x08001bc0                halInit
 .text.adcInit  0x08001bf0       0x10 build/obj/adc.o
                0x08001bf0                adcInit
 .text.adcObjectInit
                0x08001c00       0x20 build/obj/adc.o
                0x08001c00                adcObjectInit
 .text.i2cInit  0x08001c20       0x10 build/obj/i2c.o
                0x08001c20                i2cInit
 .text.i2cObjectInit
                0x08001c30       0x10 build/obj/i2c.o
                0x08001c30                i2cObjectInit
 .text.i2cMasterTransmitTimeout
                0x08001c40       0xa0 build/obj/i2c.o
                0x08001c40                i2cMasterTransmitTimeout
 .text.i2cSlaveReceiveTimeout
                0x08001ce0       0xa0 build/obj/i2c.o
                0x08001ce0                i2cSlaveReceiveTimeout
 .text.pwmInit  0x08001d80       0x10 build/obj/pwm.o
                0x08001d80                pwmInit
 .text.pwmObjectInit
                0x08001d90       0x10 build/obj/pwm.o
                0x08001d90                pwmObjectInit
 .text.set_address
                0x08001da0       0x30 build/obj/usb.o
 .text.usbInit  0x08001dd0       0x10 build/obj/usb.o
                0x08001dd0                usbInit
 .text.usbObjectInit
                0x08001de0       0x10 build/obj/usb.o
                0x08001de0                usbObjectInit
 .text.usbStart
                0x08001df0       0x60 build/obj/usb.o
                0x08001df0                usbStart
 .text.usbInitEndpointI
                0x08001e50       0x80 build/obj/usb.o
                0x08001e50                usbInitEndpointI
 .text.usbStartReceiveI
                0x08001ed0       0x40 build/obj/usb.o
                0x08001ed0                usbStartReceiveI
 .text.usbStartTransmitI
                0x08001f10       0x40 build/obj/usb.o
                0x08001f10                usbStartTransmitI
 .text._usb_reset
                0x08001f50       0x40 build/obj/usb.o
                0x08001f50                _usb_reset
 .text._usb_ep0setup
                0x08001f90      0x2f0 build/obj/usb.o
                0x08001f90                _usb_ep0setup
 .text._usb_ep0in
                0x08002280       0x90 build/obj/usb.o
                0x08002280                _usb_ep0in
 .text._usb_ep0out
                0x08002310       0x70 build/obj/usb.o
                0x08002310                _usb_ep0out
 .text.tm_start
                0x08002380       0x10 build/obj/tm.o
 .text.tm_stop  0x08002390       0x30 build/obj/tm.o
 .text.tmInit   0x080023c0       0x40 build/obj/tm.o
                0x080023c0                tmInit
 .text.putwouldblock
                0x08002400       0x10 build/obj/serial_usb.o
 .text.getwouldblock
                0x08002410       0x10 build/obj/serial_usb.o
 .text.getflags
                0x08002420       0x30 build/obj/serial_usb.o
 .text.onotify  0x08002450       0x90 build/obj/serial_usb.o
 .text.inotify  0x080024e0       0x80 build/obj/serial_usb.o
 .text.readt    0x08002560       0x10 build/obj/serial_usb.o
 .text.reads    0x08002570       0x10 build/obj/serial_usb.o
 .text.writet   0x08002580       0x10 build/obj/serial_usb.o
 .text.writes   0x08002590       0x10 build/obj/serial_usb.o
 .text.gett     0x080025a0       0x10 build/obj/serial_usb.o
 .text.putt     0x080025b0       0x10 build/obj/serial_usb.o
 .text.sduInit  0x080025c0       0x10 build/obj/serial_usb.o
                0x080025c0                sduInit
 .text.sduObjectInit
                0x080025d0       0x50 build/obj/serial_usb.o
                0x080025d0                sduObjectInit
 .text.sduStart
                0x08002620       0x60 build/obj/serial_usb.o
                0x08002620                sduStart
 .text.sduRequestsHook
                0x08002680       0x50 build/obj/serial_usb.o
                0x08002680                sduRequestsHook
 .text.sduDataTransmitted
                0x080026d0       0xa0 build/obj/serial_usb.o
                0x080026d0                sduDataTransmitted
 .text.sduDataReceived
                0x08002770       0xa0 build/obj/serial_usb.o
                0x08002770                sduDataReceived
 .text.sduInterruptTransmitted
                0x08002810       0x10 build/obj/serial_usb.o
                0x08002810                sduInterruptTransmitted
 .text.Vector6C
                0x08002820       0x30 build/obj/stm32_dma.o
                0x08002820                Vector6C
 .text.Vector70
                0x08002850       0x30 build/obj/stm32_dma.o
                0x08002850                Vector70
 .text.Vector74
                0x08002880       0x40 build/obj/stm32_dma.o
                0x08002880                Vector74
 .text.Vector78
                0x080028c0       0x40 build/obj/stm32_dma.o
                0x080028c0                Vector78
 .text.Vector7C
                0x08002900       0x40 build/obj/stm32_dma.o
                0x08002900                Vector7C
 .text.Vector80
                0x08002940       0x40 build/obj/stm32_dma.o
                0x08002940                Vector80
 .text.Vector84
                0x08002980       0x40 build/obj/stm32_dma.o
                0x08002980                Vector84
 .text.dmaInit  0x080029c0       0x60 build/obj/stm32_dma.o
                0x080029c0                dmaInit
 .text.hal_lld_init
                0x08002a20       0xa0 build/obj/hal_lld.o
                0x08002a20                hal_lld_init
 .text.stm32_clock_init
                0x08002ac0       0x90 build/obj/hal_lld.o
                0x08002ac0                stm32_clock_init
 .text.adc_lld_init
                0x08002b50       0x70 build/obj/adc_lld.o
                0x08002b50                adc_lld_init
 .text.i2c_lld_abort_operation
                0x08002bc0       0x50 build/obj/i2c_lld.o
 .text.i2c_lld_safety_timeout
                0x08002c10       0x30 build/obj/i2c_lld.o
 .text.VectorBC
                0x08002c40      0x120 build/obj/i2c_lld.o
                0x08002c40                VectorBC
 .text.VectorC0
                0x08002d60      0x160 build/obj/i2c_lld.o
                0x08002d60                VectorC0
 .text.i2c_lld_init
                0x08002ec0       0x30 build/obj/i2c_lld.o
                0x08002ec0                i2c_lld_init
 .text.i2c_lld_master_transmit_timeout
                0x08002ef0      0x130 build/obj/i2c_lld.o
                0x08002ef0                i2c_lld_master_transmit_timeout
 .text.i2c_lld_slave_receive_timeout
                0x08003020      0x130 build/obj/i2c_lld.o
                0x08003020                i2c_lld_slave_receive_timeout
 .text.VectorB8
                0x08003150       0x80 build/obj/pwm_lld.o
                0x08003150                VectorB8
 .text.pwm_lld_init
                0x080031d0       0x20 build/obj/pwm_lld.o
                0x080031d0                pwm_lld_init
 .text._pal_lld_init
                0x080031f0       0x70 build/obj/pal_lld.o
                0x080031f0                _pal_lld_init
 .text._pal_lld_setgroupmode
                0x08003260      0x150 build/obj/pal_lld.o
                0x08003260                _pal_lld_setgroupmode
 .text.Vector8C
                0x080033b0       0x20 build/obj/usb_lld.o
                0x080033b0                Vector8C
 .text.usb_lld_init
                0x080033d0       0x10 build/obj/usb_lld.o
                0x080033d0                usb_lld_init
 .text.usb_lld_start
                0x080033e0       0x50 build/obj/usb_lld.o
                0x080033e0                usb_lld_start
 .text.usb_lld_set_address
                0x08003430       0x20 build/obj/usb_lld.o
                0x08003430                usb_lld_set_address
 .text.usb_lld_init_endpoint
                0x08003450      0x100 build/obj/usb_lld.o
                0x08003450                usb_lld_init_endpoint
 .text.usb_lld_reset
                0x08003550       0x40 build/obj/usb_lld.o
                0x08003550                usb_lld_reset
 .text.usb_lld_get_status_out
                0x08003590       0x20 build/obj/usb_lld.o
                0x08003590                usb_lld_get_status_out
 .text.usb_lld_get_status_in
                0x080035b0       0x20 build/obj/usb_lld.o
                0x080035b0                usb_lld_get_status_in
 .text.usb_lld_read_setup
                0x080035d0       0x50 build/obj/usb_lld.o
                0x080035d0                usb_lld_read_setup
 .text.usb_lld_read_packet_buffer
                0x08003620       0x80 build/obj/usb_lld.o
                0x08003620                usb_lld_read_packet_buffer
 .text.usb_lld_write_packet_buffer
                0x080036a0       0x70 build/obj/usb_lld.o
                0x080036a0                usb_lld_write_packet_buffer
 .text.Vector90
                0x08003710      0x260 build/obj/usb_lld.o
                0x08003710                Vector90
 .text.usb_lld_prepare_receive
                0x08003970       0x30 build/obj/usb_lld.o
                0x08003970                usb_lld_prepare_receive
 .text.usb_lld_prepare_transmit
                0x080039a0       0x20 build/obj/usb_lld.o
                0x080039a0                usb_lld_prepare_transmit
 .text.usb_lld_start_out
                0x080039c0       0x20 build/obj/usb_lld.o
                0x080039c0                usb_lld_start_out
 .text.usb_lld_start_in
                0x080039e0       0x20 build/obj/usb_lld.o
                0x080039e0                usb_lld_start_in
 .text.usb_lld_stall_out
                0x08003a00       0x20 build/obj/usb_lld.o
                0x08003a00                usb_lld_stall_out
 .text.usb_lld_stall_in
                0x08003a20       0x20 build/obj/usb_lld.o
                0x08003a20                usb_lld_stall_in
 .text.usb_lld_clear_out
                0x08003a40       0x30 build/obj/usb_lld.o
                0x08003a40                usb_lld_clear_out
 .text.usb_lld_clear_in
                0x08003a70       0x30 build/obj/usb_lld.o
                0x08003a70                usb_lld_clear_in
 .text.__early_init
                0x08003aa0       0x10 build/obj/board.o
                0x08003aa0                __early_init
 .text.boardInit
                0x08003ab0       0x10 build/obj/board.o
                0x08003ab0                boardInit
 .text.cmd_systime
                0x08003ac0       0x30 build/obj/shell.o
 .text.cmd_info
                0x08003af0       0xc0 build/obj/shell.o
 .text.list_commands
                0x08003bb0       0x20 build/obj/shell.o
 .text.cmdexec  0x08003bd0       0x50 build/obj/shell.o
 .text._strtok.clone.0
                0x08003c20       0x50 build/obj/shell.o
 .text.shellInit
                0x08003c70       0x10 build/obj/shell.o
                0x08003c70                shellInit
 .text.shellCreate
                0x08003c80       0x20 build/obj/shell.o
                0x08003c80                shellCreate
 .text.shellGetLine
                0x08003ca0       0xb0 build/obj/shell.o
                0x08003ca0                shellGetLine
 .text.shell_thread
                0x08003d50      0x1e0 build/obj/shell.o
 .text.ltoa     0x08003f30       0x70 build/obj/chprintf.o
 .text.chprintf
                0x08003fa0      0x3b0 build/obj/chprintf.o
                0x08003fa0                chprintf
 .text.main     0x08004350       0x30 build/obj/main.o
                0x08004350                main
 .text.get_descriptor
                0x08004380       0x40 build/obj/usb_ctrl.o
 .text.cmd_mem  0x080043c0       0x60 build/obj/usb_ctrl.o
 .text.usb_event
                0x08004420       0x50 build/obj/usb_ctrl.o
 .text.initUsb  0x08004470       0x50 build/obj/usb_ctrl.o
                0x08004470                initUsb
 .text.processShell
                0x080044c0       0x50 build/obj/usb_ctrl.o
                0x080044c0                processShell
 .text.cmd_state
                0x08004510       0x40 build/obj/i2c_ctrl.o
                0x08004510                cmd_state
 .text.cmd_set_output
                0x08004550       0x40 build/obj/i2c_ctrl.o
                0x08004550                cmd_set_output
 .text.tst_i2c_set_addr
                0x08004590       0x40 build/obj/i2c_ctrl.o
                0x08004590                tst_i2c_set_addr
 .text.tst_i2c_set_master
                0x080045d0       0x30 build/obj/i2c_ctrl.o
                0x080045d0                tst_i2c_set_master
 .text.tst_i2c_set_buffer
                0x08004600       0x50 build/obj/i2c_ctrl.o
                0x08004600                tst_i2c_set_buffer
 .text.tst_i2c_io
                0x08004650       0x70 build/obj/i2c_ctrl.o
                0x08004650                tst_i2c_io
 .text.ledsThread
                0x080046c0       0x90 build/obj/led_ctrl.o
 .text.initLed  0x08004750       0x70 build/obj/led_ctrl.o
                0x08004750                initLed
 .text.setLeds  0x080047c0       0x20 build/obj/led_ctrl.o
                0x080047c0                setLeds
 *(.rodata)
 .rodata        0x080047e0        0x4 build/obj/shell.o
 *fill*         0x080047e4        0xc 00
 .rodata        0x080047f0      0x104 /home/z80/programs/code-sourcery/2011.03-42/bin/../lib/gcc/arm-none-eabi/4.5.2/../../../../arm-none-eabi/lib/thumb2/libc.a(lib_a-ctype_.o)
                0x080047f0                _ctype_
 *(.rodata.*)
 *fill*         0x080048f4        0xc 00
 .rodata.str1.4
                0x08004900        0xd build/obj/chsys.o
                                 0x10 (size before relaxing)
 *fill*         0x0800490d        0x3 00
 .rodata.str1.4
                0x08004910       0x56 build/obj/chdebug.o
                                 0x58 (size before relaxing)
 *fill*         0x08004966        0xa 00
 .rodata.str1.4
                0x08004970       0x31 build/obj/chvt.o
                                 0x34 (size before relaxing)
 *fill*         0x080049a1        0xf 00
 .rodata.str1.4
                0x080049b0       0x23 build/obj/chschd.o
                                 0x24 (size before relaxing)
 *fill*         0x080049d3        0xd 00
 .rodata.str1.4
                0x080049e0       0x94 build/obj/chthreads.o
 *fill*         0x08004a74        0xc 00
 .rodata.str1.4
                0x08004a80       0x46 build/obj/chdynamic.o
                                 0x48 (size before relaxing)
 *fill*         0x08004ac6        0xa 00
 .rodata.str1.4
                0x08004ad0       0xab build/obj/chmtx.o
                                 0xac (size before relaxing)
 *fill*         0x08004b7b        0x5 00
 .rodata.str1.4
                0x08004b80       0x90 build/obj/chevents.o
 .rodata.str1.4
                0x08004c10       0x29 build/obj/chqueues.o
                                 0x2c (size before relaxing)
 *fill*         0x08004c39        0x7 00
 .rodata.str1.4
                0x08004c40       0x31 build/obj/chheap.o
                                 0x34 (size before relaxing)
 *fill*         0x08004c71        0xf 00
 .rodata.str1.4
                0x08004c80       0x34 build/obj/chmempools.o
 *fill*         0x08004cb4        0xc 00
 .rodata.str1.4
                0x08004cc0       0xea build/obj/i2c.o
                                 0xec (size before relaxing)
 *fill*         0x08004daa        0x6 00
 .rodata.zero_status
                0x08004db0        0x4 build/obj/usb.o
 *fill*         0x08004db4        0xc 00
 .rodata.active_status
                0x08004dc0        0x4 build/obj/usb.o
 *fill*         0x08004dc4        0xc 00
 .rodata.str1.4
                0x08004dd0      0x122 build/obj/usb.o
                                0x124 (size before relaxing)
 *fill*         0x08004ef2        0xe 00
 .rodata.halted_status
                0x08004f00        0x4 build/obj/usb.o
 *fill*         0x08004f04        0xc 00
 .rodata.str1.4
                0x08004f10       0x3a build/obj/serial_usb.o
                                 0x3c (size before relaxing)
 *fill*         0x08004f4a        0x6 00
 .rodata.vmt    0x08004f50       0x24 build/obj/serial_usb.o
 *fill*         0x08004f74        0xc 00
 .rodata._stm32_dma_streams
                0x08004f80       0x54 build/obj/stm32_dma.o
                0x08004f80                _stm32_dma_streams
 *fill*         0x08004fd4        0xc 00
 .rodata.str1.4
                0x08004fe0      0x130 build/obj/i2c_lld.o
 .rodata.cfgtab.6303
                0x08005110       0x14 build/obj/pal_lld.o
 *fill*         0x08005124        0xc 00
 .rodata.CSWTCH.7
                0x08005130        0x8 build/obj/usb_lld.o
 *fill*         0x08005138        0x8 00
 .rodata.CSWTCH.10
                0x08005140       0x14 build/obj/usb_lld.o
 *fill*         0x08005154        0xc 00
 .rodata.str1.4
                0x08005160        0xf build/obj/usb_lld.o
                                 0x10 (size before relaxing)
 *fill*         0x0800516f        0x1 00
 .rodata.ep0config
                0x08005170       0x1c build/obj/usb_lld.o
 *fill*         0x0800518c        0x4 00
 .rodata.pal_default_config
                0x08005190       0x3c build/obj/board.o
                0x08005190                pal_default_config
 *fill*         0x080051cc        0x4 00
 .rodata.str1.4
                0x080051d0      0x1e5 build/obj/shell.o
                                0x1ec (size before relaxing)
 *fill*         0x080053b5        0xb 00
 .rodata.str1.4
                0x080053c0        0x7 build/obj/chprintf.o
                                  0x8 (size before relaxing)
 *fill*         0x080053c7        0x9 00
 .rodata.ep1config
                0x080053d0       0x1c build/obj/usb_ctrl.o
 *fill*         0x080053ec        0x4 00
 .rodata.vcom_configuration_descriptor
                0x080053f0        0x8 build/obj/usb_ctrl.o
 *fill*         0x080053f8        0x8 00
 .rodata.ep2config
                0x08005400       0x1c build/obj/usb_ctrl.o
 *fill*         0x0800541c        0x4 00
 .rodata.commands
                0x08005420       0x40 build/obj/usb_ctrl.o
 .rodata.str1.4
                0x08005460       0xa7 build/obj/usb_ctrl.o
                                 0xa8 (size before relaxing)
 *fill*         0x08005507        0x9 00
 .rodata.vcom_device_descriptor_data
                0x08005510       0x14 build/obj/usb_ctrl.o
 *fill*         0x08005524        0xc 00
 .rodata.ep3config
                0x08005530       0x1c build/obj/usb_ctrl.o
 *fill*         0x0800554c        0x4 00
 .rodata.shell_cfg1
                0x08005550        0x8 build/obj/usb_ctrl.o
 *fill*         0x08005558        0x8 00
 .rodata.vcom_configuration_descriptor_data
                0x08005560       0x44 build/obj/usb_ctrl.o
 *fill*         0x080055a4        0xc 00
 .rodata.vcom_string0
                0x080055b0        0x4 build/obj/usb_ctrl.o
 *fill*         0x080055b4        0xc 00
 .rodata.vcom_string1
                0x080055c0       0x28 build/obj/usb_ctrl.o
 *fill*         0x080055e8        0x8 00
 .rodata.vcom_string2
                0x080055f0       0x38 build/obj/usb_ctrl.o
 *fill*         0x08005628        0x8 00
 .rodata.vcom_string3
                0x08005630        0x8 build/obj/usb_ctrl.o
 *fill*         0x08005638        0x8 00
 .rodata.vcom_strings
                0x08005640       0x20 build/obj/usb_ctrl.o
 .rodata.serusbcfg
                0x08005660       0x14 build/obj/usb_ctrl.o
 *fill*         0x08005674        0xc 00
 .rodata.vcom_device_descriptor
                0x08005680        0x8 build/obj/usb_ctrl.o
 *fill*         0x08005688        0x8 00
 .rodata.str1.4
                0x08005690       0x62 build/obj/i2c_ctrl.o
                                 0x64 (size before relaxing)
 *fill*         0x080056f2        0xe 00
 .rodata.str1.4
                0x08005700        0x3 build/obj/led_ctrl.o
                                  0x4 (size before relaxing)
 *fill*         0x08005703        0xd 00
 .rodata.str1.4
                0x08005710        0x4 /home/z80/programs/code-sourcery/2011.03-42/bin/../lib/gcc/arm-none-eabi/4.5.2/../../../../arm-none-eabi/lib/thumb2/libc.a(lib_a-impure.o)
 *(.glue_7t)
 .glue_7t       0x00000000        0x0 linker stubs
 *(.glue_7)
 .glue_7        0x00000000        0x0 linker stubs
 *(.gcc*)

.vfp11_veneer   0x08005714        0x0
 .vfp11_veneer  0x00000000        0x0 linker stubs

.v4_bx          0x08005714        0x0
 .v4_bx         0x00000000        0x0 linker stubs

.ARM.extab
 *(.ARM.extab* .gnu.linkonce.armextab.*)

.ARM.exidx      0x08005714        0x0
                0x08005714                PROVIDE (__exidx_start, .)
 *(.ARM.exidx* .gnu.linkonce.armexidx.*)
                0x08005714                PROVIDE (__exidx_end, .)

.eh_frame_hdr
 *(.eh_frame_hdr)

.eh_frame
 *(.eh_frame)

.textalign      0x08005714        0x4
                0x08005718                . = ALIGN (0x8)
 *fill*         0x08005714        0x4 00
                0x08005718                _etext = .
                0x08005718                _textdata = _etext

.stacks         0x20000000      0x800
                0x20000000                . = ALIGN (0x8)
                0x20000000                __main_stack_base__ = .
                0x20000400                . = (. + __main_stack_size__)
 *fill*         0x20000000      0x400 00
                0x20000400                . = ALIGN (0x8)
                0x20000400                __main_stack_end__ = .
                0x20000400                __process_stack_base__ = .
                0x20000400                __main_thread_stack_base__ = .
                0x20000800                . = (. + __process_stack_size__)
 *fill*         0x20000400      0x400 00
                0x20000800                . = ALIGN (0x8)
                0x20000800                __process_stack_end__ = .
                0x20000800                __main_thread_stack_end__ = .

.data           0x20000800      0x11c load address 0x08005718
                0x20000800                . = ALIGN (0x4)
                0x20000800                PROVIDE (_data, .)
 *(.data)
 .data          0x20000800        0x4 /home/z80/programs/code-sourcery/2011.03-42/bin/../lib/gcc/arm-none-eabi/4.5.2/../../../../arm-none-eabi/lib/thumb2/libc.a(lib_a-ctype_.o)
                0x20000800                __ctype_ptr__
 .data          0x20000804       0xf4 /home/z80/programs/code-sourcery/2011.03-42/bin/../lib/gcc/arm-none-eabi/4.5.2/../../../../arm-none-eabi/lib/thumb2/libc.a(lib_a-impure.o)
                0x20000804                _impure_ptr
                0x200008f8                . = ALIGN (0x4)
 *(.data.*)
 .data.linecoding
                0x200008f8        0x8 build/obj/serial_usb.o
 .data.local_commands
                0x20000900       0x18 build/obj/shell.o
 .data.testAddr
                0x20000918        0x1 build/obj/i2c_ctrl.o
 .data.isMaster
                0x20000919        0x1 build/obj/i2c_ctrl.o
                0x2000091c                . = ALIGN (0x4)
 *fill*         0x2000091a        0x2 00
 *(.ramtext)
                0x2000091c                . = ALIGN (0x4)
                0x2000091c                PROVIDE (_edata, .)

.bss            0x20000920      0x96c load address 0x08005834
                0x20000920                . = ALIGN (0x4)
                0x20000920                PROVIDE (_bss_start, .)
 *(.bss)
                0x20000920                . = ALIGN (0x4)
 *(.bss.*)
 .bss.mainthread.4712
                0x20000920       0x4c build/obj/chsys.o
 *fill*         0x2000096c        0x4 00
 .bss._idle_thread_wa
                0x20000970       0xc0 build/obj/chsys.o
                0x20000970                _idle_thread_wa
 .bss.dbg_isr_cnt
                0x20000a30        0x4 build/obj/chdebug.o
                0x20000a30                dbg_isr_cnt
 .bss.dbg_trace_buffer
                0x20000a34      0x408 build/obj/chdebug.o
                0x20000a34                dbg_trace_buffer
 .bss.dbg_lock_cnt
                0x20000e3c        0x4 build/obj/chdebug.o
                0x20000e3c                dbg_lock_cnt
 .bss.dbg_panic_msg
                0x20000e40        0x4 build/obj/chdebug.o
                0x20000e40                dbg_panic_msg
 .bss.vtlist    0x20000e44       0x10 build/obj/chvt.o
                0x20000e44                vtlist
 .bss.rlist     0x20000e54       0x20 build/obj/chschd.o
                0x20000e54                rlist
 .bss.endmem    0x20000e74        0x4 build/obj/chmemcore.o
 .bss.nextmem   0x20000e78        0x4 build/obj/chmemcore.o
 *fill*         0x20000e7c        0x4 00
 .bss.default_heap
                0x20000e80       0x20 build/obj/chheap.o
 .bss.measurement_offset
                0x20000ea0        0x4 build/obj/tm.o
 .bss.dma_isr_redir
                0x20000ea4       0x38 build/obj/stm32_dma.o
 .bss.dma_streams_mask
                0x20000edc        0x4 build/obj/stm32_dma.o
 .bss.ADCD1     0x20000ee0       0x34 build/obj/adc_lld.o
                0x20000ee0                ADCD1
 .bss.I2CD1     0x20000f14       0x34 build/obj/i2c_lld.o
                0x20000f14                I2CD1
 .bss.PWMD4     0x20000f48       0x14 build/obj/pwm_lld.o
                0x20000f48                PWMD4
 .bss.USBD1     0x20000f5c       0x50 build/obj/usb_lld.o
                0x20000f5c                USBD1
 .bss.ep0_state
                0x20000fac       0x10 build/obj/usb_lld.o
 .bss.shell_terminated
                0x20000fbc        0x4 build/obj/shell.o
                0x20000fbc                shell_terminated
 .bss.SDU1      0x20000fc0       0xd4 build/obj/usb_ctrl.o
 .bss.shelltp   0x20001094        0x4 build/obj/usb_ctrl.o
                0x20001094                shelltp
 .bss.testBuffer
                0x20001098       0x10 build/obj/i2c_ctrl.o
 .bss.testCnt   0x200010a8        0x1 build/obj/i2c_ctrl.o
 *fill*         0x200010a9        0x3 00
 .bss.outs      0x200010ac        0x8 build/obj/i2c_ctrl.o
 .bss.ins       0x200010b4        0x8 build/obj/i2c_ctrl.o
 .bss.addr      0x200010bc        0x4 build/obj/i2c_ctrl.o
 .bss.mutex     0x200010c0       0x10 build/obj/led_ctrl.o
 .bss.value     0x200010d0        0x4 build/obj/led_ctrl.o
 *fill*         0x200010d4        0x4 00
 .bss.waLeds    0x200010d8      0x1b0 build/obj/led_ctrl.o
 .bss.arg.6305  0x20001288        0x4 build/obj/led_ctrl.o
                0x2000128c                . = ALIGN (0x4)
 *(COMMON)
                0x2000128c                . = ALIGN (0x4)
                0x2000128c                PROVIDE (_bss_end, .)
                0x2000128c                PROVIDE (end, .)
                0x2000128c                _end = .
                0x2000128c                __heap_base__ = _end
                0x20005000                __heap_end__ = __ram_end__
OUTPUT(build/ch.elf elf32-littlearm)

.debug_abbrev   0x00000000     0x5a73
 .debug_abbrev  0x00000000       0xd9 build/obj/crt0.o
 .debug_abbrev  0x000000d9       0x74 build/obj/vectors.o
 .debug_abbrev  0x0000014d       0x41 build/obj/chcore.o
 .debug_abbrev  0x0000018e      0x1b4 build/obj/chcore_v7m.o
 .debug_abbrev  0x00000342       0xec build/obj/nvic.o
 .debug_abbrev  0x0000042e      0x17c build/obj/chsys.o
 .debug_abbrev  0x000005aa      0x210 build/obj/chdebug.o
 .debug_abbrev  0x000007ba       0x2a build/obj/chlists.o
 .debug_abbrev  0x000007e4      0x13d build/obj/chvt.o
 .debug_abbrev  0x00000921      0x264 build/obj/chschd.o
 .debug_abbrev  0x00000b85      0x2d8 build/obj/chthreads.o
 .debug_abbrev  0x00000e5d      0x196 build/obj/chdynamic.o
 .debug_abbrev  0x00000ff3      0x125 build/obj/chregistry.o
 .debug_abbrev  0x00001118      0x265 build/obj/chsem.o
 .debug_abbrev  0x0000137d      0x226 build/obj/chmtx.o
 .debug_abbrev  0x000015a3      0x22f build/obj/chcond.o
 .debug_abbrev  0x000017d2      0x1c8 build/obj/chevents.o
 .debug_abbrev  0x0000199a      0x1ab build/obj/chmsg.o
 .debug_abbrev  0x00001b45      0x1be build/obj/chmboxes.o
 .debug_abbrev  0x00001d03      0x291 build/obj/chqueues.o
 .debug_abbrev  0x00001f94       0xee build/obj/chmemcore.o
 .debug_abbrev  0x00002082      0x1a3 build/obj/chheap.o
 .debug_abbrev  0x00002225      0x124 build/obj/chmempools.o
 .debug_abbrev  0x00002349      0x174 build/obj/hal.o
 .debug_abbrev  0x000024bd      0x204 build/obj/adc.o
 .debug_abbrev  0x000026c1       0x4f build/obj/can.o
 .debug_abbrev  0x00002710       0x4f build/obj/ext.o
 .debug_abbrev  0x0000275f       0x4f build/obj/gpt.o
 .debug_abbrev  0x000027ae      0x23e build/obj/i2c.o
 .debug_abbrev  0x000029ec       0x4f build/obj/icu.o
 .debug_abbrev  0x00002a3b       0x4f build/obj/mac.o
 .debug_abbrev  0x00002a8a       0xfc build/obj/pal.o
 .debug_abbrev  0x00002b86      0x18f build/obj/pwm.o
 .debug_abbrev  0x00002d15       0x4f build/obj/sdc.o
 .debug_abbrev  0x00002d64       0x4f build/obj/serial.o
 .debug_abbrev  0x00002db3       0x4f build/obj/spi.o
 .debug_abbrev  0x00002e02       0x4f build/obj/uart.o
 .debug_abbrev  0x00002e51      0x251 build/obj/usb.o
 .debug_abbrev  0x000030a2      0x169 build/obj/tm.o
 .debug_abbrev  0x0000320b       0x4f build/obj/mmc_spi.o
 .debug_abbrev  0x0000325a      0x348 build/obj/serial_usb.o
 .debug_abbrev  0x000035a2       0x4f build/obj/rtc.o
 .debug_abbrev  0x000035f1      0x18a build/obj/stm32_dma.o
 .debug_abbrev  0x0000377b       0xf6 build/obj/hal_lld.o
 .debug_abbrev  0x00003871      0x224 build/obj/adc_lld.o
 .debug_abbrev  0x00003a95       0x4f build/obj/can_lld.o
 .debug_abbrev  0x00003ae4       0x4f build/obj/ext_lld.o
 .debug_abbrev  0x00003b33       0x4f build/obj/gpt_lld.o
 .debug_abbrev  0x00003b82      0x344 build/obj/i2c_lld.o
 .debug_abbrev  0x00003ec6       0x4f build/obj/icu_lld.o
 .debug_abbrev  0x00003f15       0x4f build/obj/mac_lld.o
 .debug_abbrev  0x00003f64      0x20e build/obj/pwm_lld.o
 .debug_abbrev  0x00004172       0x4f build/obj/serial_lld.o
 .debug_abbrev  0x000041c1       0x4f build/obj/sdc_lld.o
 .debug_abbrev  0x00004210       0x4f build/obj/spi_lld.o
 .debug_abbrev  0x0000425f       0x4f build/obj/uart_lld.o
 .debug_abbrev  0x000042ae      0x129 build/obj/pal_lld.o
 .debug_abbrev  0x000043d7      0x390 build/obj/usb_lld.o
 .debug_abbrev  0x00004767       0x4f build/obj/rtc_lld.o
 .debug_abbrev  0x000047b6       0xa9 build/obj/board.o
 .debug_abbrev  0x0000485f      0x151 build/obj/evtimer.o
 .debug_abbrev  0x000049b0      0x1b5 build/obj/syscalls.o
 .debug_abbrev  0x00004b65      0x2f5 build/obj/shell.o
 .debug_abbrev  0x00004e5a      0x153 build/obj/chprintf.o
 .debug_abbrev  0x00004fad       0x68 build/obj/main.o
 .debug_abbrev  0x00005015      0x242 build/obj/usb_ctrl.o
 .debug_abbrev  0x00005257      0x1ee build/obj/read_ctrl.o
 .debug_abbrev  0x00005445      0x1d1 build/obj/write_ctrl.o
 .debug_abbrev  0x00005616      0x2c0 build/obj/i2c_ctrl.o
 .debug_abbrev  0x000058d6      0x19d build/obj/led_ctrl.o

.debug_info     0x00000000    0x184aa
 .debug_info    0x00000000      0x345 build/obj/crt0.o
 .debug_info    0x00000345       0xb5 build/obj/vectors.o
 .debug_info    0x000003fa       0x8b build/obj/chcore.o
 .debug_info    0x00000485      0x815 build/obj/chcore_v7m.o
 .debug_info    0x00000c9a      0x439 build/obj/nvic.o
 .debug_info    0x000010d3      0x67a build/obj/chsys.o
 .debug_info    0x0000174d      0x9a2 build/obj/chdebug.o
 .debug_info    0x000020ef       0x73 build/obj/chlists.o
 .debug_info    0x00002162      0x280 build/obj/chvt.o
 .debug_info    0x000023e2      0x7c2 build/obj/chschd.o
 .debug_info    0x00002ba4      0xba1 build/obj/chthreads.o
 .debug_info    0x00003745      0x764 build/obj/chdynamic.o
 .debug_info    0x00003ea9      0x547 build/obj/chregistry.o
 .debug_info    0x000043f0      0xa03 build/obj/chsem.o
 .debug_info    0x00004df3      0x96a build/obj/chmtx.o
 .debug_info    0x0000575d      0x8b3 build/obj/chcond.o
 .debug_info    0x00006010      0xc6b build/obj/chevents.o
 .debug_info    0x00006c7b      0x65d build/obj/chmsg.o
 .debug_info    0x000072d8      0x8a4 build/obj/chmboxes.o
 .debug_info    0x00007b7c      0xb59 build/obj/chqueues.o
 .debug_info    0x000086d5      0x1d8 build/obj/chmemcore.o
 .debug_info    0x000088ad      0x64d build/obj/chheap.o
 .debug_info    0x00008efa      0x2b2 build/obj/chmempools.o
 .debug_info    0x000091ac      0x2f6 build/obj/hal.o
 .debug_info    0x000094a2      0xcba build/obj/adc.o
 .debug_info    0x0000a15c       0x9f build/obj/can.o
 .debug_info    0x0000a1fb       0x9f build/obj/ext.o
 .debug_info    0x0000a29a       0x9f build/obj/gpt.o
 .debug_info    0x0000a339      0xc66 build/obj/i2c.o
 .debug_info    0x0000af9f       0x9f build/obj/icu.o
 .debug_info    0x0000b03e       0x9f build/obj/mac.o
 .debug_info    0x0000b0dd      0x245 build/obj/pal.o
 .debug_info    0x0000b322      0x6a6 build/obj/pwm.o
 .debug_info    0x0000b9c8       0x9f build/obj/sdc.o
 .debug_info    0x0000ba67       0x9f build/obj/serial.o
 .debug_info    0x0000bb06       0x9f build/obj/spi.o
 .debug_info    0x0000bba5       0x9f build/obj/uart.o
 .debug_info    0x0000bc44      0x9ac build/obj/usb.o
 .debug_info    0x0000c5f0      0x2a2 build/obj/tm.o
 .debug_info    0x0000c892       0x9f build/obj/mmc_spi.o
 .debug_info    0x0000c931     0x14d3 build/obj/serial_usb.o
 .debug_info    0x0000de04       0x9f build/obj/rtc.o
 .debug_info    0x0000dea3      0x647 build/obj/stm32_dma.o
 .debug_info    0x0000e4ea      0x3b2 build/obj/hal_lld.o
 .debug_info    0x0000e89c      0xc15 build/obj/adc_lld.o
 .debug_info    0x0000f4b1       0x9f build/obj/can_lld.o
 .debug_info    0x0000f550       0x9f build/obj/ext_lld.o
 .debug_info    0x0000f5ef       0x9f build/obj/gpt_lld.o
 .debug_info    0x0000f68e     0x1504 build/obj/i2c_lld.o
 .debug_info    0x00010b92       0x9f build/obj/icu_lld.o
 .debug_info    0x00010c31       0x9f build/obj/mac_lld.o
 .debug_info    0x00010cd0      0x7e3 build/obj/pwm_lld.o
 .debug_info    0x000114b3       0x9f build/obj/serial_lld.o
 .debug_info    0x00011552       0x9f build/obj/sdc_lld.o
 .debug_info    0x000115f1       0x9f build/obj/spi_lld.o
 .debug_info    0x00011690       0x9f build/obj/uart_lld.o
 .debug_info    0x0001172f      0x39a build/obj/pal_lld.o
 .debug_info    0x00011ac9      0xebe build/obj/usb_lld.o
 .debug_info    0x00012987       0x9f build/obj/rtc_lld.o
 .debug_info    0x00012a26      0x185 build/obj/board.o
 .debug_info    0x00012bab      0x5ef build/obj/evtimer.o
 .debug_info    0x0001319a      0xc31 build/obj/syscalls.o
 .debug_info    0x00013dcb      0xcdf build/obj/shell.o
 .debug_info    0x00014aaa      0x3fc build/obj/chprintf.o
 .debug_info    0x00014ea6       0xd2 build/obj/main.o
 .debug_info    0x00014f78     0x1189 build/obj/usb_ctrl.o
 .debug_info    0x00016101      0x68b build/obj/read_ctrl.o
 .debug_info    0x0001678c      0x651 build/obj/write_ctrl.o
 .debug_info    0x00016ddd     0x10e5 build/obj/i2c_ctrl.o
 .debug_info    0x00017ec2      0x5e8 build/obj/led_ctrl.o

.debug_line     0x00000000     0x9a1e
 .debug_line    0x00000000      0x173 build/obj/crt0.o
 .debug_line    0x00000173       0x69 build/obj/vectors.o
 .debug_line    0x000001dc       0x5e build/obj/chcore.o
 .debug_line    0x0000023a      0x229 build/obj/chcore_v7m.o
 .debug_line    0x00000463      0x122 build/obj/nvic.o
 .debug_line    0x00000585      0x1ca build/obj/chsys.o
 .debug_line    0x0000074f      0x34a build/obj/chdebug.o
 .debug_line    0x00000a99       0x1d build/obj/chlists.o
 .debug_line    0x00000ab6      0x1ba build/obj/chvt.o
 .debug_line    0x00000c70      0x30e build/obj/chschd.o
 .debug_line    0x00000f7e      0x3fc build/obj/chthreads.o
 .debug_line    0x0000137a      0x28b build/obj/chdynamic.o
 .debug_line    0x00001605      0x197 build/obj/chregistry.o
 .debug_line    0x0000179c      0x4ba build/obj/chsem.o
 .debug_line    0x00001c56      0x3cf build/obj/chmtx.o
 .debug_line    0x00002025      0x2f4 build/obj/chcond.o
 .debug_line    0x00002319      0x36d build/obj/chevents.o
 .debug_line    0x00002686      0x1f6 build/obj/chmsg.o
 .debug_line    0x0000287c      0x2fc build/obj/chmboxes.o
 .debug_line    0x00002b78      0x3e8 build/obj/chqueues.o
 .debug_line    0x00002f60      0x183 build/obj/chmemcore.o
 .debug_line    0x000030e3      0x2e1 build/obj/chheap.o
 .debug_line    0x000033c4      0x202 build/obj/chmempools.o
 .debug_line    0x000035c6      0x248 build/obj/hal.o
 .debug_line    0x0000380e      0x418 build/obj/adc.o
 .debug_line    0x00003c26       0xde build/obj/can.o
 .debug_line    0x00003d04       0xde build/obj/ext.o
 .debug_line    0x00003de2       0xde build/obj/gpt.o
 .debug_line    0x00003ec0      0x4b5 build/obj/i2c.o
 .debug_line    0x00004375       0xde build/obj/icu.o
 .debug_line    0x00004453       0xde build/obj/mac.o
 .debug_line    0x00004531      0x205 build/obj/pal.o
 .debug_line    0x00004736      0x26a build/obj/pwm.o
 .debug_line    0x000049a0       0xde build/obj/sdc.o
 .debug_line    0x00004a7e       0xde build/obj/serial.o
 .debug_line    0x00004b5c       0xde build/obj/spi.o
 .debug_line    0x00004c3a       0xde build/obj/uart.o
 .debug_line    0x00004d18      0x4e8 build/obj/usb.o
 .debug_line    0x00005200      0x20d build/obj/tm.o
 .debug_line    0x0000540d       0xde build/obj/mmc_spi.o
 .debug_line    0x000054eb      0x4ea build/obj/serial_usb.o
 .debug_line    0x000059d5       0xde build/obj/rtc.o
 .debug_line    0x00005ab3      0x2a8 build/obj/stm32_dma.o
 .debug_line    0x00005d5b      0x1dd build/obj/hal_lld.o
 .debug_line    0x00005f38      0x3d5 build/obj/adc_lld.o
 .debug_line    0x0000630d       0xde build/obj/can_lld.o
 .debug_line    0x000063eb       0xde build/obj/ext_lld.o
 .debug_line    0x000064c9       0xde build/obj/gpt_lld.o
 .debug_line    0x000065a7      0x6d1 build/obj/i2c_lld.o
 .debug_line    0x00006c78       0xde build/obj/icu_lld.o
 .debug_line    0x00006d56       0xde build/obj/mac_lld.o
 .debug_line    0x00006e34      0x2a6 build/obj/pwm_lld.o
 .debug_line    0x000070da       0xde build/obj/serial_lld.o
 .debug_line    0x000071b8       0xde build/obj/sdc_lld.o
 .debug_line    0x00007296       0xde build/obj/spi_lld.o
 .debug_line    0x00007374       0xde build/obj/uart_lld.o
 .debug_line    0x00007452      0x227 build/obj/pal_lld.o
 .debug_line    0x00007679      0x550 build/obj/usb_lld.o
 .debug_line    0x00007bc9       0xde build/obj/rtc_lld.o
 .debug_line    0x00007ca7      0x170 build/obj/board.o
 .debug_line    0x00007e17      0x1b8 build/obj/evtimer.o
 .debug_line    0x00007fcf      0x1f0 build/obj/syscalls.o
 .debug_line    0x000081bf      0x3b5 build/obj/shell.o
 .debug_line    0x00008574      0x33d build/obj/chprintf.o
 .debug_line    0x000088b1      0x13e build/obj/main.o
 .debug_line    0x000089ef      0x3ac build/obj/usb_ctrl.o
 .debug_line    0x00008d9b      0x2ee build/obj/read_ctrl.o
 .debug_line    0x00009089      0x29b build/obj/write_ctrl.o
 .debug_line    0x00009324      0x49b build/obj/i2c_ctrl.o
 .debug_line    0x000097bf      0x25f build/obj/led_ctrl.o

.debug_loc      0x00000000     0x9a9a
 .debug_loc     0x00000000       0x72 build/obj/crt0.o
 .debug_loc     0x00000072      0x11b build/obj/chcore_v7m.o
 .debug_loc     0x0000018d      0x10a build/obj/nvic.o
 .debug_loc     0x00000297       0xbc build/obj/chsys.o
 .debug_loc     0x00000353      0x1fa build/obj/chdebug.o
 .debug_loc     0x0000054d      0x14e build/obj/chvt.o
 .debug_loc     0x0000069b      0x28d build/obj/chschd.o
 .debug_loc     0x00000928      0x698 build/obj/chthreads.o
 .debug_loc     0x00000fc0      0x324 build/obj/chdynamic.o
 .debug_loc     0x000012e4       0xff build/obj/chregistry.o
 .debug_loc     0x000013e3      0x6a0 build/obj/chsem.o
 .debug_loc     0x00001a83      0x5d0 build/obj/chmtx.o
 .debug_loc     0x00002053      0x576 build/obj/chcond.o
 .debug_loc     0x000025c9      0x9aa build/obj/chevents.o
 .debug_loc     0x00002f73      0x1d1 build/obj/chmsg.o
 .debug_loc     0x00003144      0x615 build/obj/chmboxes.o
 .debug_loc     0x00003759      0x6f6 build/obj/chqueues.o
 .debug_loc     0x00003e4f       0xed build/obj/chmemcore.o
 .debug_loc     0x00003f3c      0x2d3 build/obj/chheap.o
 .debug_loc     0x0000420f      0x262 build/obj/chmempools.o
 .debug_loc     0x00004471       0x5c build/obj/hal.o
 .debug_loc     0x000044cd      0x482 build/obj/adc.o
 .debug_loc     0x0000494f      0x5b8 build/obj/i2c.o
 .debug_loc     0x00004f07       0xf6 build/obj/pal.o
 .debug_loc     0x00004ffd      0x2ac build/obj/pwm.o
 .debug_loc     0x000052a9      0x5d7 build/obj/usb.o
 .debug_loc     0x00005880       0x77 build/obj/tm.o
 .debug_loc     0x000058f7      0x633 build/obj/serial_usb.o
 .debug_loc     0x00005f2a      0x2ae build/obj/stm32_dma.o
 .debug_loc     0x000061d8       0x20 build/obj/hal_lld.o
 .debug_loc     0x000061f8      0x321 build/obj/adc_lld.o
 .debug_loc     0x00006519      0xbec build/obj/i2c_lld.o
 .debug_loc     0x00007105      0x241 build/obj/pwm_lld.o
 .debug_loc     0x00007346      0x511 build/obj/pal_lld.o
 .debug_loc     0x00007857      0x8a5 build/obj/usb_lld.o
 .debug_loc     0x000080fc      0x12f build/obj/evtimer.o
 .debug_loc     0x0000822b      0x15b build/obj/syscalls.o
 .debug_loc     0x00008386      0x6e5 build/obj/shell.o
 .debug_loc     0x00008a6b      0x779 build/obj/chprintf.o
 .debug_loc     0x000091e4       0x20 build/obj/main.o
 .debug_loc     0x00009204      0x1af build/obj/usb_ctrl.o
 .debug_loc     0x000093b3       0x7f build/obj/read_ctrl.o
 .debug_loc     0x00009432       0x9d build/obj/write_ctrl.o
 .debug_loc     0x000094cf      0x52e build/obj/i2c_ctrl.o
 .debug_loc     0x000099fd       0x9d build/obj/led_ctrl.o

.debug_pubnames
                0x00000000     0x199a
 .debug_pubnames
                0x00000000       0x56 build/obj/crt0.o
 .debug_pubnames
                0x00000056       0x38 build/obj/vectors.o
 .debug_pubnames
                0x0000008e       0x20 build/obj/chcore.o
 .debug_pubnames
                0x000000ae       0x9d build/obj/chcore_v7m.o
 .debug_pubnames
                0x0000014b       0x5e build/obj/nvic.o
 .debug_pubnames
                0x000001a9       0x5c build/obj/chsys.o
 .debug_pubnames
                0x00000205      0x184 build/obj/chdebug.o
 .debug_pubnames
                0x00000389       0x59 build/obj/chvt.o
 .debug_pubnames
                0x000003e2       0xa7 build/obj/chschd.o
 .debug_pubnames
                0x00000489       0xf3 build/obj/chthreads.o
 .debug_pubnames
                0x0000057c       0x69 build/obj/chdynamic.o
 .debug_pubnames
                0x000005e5       0x3b build/obj/chregistry.o
 .debug_pubnames
                0x00000620       0xd1 build/obj/chsem.o
 .debug_pubnames
                0x000006f1       0x94 build/obj/chmtx.o
 .debug_pubnames
                0x00000785       0xb9 build/obj/chcond.o
 .debug_pubnames
                0x0000083e      0x14b build/obj/chevents.o
 .debug_pubnames
                0x00000989       0x3f build/obj/chmsg.o
 .debug_pubnames
                0x000009c8       0xba build/obj/chmboxes.o
 .debug_pubnames
                0x00000a82       0xb3 build/obj/chqueues.o
 .debug_pubnames
                0x00000b35       0x53 build/obj/chmemcore.o
 .debug_pubnames
                0x00000b88       0x60 build/obj/chheap.o
 .debug_pubnames
                0x00000be8       0x61 build/obj/chmempools.o
 .debug_pubnames
                0x00000c49       0x48 build/obj/hal.o
 .debug_pubnames
                0x00000c91       0xd8 build/obj/adc.o
 .debug_pubnames
                0x00000d69       0xee build/obj/i2c.o
 .debug_pubnames
                0x00000e57       0x43 build/obj/pal.o
 .debug_pubnames
                0x00000e9a       0x88 build/obj/pwm.o
 .debug_pubnames
                0x00000f22      0x10d build/obj/usb.o
 .debug_pubnames
                0x0000102f       0x2e build/obj/tm.o
 .debug_pubnames
                0x0000105d       0xa4 build/obj/serial_usb.o
 .debug_pubnames
                0x00001101       0xbb build/obj/stm32_dma.o
 .debug_pubnames
                0x000011bc       0x38 build/obj/hal_lld.o
 .debug_pubnames
                0x000011f4       0x89 build/obj/adc_lld.o
 .debug_pubnames
                0x0000127d       0xf6 build/obj/i2c_lld.o
 .debug_pubnames
                0x00001373       0x94 build/obj/pwm_lld.o
 .debug_pubnames
                0x00001407       0x3e build/obj/pal_lld.o
 .debug_pubnames
                0x00001445      0x211 build/obj/usb_lld.o
 .debug_pubnames
                0x00001656       0x48 build/obj/board.o
 .debug_pubnames
                0x0000169e       0x2b build/obj/evtimer.o
 .debug_pubnames
                0x000016c9       0x6c build/obj/syscalls.o
 .debug_pubnames
                0x00001735       0x6c build/obj/shell.o
 .debug_pubnames
                0x000017a1       0x1f build/obj/chprintf.o
 .debug_pubnames
                0x000017c0       0x1b build/obj/main.o
 .debug_pubnames
                0x000017db       0x56 build/obj/usb_ctrl.o
 .debug_pubnames
                0x00001831       0x2d build/obj/read_ctrl.o
 .debug_pubnames
                0x0000185e       0x2a build/obj/write_ctrl.o
 .debug_pubnames
                0x00001888       0xe8 build/obj/i2c_ctrl.o
 .debug_pubnames
                0x00001970       0x2a build/obj/led_ctrl.o

.debug_pubtypes
                0x00000000     0x3f6b
 .debug_pubtypes
                0x00000000       0x44 build/obj/crt0.o
 .debug_pubtypes
                0x00000044       0x12 build/obj/vectors.o
 .debug_pubtypes
                0x00000056       0x12 build/obj/chcore.o
 .debug_pubtypes
                0x00000068      0x14a build/obj/chcore_v7m.o
 .debug_pubtypes
                0x000001b2       0x38 build/obj/nvic.o
 .debug_pubtypes
                0x000001ea      0x179 build/obj/chsys.o
 .debug_pubtypes
                0x00000363      0x196 build/obj/chdebug.o
 .debug_pubtypes
                0x000004f9       0x12 build/obj/chlists.o
 .debug_pubtypes
                0x0000050b       0x7e build/obj/chvt.o
 .debug_pubtypes
                0x00000589      0x17e build/obj/chschd.o
 .debug_pubtypes
                0x00000707      0x184 build/obj/chthreads.o
 .debug_pubtypes
                0x0000088b      0x191 build/obj/chdynamic.o
 .debug_pubtypes
                0x00000a1c      0x133 build/obj/chregistry.o
 .debug_pubtypes
                0x00000b4f      0x14f build/obj/chsem.o
 .debug_pubtypes
                0x00000c9e      0x13e build/obj/chmtx.o
 .debug_pubtypes
                0x00000ddc      0x14b build/obj/chcond.o
 .debug_pubtypes
                0x00000f27      0x195 build/obj/chevents.o
 .debug_pubtypes
                0x000010bc      0x133 build/obj/chmsg.o
 .debug_pubtypes
                0x000011ef      0x14d build/obj/chmboxes.o
 .debug_pubtypes
                0x0000133c      0x198 build/obj/chqueues.o
 .debug_pubtypes
                0x000014d4       0x36 build/obj/chmemcore.o
 .debug_pubtypes
                0x0000150a      0x166 build/obj/chheap.o
 .debug_pubtypes
                0x00001670       0x5a build/obj/chmempools.o
 .debug_pubtypes
                0x000016ca       0x76 build/obj/hal.o
 .debug_pubtypes
                0x00001740      0x244 build/obj/adc.o
 .debug_pubtypes
                0x00001984       0x1e build/obj/can.o
 .debug_pubtypes
                0x000019a2       0x1e build/obj/ext.o
 .debug_pubtypes
                0x000019c0       0x1e build/obj/gpt.o
 .debug_pubtypes
                0x000019de      0x1eb build/obj/i2c.o
 .debug_pubtypes
                0x00001bc9       0x1e build/obj/icu.o
 .debug_pubtypes
                0x00001be7       0x1e build/obj/mac.o
 .debug_pubtypes
                0x00001c05       0x84 build/obj/pal.o
 .debug_pubtypes
                0x00001c89       0xe0 build/obj/pwm.o
 .debug_pubtypes
                0x00001d69       0x1e build/obj/sdc.o
 .debug_pubtypes
                0x00001d87       0x1e build/obj/serial.o
 .debug_pubtypes
                0x00001da5       0x1e build/obj/spi.o
 .debug_pubtypes
                0x00001dc3       0x1e build/obj/uart.o
 .debug_pubtypes
                0x00001de1      0x179 build/obj/usb.o
 .debug_pubtypes
                0x00001f5a       0x6e build/obj/tm.o
 .debug_pubtypes
                0x00001fc8       0x1e build/obj/mmc_spi.o
 .debug_pubtypes
                0x00001fe6      0x3c2 build/obj/serial_usb.o
 .debug_pubtypes
                0x000023a8       0x1e build/obj/rtc.o
 .debug_pubtypes
                0x000023c6       0xce build/obj/stm32_dma.o
 .debug_pubtypes
                0x00002494       0x93 build/obj/hal_lld.o
 .debug_pubtypes
                0x00002527      0x24f build/obj/adc_lld.o
 .debug_pubtypes
                0x00002776       0x1e build/obj/can_lld.o
 .debug_pubtypes
                0x00002794       0x1e build/obj/ext_lld.o
 .debug_pubtypes
                0x000027b2       0x1e build/obj/gpt_lld.o
 .debug_pubtypes
                0x000027d0      0x269 build/obj/i2c_lld.o
 .debug_pubtypes
                0x00002a39       0x1e build/obj/icu_lld.o
 .debug_pubtypes
                0x00002a57       0x1e build/obj/mac_lld.o
 .debug_pubtypes
                0x00002a75       0xf9 build/obj/pwm_lld.o
 .debug_pubtypes
                0x00002b6e       0x1e build/obj/serial_lld.o
 .debug_pubtypes
                0x00002b8c       0x1e build/obj/sdc_lld.o
 .debug_pubtypes
                0x00002baa       0x1e build/obj/spi_lld.o
 .debug_pubtypes
                0x00002bc8       0x1e build/obj/uart_lld.o
 .debug_pubtypes
                0x00002be6       0xaa build/obj/pal_lld.o
 .debug_pubtypes
                0x00002c90      0x1c6 build/obj/usb_lld.o
 .debug_pubtypes
                0x00002e56       0x1e build/obj/rtc_lld.o
 .debug_pubtypes
                0x00002e74       0x50 build/obj/board.o
 .debug_pubtypes
                0x00002ec4      0x19a build/obj/evtimer.o
 .debug_pubtypes
                0x0000305e      0x19b build/obj/syscalls.o
 .debug_pubtypes
                0x000031f9      0x21a build/obj/shell.o
 .debug_pubtypes
                0x00003413       0xb5 build/obj/chprintf.o
 .debug_pubtypes
                0x000034c8       0x39 build/obj/main.o
 .debug_pubtypes
                0x00003501      0x3e7 build/obj/usb_ctrl.o
 .debug_pubtypes
                0x000038e8      0x16e build/obj/read_ctrl.o
 .debug_pubtypes
                0x00003a56      0x161 build/obj/write_ctrl.o
 .debug_pubtypes
                0x00003bb7      0x25f build/obj/i2c_ctrl.o
 .debug_pubtypes
                0x00003e16      0x155 build/obj/led_ctrl.o

.debug_aranges  0x00000000      0xef0
 .debug_aranges
                0x00000000       0x38 build/obj/crt0.o
 .debug_aranges
                0x00000038       0x20 build/obj/vectors.o
 .debug_aranges
                0x00000058       0x20 build/obj/chcore.o
 .debug_aranges
                0x00000078       0x50 build/obj/chcore_v7m.o
 .debug_aranges
                0x000000c8       0x30 build/obj/nvic.o
 .debug_aranges
                0x000000f8       0x30 build/obj/chsys.o
 .debug_aranges
                0x00000128       0x88 build/obj/chdebug.o
 .debug_aranges
                0x000001b0       0x38 build/obj/chvt.o
 .debug_aranges
                0x000001e8       0x58 build/obj/chschd.o
 .debug_aranges
                0x00000240       0x80 build/obj/chthreads.o
 .debug_aranges
                0x000002c0       0x38 build/obj/chdynamic.o
 .debug_aranges
                0x000002f8       0x28 build/obj/chregistry.o
 .debug_aranges
                0x00000320       0x70 build/obj/chsem.o
 .debug_aranges
                0x00000390       0x58 build/obj/chmtx.o
 .debug_aranges
                0x000003e8       0x60 build/obj/chcond.o
 .debug_aranges
                0x00000448       0x90 build/obj/chevents.o
 .debug_aranges
                0x000004d8       0x30 build/obj/chmsg.o
 .debug_aranges
                0x00000508       0x70 build/obj/chmboxes.o
 .debug_aranges
                0x00000578       0x70 build/obj/chqueues.o
 .debug_aranges
                0x000005e8       0x38 build/obj/chmemcore.o
 .debug_aranges
                0x00000620       0x40 build/obj/chheap.o
 .debug_aranges
                0x00000660       0x40 build/obj/chmempools.o
 .debug_aranges
                0x000006a0       0x30 build/obj/hal.o
 .debug_aranges
                0x000006d0       0x70 build/obj/adc.o
 .debug_aranges
                0x00000740       0x70 build/obj/i2c.o
 .debug_aranges
                0x000007b0       0x30 build/obj/pal.o
 .debug_aranges
                0x000007e0       0x50 build/obj/pwm.o
 .debug_aranges
                0x00000830       0x90 build/obj/usb.o
 .debug_aranges
                0x000008c0       0x38 build/obj/tm.o
 .debug_aranges
                0x000008f8       0xb0 build/obj/serial_usb.o
 .debug_aranges
                0x000009a8       0x68 build/obj/stm32_dma.o
 .debug_aranges
                0x00000a10       0x28 build/obj/hal_lld.o
 .debug_aranges
                0x00000a38       0x48 build/obj/adc_lld.o
 .debug_aranges
                0x00000a80       0x80 build/obj/i2c_lld.o
 .debug_aranges
                0x00000b00       0x48 build/obj/pwm_lld.o
 .debug_aranges
                0x00000b48       0x28 build/obj/pal_lld.o
 .debug_aranges
                0x00000b70       0xc8 build/obj/usb_lld.o
 .debug_aranges
                0x00000c38       0x28 build/obj/board.o
 .debug_aranges
                0x00000c60       0x30 build/obj/evtimer.o
 .debug_aranges
                0x00000c90       0x50 build/obj/syscalls.o
 .debug_aranges
                0x00000ce0       0x68 build/obj/shell.o
 .debug_aranges
                0x00000d48       0x28 build/obj/chprintf.o
 .debug_aranges
                0x00000d70       0x20 build/obj/main.o
 .debug_aranges
                0x00000d90       0x48 build/obj/usb_ctrl.o
 .debug_aranges
                0x00000dd8       0x30 build/obj/read_ctrl.o
 .debug_aranges
                0x00000e08       0x30 build/obj/write_ctrl.o
 .debug_aranges
                0x00000e38       0x88 build/obj/i2c_ctrl.o
 .debug_aranges
                0x00000ec0       0x30 build/obj/led_ctrl.o

.debug_ranges   0x00000000     0x1c10
 .debug_ranges  0x00000000       0x58 build/obj/crt0.o
 .debug_ranges  0x00000058       0x10 build/obj/vectors.o
 .debug_ranges  0x00000068       0x10 build/obj/chcore.o
 .debug_ranges  0x00000078       0x58 build/obj/chcore_v7m.o
 .debug_ranges  0x000000d0       0x20 build/obj/nvic.o
 .debug_ranges  0x000000f0       0x20 build/obj/chsys.o
 .debug_ranges  0x00000110       0xf0 build/obj/chdebug.o
 .debug_ranges  0x00000200       0x28 build/obj/chvt.o
 .debug_ranges  0x00000228      0x158 build/obj/chschd.o
 .debug_ranges  0x00000380      0x130 build/obj/chthreads.o
 .debug_ranges  0x000004b0       0x70 build/obj/chdynamic.o
 .debug_ranges  0x00000520       0x18 build/obj/chregistry.o
 .debug_ranges  0x00000538      0x268 build/obj/chsem.o
 .debug_ranges  0x000007a0      0x2c0 build/obj/chmtx.o
 .debug_ranges  0x00000a60      0x120 build/obj/chcond.o
 .debug_ranges  0x00000b80       0xb0 build/obj/chevents.o
 .debug_ranges  0x00000c30       0x70 build/obj/chmsg.o
 .debug_ranges  0x00000ca0       0xa8 build/obj/chmboxes.o
 .debug_ranges  0x00000d48       0xa8 build/obj/chqueues.o
 .debug_ranges  0x00000df0       0x40 build/obj/chmemcore.o
 .debug_ranges  0x00000e30       0x30 build/obj/chheap.o
 .debug_ranges  0x00000e60       0x48 build/obj/chmempools.o
 .debug_ranges  0x00000ea8       0x20 build/obj/hal.o
 .debug_ranges  0x00000ec8       0x78 build/obj/adc.o
 .debug_ranges  0x00000f40       0x60 build/obj/i2c.o
 .debug_ranges  0x00000fa0       0x20 build/obj/pal.o
 .debug_ranges  0x00000fc0       0x40 build/obj/pwm.o
 .debug_ranges  0x00001000       0xb0 build/obj/usb.o
 .debug_ranges  0x000010b0       0x50 build/obj/tm.o
 .debug_ranges  0x00001100      0x130 build/obj/serial_usb.o
 .debug_ranges  0x00001230       0x58 build/obj/stm32_dma.o
 .debug_ranges  0x00001288       0x30 build/obj/hal_lld.o
 .debug_ranges  0x000012b8       0x70 build/obj/adc_lld.o
 .debug_ranges  0x00001328      0x310 build/obj/i2c_lld.o
 .debug_ranges  0x00001638       0x78 build/obj/pwm_lld.o
 .debug_ranges  0x000016b0       0x18 build/obj/pal_lld.o
 .debug_ranges  0x000016c8      0x1a8 build/obj/usb_lld.o
 .debug_ranges  0x00001870       0x18 build/obj/board.o
 .debug_ranges  0x00001888       0x68 build/obj/evtimer.o
 .debug_ranges  0x000018f0       0x40 build/obj/syscalls.o
 .debug_ranges  0x00001930       0xa8 build/obj/shell.o
 .debug_ranges  0x000019d8       0x18 build/obj/chprintf.o
 .debug_ranges  0x000019f0       0x10 build/obj/main.o
 .debug_ranges  0x00001a00       0x38 build/obj/usb_ctrl.o
 .debug_ranges  0x00001a38       0x78 build/obj/read_ctrl.o
 .debug_ranges  0x00001ab0       0x50 build/obj/write_ctrl.o
 .debug_ranges  0x00001b00       0xd8 build/obj/i2c_ctrl.o
 .debug_ranges  0x00001bd8       0x38 build/obj/led_ctrl.o

.debug_str      0x00000000     0x3bb2
 .debug_str     0x00000000      0x1ca build/obj/crt0.o
                                0x209 (size before relaxing)
 .debug_str     0x000001ca       0x57 build/obj/vectors.o
                                0x117 (size before relaxing)
 .debug_str     0x00000221       0x38 build/obj/chcore.o
                                 0xf8 (size before relaxing)
 .debug_str     0x00000259      0x2aa build/obj/chcore_v7m.o
                                0x39e (size before relaxing)
 .debug_str     0x00000503       0xbe build/obj/nvic.o
                                0x1ef (size before relaxing)
 .debug_str     0x000005c1       0xdd build/obj/chsys.o
                                0x36f (size before relaxing)
 .debug_str     0x0000069e      0x1ae build/obj/chdebug.o
                                0x48e (size before relaxing)
 .debug_str     0x0000084c       0x29 build/obj/chlists.o
                                 0xe9 (size before relaxing)
 .debug_str     0x00000875       0x60 build/obj/chvt.o
                                0x19c (size before relaxing)
 .debug_str     0x000008d5       0xd3 build/obj/chschd.o
                                0x39f (size before relaxing)
 .debug_str     0x000009a8      0x113 build/obj/chthreads.o
                                0x40a (size before relaxing)
 .debug_str     0x00000abb       0xf7 build/obj/chdynamic.o
                                0x36b (size before relaxing)
 .debug_str     0x00000bb2       0x4d build/obj/chregistry.o
                                0x2d7 (size before relaxing)
 .debug_str     0x00000bff       0xd3 build/obj/chsem.o
                                0x386 (size before relaxing)
 .debug_str     0x00000cd2       0x95 build/obj/chmtx.o
                                0x342 (size before relaxing)
 .debug_str     0x00000d67       0xbb build/obj/chcond.o
                                0x362 (size before relaxing)
 .debug_str     0x00000e22      0x184 build/obj/chevents.o
                                0x418 (size before relaxing)
 .debug_str     0x00000fa6       0x48 build/obj/chmsg.o
                                0x2eb (size before relaxing)
 .debug_str     0x00000fee       0xed build/obj/chmboxes.o
                                0x34b (size before relaxing)
 .debug_str     0x000010db      0x11d build/obj/chqueues.o
                                0x3d8 (size before relaxing)
 .debug_str     0x000011f8       0x86 build/obj/chmemcore.o
                                0x163 (size before relaxing)
 .debug_str     0x0000127e       0x75 build/obj/chheap.o
                                0x31a (size before relaxing)
 .debug_str     0x000012f3       0x67 build/obj/chmempools.o
                                0x199 (size before relaxing)
 .debug_str     0x0000135a       0xfc build/obj/hal.o
                                0x1e2 (size before relaxing)
 .debug_str     0x00001456      0x2b5 build/obj/adc.o
                                0x576 (size before relaxing)
 .debug_str     0x0000170b       0x22 build/obj/can.o
                                 0xf7 (size before relaxing)
 .debug_str     0x0000172d       0x22 build/obj/ext.o
                                 0xf7 (size before relaxing)
 .debug_str     0x0000174f       0x22 build/obj/gpt.o
                                 0xf7 (size before relaxing)
 .debug_str     0x00001771      0x296 build/obj/i2c.o
                                0x579 (size before relaxing)
 .debug_str     0x00001a07       0x22 build/obj/icu.o
                                 0xf7 (size before relaxing)
 .debug_str     0x00001a29       0x22 build/obj/mac.o
                                 0xf7 (size before relaxing)
 .debug_str     0x00001a4b       0x9e build/obj/pal.o
                                0x18d (size before relaxing)
 .debug_str     0x00001ae9      0x1cb build/obj/pwm.o
                                0x2e3 (size before relaxing)
 .debug_str     0x00001cb4       0x22 build/obj/sdc.o
                                 0xf7 (size before relaxing)
 .debug_str     0x00001cd6       0x25 build/obj/serial.o
                                 0xfa (size before relaxing)
 .debug_str     0x00001cfb       0x22 build/obj/spi.o
                                 0xf7 (size before relaxing)
 .debug_str     0x00001d1d       0x23 build/obj/uart.o
                                 0xf8 (size before relaxing)
 .debug_str     0x00001d40      0x41b build/obj/usb.o
                                0x56c (size before relaxing)
 .debug_str     0x0000215b       0x74 build/obj/tm.o
                                0x1ac (size before relaxing)
 .debug_str     0x000021cf       0x26 build/obj/mmc_spi.o
                                 0xfb (size before relaxing)
 .debug_str     0x000021f5      0x201 build/obj/serial_usb.o
                                0x848 (size before relaxing)
 .debug_str     0x000023f6       0x22 build/obj/rtc.o
                                 0xf7 (size before relaxing)
 .debug_str     0x00002418      0x427 build/obj/stm32_dma.o
                                0x596 (size before relaxing)
 .debug_str     0x0000283f       0xd7 build/obj/hal_lld.o
                                0x241 (size before relaxing)
 .debug_str     0x00002916       0xc0 build/obj/adc_lld.o
                                0x597 (size before relaxing)
 .debug_str     0x000029d6       0x32 build/obj/can_lld.o
                                0x107 (size before relaxing)
 .debug_str     0x00002a08       0x32 build/obj/ext_lld.o
                                0x107 (size before relaxing)
 .debug_str     0x00002a3a       0x32 build/obj/gpt_lld.o
                                0x107 (size before relaxing)
 .debug_str     0x00002a6c      0x1ef build/obj/i2c_lld.o
                                0xa6a (size before relaxing)
 .debug_str     0x00002c5b       0x32 build/obj/icu_lld.o
                                0x107 (size before relaxing)
 .debug_str     0x00002c8d       0x32 build/obj/mac_lld.o
                                0x107 (size before relaxing)
 .debug_str     0x00002cbf       0xb2 build/obj/pwm_lld.o
                                0x625 (size before relaxing)
 .debug_str     0x00002d71       0x35 build/obj/serial_lld.o
                                0x10a (size before relaxing)
 .debug_str     0x00002da6       0x32 build/obj/sdc_lld.o
                                0x107 (size before relaxing)
 .debug_str     0x00002dd8       0x32 build/obj/spi_lld.o
                                0x107 (size before relaxing)
 .debug_str     0x00002e0a       0x33 build/obj/uart_lld.o
                                0x108 (size before relaxing)
 .debug_str     0x00002e3d       0x69 build/obj/pal_lld.o
                                0x217 (size before relaxing)
 .debug_str     0x00002ea6      0x299 build/obj/usb_lld.o
                                0x72b (size before relaxing)
 .debug_str     0x0000313f       0x38 build/obj/rtc_lld.o
                                0x10d (size before relaxing)
 .debug_str     0x00003177       0x3c build/obj/board.o
                                0x17a (size before relaxing)
 .debug_str     0x000031b3       0x5d build/obj/evtimer.o
                                0x313 (size before relaxing)
 .debug_str     0x00003210      0x4a1 build/obj/syscalls.o
                                0x5d2 (size before relaxing)
 .debug_str     0x000036b1      0x151 build/obj/shell.o
                                0x4d2 (size before relaxing)
 .debug_str     0x00003802       0x94 build/obj/chprintf.o
                                0x1e8 (size before relaxing)
 .debug_str     0x00003896       0x12 build/obj/main.o
                                 0xfa (size before relaxing)
 .debug_str     0x000038a8      0x159 build/obj/usb_ctrl.o
                                0x8f5 (size before relaxing)
 .debug_str     0x00003a01       0x3e build/obj/read_ctrl.o
                                0x322 (size before relaxing)
 .debug_str     0x00003a3f       0x52 build/obj/write_ctrl.o
                                0x328 (size before relaxing)
 .debug_str     0x00003a91       0xee build/obj/i2c_ctrl.o
                                0x661 (size before relaxing)
 .debug_str     0x00003b7f       0x33 build/obj/led_ctrl.o
                                0x2fa (size before relaxing)

.comment        0x00000000       0x2a
 .comment       0x00000000       0x2a build/obj/crt0.o
                                 0x2b (size before relaxing)
 .comment       0x00000000       0x2b build/obj/vectors.o
 .comment       0x00000000       0x2b build/obj/chcore.o
 .comment       0x00000000       0x2b build/obj/chcore_v7m.o
 .comment       0x00000000       0x2b build/obj/nvic.o
 .comment       0x00000000       0x2b build/obj/chsys.o
 .comment       0x00000000       0x2b build/obj/chdebug.o
 .comment       0x00000000       0x2b build/obj/chlists.o
 .comment       0x00000000       0x2b build/obj/chvt.o
 .comment       0x00000000       0x2b build/obj/chschd.o
 .comment       0x00000000       0x2b build/obj/chthreads.o
 .comment       0x00000000       0x2b build/obj/chdynamic.o
 .comment       0x00000000       0x2b build/obj/chregistry.o
 .comment       0x00000000       0x2b build/obj/chsem.o
 .comment       0x00000000       0x2b build/obj/chmtx.o
 .comment       0x00000000       0x2b build/obj/chcond.o
 .comment       0x00000000       0x2b build/obj/chevents.o
 .comment       0x00000000       0x2b build/obj/chmsg.o
 .comment       0x00000000       0x2b build/obj/chmboxes.o
 .comment       0x00000000       0x2b build/obj/chqueues.o
 .comment       0x00000000       0x2b build/obj/chmemcore.o
 .comment       0x00000000       0x2b build/obj/chheap.o
 .comment       0x00000000       0x2b build/obj/chmempools.o
 .comment       0x00000000       0x2b build/obj/hal.o
 .comment       0x00000000       0x2b build/obj/adc.o
 .comment       0x00000000       0x2b build/obj/can.o
 .comment       0x00000000       0x2b build/obj/ext.o
 .comment       0x00000000       0x2b build/obj/gpt.o
 .comment       0x00000000       0x2b build/obj/i2c.o
 .comment       0x00000000       0x2b build/obj/icu.o
 .comment       0x00000000       0x2b build/obj/mac.o
 .comment       0x00000000       0x2b build/obj/pal.o
 .comment       0x00000000       0x2b build/obj/pwm.o
 .comment       0x00000000       0x2b build/obj/sdc.o
 .comment       0x00000000       0x2b build/obj/serial.o
 .comment       0x00000000       0x2b build/obj/spi.o
 .comment       0x00000000       0x2b build/obj/uart.o
 .comment       0x00000000       0x2b build/obj/usb.o
 .comment       0x00000000       0x2b build/obj/tm.o
 .comment       0x00000000       0x2b build/obj/mmc_spi.o
 .comment       0x00000000       0x2b build/obj/serial_usb.o
 .comment       0x00000000       0x2b build/obj/rtc.o
 .comment       0x00000000       0x2b build/obj/stm32_dma.o
 .comment       0x00000000       0x2b build/obj/hal_lld.o
 .comment       0x00000000       0x2b build/obj/adc_lld.o
 .comment       0x00000000       0x2b build/obj/can_lld.o
 .comment       0x00000000       0x2b build/obj/ext_lld.o
 .comment       0x00000000       0x2b build/obj/gpt_lld.o
 .comment       0x00000000       0x2b build/obj/i2c_lld.o
 .comment       0x00000000       0x2b build/obj/icu_lld.o
 .comment       0x00000000       0x2b build/obj/mac_lld.o
 .comment       0x00000000       0x2b build/obj/pwm_lld.o
 .comment       0x00000000       0x2b build/obj/serial_lld.o
 .comment       0x00000000       0x2b build/obj/sdc_lld.o
 .comment       0x00000000       0x2b build/obj/spi_lld.o
 .comment       0x00000000       0x2b build/obj/uart_lld.o
 .comment       0x00000000       0x2b build/obj/pal_lld.o
 .comment       0x00000000       0x2b build/obj/usb_lld.o
 .comment       0x00000000       0x2b build/obj/rtc_lld.o
 .comment       0x00000000       0x2b build/obj/board.o
 .comment       0x00000000       0x2b build/obj/evtimer.o
 .comment       0x00000000       0x2b build/obj/syscalls.o
 .comment       0x00000000       0x2b build/obj/shell.o
 .comment       0x00000000       0x2b build/obj/chprintf.o
 .comment       0x00000000       0x2b build/obj/main.o
 .comment       0x00000000       0x2b build/obj/usb_ctrl.o
 .comment       0x00000000       0x2b build/obj/read_ctrl.o
 .comment       0x00000000       0x2b build/obj/write_ctrl.o
 .comment       0x00000000       0x2b build/obj/i2c_ctrl.o
 .comment       0x00000000       0x2b build/obj/led_ctrl.o

.ARM.attributes
                0x00000000       0x31
 .ARM.attributes
                0x00000000       0x31 build/obj/crt0.o
 .ARM.attributes
                0x00000031       0x31 build/obj/vectors.o
 .ARM.attributes
                0x00000062       0x31 build/obj/chcore.o
 .ARM.attributes
                0x00000093       0x31 build/obj/chcore_v7m.o
 .ARM.attributes
                0x000000c4       0x31 build/obj/nvic.o
 .ARM.attributes
                0x000000f5       0x31 build/obj/chsys.o
 .ARM.attributes
                0x00000126       0x31 build/obj/chdebug.o
 .ARM.attributes
                0x00000157       0x31 build/obj/chlists.o
 .ARM.attributes
                0x00000188       0x31 build/obj/chvt.o
 .ARM.attributes
                0x000001b9       0x31 build/obj/chschd.o
 .ARM.attributes
                0x000001ea       0x31 build/obj/chthreads.o
 .ARM.attributes
                0x0000021b       0x31 build/obj/chdynamic.o
 .ARM.attributes
                0x0000024c       0x31 build/obj/chregistry.o
 .ARM.attributes
                0x0000027d       0x31 build/obj/chsem.o
 .ARM.attributes
                0x000002ae       0x31 build/obj/chmtx.o
 .ARM.attributes
                0x000002df       0x31 build/obj/chcond.o
 .ARM.attributes
                0x00000310       0x31 build/obj/chevents.o
 .ARM.attributes
                0x00000341       0x31 build/obj/chmsg.o
 .ARM.attributes
                0x00000372       0x31 build/obj/chmboxes.o
 .ARM.attributes
                0x000003a3       0x31 build/obj/chqueues.o
 .ARM.attributes
                0x000003d4       0x31 build/obj/chmemcore.o
 .ARM.attributes
                0x00000405       0x31 build/obj/chheap.o
 .ARM.attributes
                0x00000436       0x31 build/obj/chmempools.o
 .ARM.attributes
                0x00000467       0x31 build/obj/hal.o
 .ARM.attributes
                0x00000498       0x31 build/obj/adc.o
 .ARM.attributes
                0x000004c9       0x31 build/obj/can.o
 .ARM.attributes
                0x000004fa       0x31 build/obj/ext.o
 .ARM.attributes
                0x0000052b       0x31 build/obj/gpt.o
 .ARM.attributes
                0x0000055c       0x31 build/obj/i2c.o
 .ARM.attributes
                0x0000058d       0x31 build/obj/icu.o
 .ARM.attributes
                0x000005be       0x31 build/obj/mac.o
 .ARM.attributes
                0x000005ef       0x31 build/obj/pal.o
 .ARM.attributes
                0x00000620       0x31 build/obj/pwm.o
 .ARM.attributes
                0x00000651       0x31 build/obj/sdc.o
 .ARM.attributes
                0x00000682       0x31 build/obj/serial.o
 .ARM.attributes
                0x000006b3       0x31 build/obj/spi.o
 .ARM.attributes
                0x000006e4       0x31 build/obj/uart.o
 .ARM.attributes
                0x00000715       0x31 build/obj/usb.o
 .ARM.attributes
                0x00000746       0x31 build/obj/tm.o
 .ARM.attributes
                0x00000777       0x31 build/obj/mmc_spi.o
 .ARM.attributes
                0x000007a8       0x31 build/obj/serial_usb.o
 .ARM.attributes
                0x000007d9       0x31 build/obj/rtc.o
 .ARM.attributes
                0x0000080a       0x31 build/obj/stm32_dma.o
 .ARM.attributes
                0x0000083b       0x31 build/obj/hal_lld.o
 .ARM.attributes
                0x0000086c       0x31 build/obj/adc_lld.o
 .ARM.attributes
                0x0000089d       0x31 build/obj/can_lld.o
 .ARM.attributes
                0x000008ce       0x31 build/obj/ext_lld.o
 .ARM.attributes
                0x000008ff       0x31 build/obj/gpt_lld.o
 .ARM.attributes
                0x00000930       0x31 build/obj/i2c_lld.o
 .ARM.attributes
                0x00000961       0x31 build/obj/icu_lld.o
 .ARM.attributes
                0x00000992       0x31 build/obj/mac_lld.o
 .ARM.attributes
                0x000009c3       0x31 build/obj/pwm_lld.o
 .ARM.attributes
                0x000009f4       0x31 build/obj/serial_lld.o
 .ARM.attributes
                0x00000a25       0x31 build/obj/sdc_lld.o
 .ARM.attributes
                0x00000a56       0x31 build/obj/spi_lld.o
 .ARM.attributes
                0x00000a87       0x31 build/obj/uart_lld.o
 .ARM.attributes
                0x00000ab8       0x31 build/obj/pal_lld.o
 .ARM.attributes
                0x00000ae9       0x31 build/obj/usb_lld.o
 .ARM.attributes
                0x00000b1a       0x31 build/obj/rtc_lld.o
 .ARM.attributes
                0x00000b4b       0x31 build/obj/board.o
 .ARM.attributes
                0x00000b7c       0x31 build/obj/evtimer.o
 .ARM.attributes
                0x00000bad       0x31 build/obj/syscalls.o
 .ARM.attributes
                0x00000bde       0x31 build/obj/shell.o
 .ARM.attributes
                0x00000c0f       0x31 build/obj/chprintf.o
 .ARM.attributes
                0x00000c40       0x31 build/obj/main.o
 .ARM.attributes
                0x00000c71       0x31 build/obj/usb_ctrl.o
 .ARM.attributes
                0x00000ca2       0x31 build/obj/read_ctrl.o
 .ARM.attributes
                0x00000cd3       0x31 build/obj/write_ctrl.o
 .ARM.attributes
                0x00000d04       0x31 build/obj/i2c_ctrl.o
 .ARM.attributes
                0x00000d35       0x31 build/obj/led_ctrl.o
 .ARM.attributes
                0x00000d66       0x29 /home/z80/programs/code-sourcery/2011.03-42/bin/../lib/gcc/arm-none-eabi/4.5.2/../../../../arm-none-eabi/lib/thumb2/libc.a(lib_a-atoi.o)
 .ARM.attributes
                0x00000d8f       0x29 /home/z80/programs/code-sourcery/2011.03-42/bin/../lib/gcc/arm-none-eabi/4.5.2/../../../../arm-none-eabi/lib/thumb2/libc.a(lib_a-memset.o)
 .ARM.attributes
                0x00000db8       0x29 /home/z80/programs/code-sourcery/2011.03-42/bin/../lib/gcc/arm-none-eabi/4.5.2/../../../../arm-none-eabi/lib/thumb2/libc.a(lib_a-strcasecmp.o)
 .ARM.attributes
                0x00000de1       0x29 /home/z80/programs/code-sourcery/2011.03-42/bin/../lib/gcc/arm-none-eabi/4.5.2/../../../../arm-none-eabi/lib/thumb2/libc.a(lib_a-strchr.o)
 .ARM.attributes
                0x00000e0a       0x29 /home/z80/programs/code-sourcery/2011.03-42/bin/../lib/gcc/arm-none-eabi/4.5.2/../../../../arm-none-eabi/lib/thumb2/libc.a(lib_a-strspn.o)
 .ARM.attributes
                0x00000e33       0x29 /home/z80/programs/code-sourcery/2011.03-42/bin/../lib/gcc/arm-none-eabi/4.5.2/../../../../arm-none-eabi/lib/thumb2/libc.a(lib_a-strtol.o)
 .ARM.attributes
                0x00000e5c       0x29 /home/z80/programs/code-sourcery/2011.03-42/bin/../lib/gcc/arm-none-eabi/4.5.2/../../../../arm-none-eabi/lib/thumb2/libc.a(lib_a-ctype_.o)
 .ARM.attributes
                0x00000e85       0x29 /home/z80/programs/code-sourcery/2011.03-42/bin/../lib/gcc/arm-none-eabi/4.5.2/../../../../arm-none-eabi/lib/thumb2/libc.a(lib_a-impure.o)
 .ARM.attributes
                0x00000eae       0x1b /home/z80/programs/code-sourcery/2011.03-42/bin/../lib/gcc/arm-none-eabi/4.5.2/thumb2/libgcc.a(_udivsi3.o)
 .ARM.attributes
                0x00000ec9       0x1b /home/z80/programs/code-sourcery/2011.03-42/bin/../lib/gcc/arm-none-eabi/4.5.2/thumb2/libgcc.a(_dvmd_tls.o)

.debug_frame    0x00000000     0x29a4
 .debug_frame   0x00000000       0x50 build/obj/crt0.o
 .debug_frame   0x00000050       0x20 build/obj/vectors.o
 .debug_frame   0x00000070       0x20 build/obj/chcore.o
 .debug_frame   0x00000090       0xa4 build/obj/chcore_v7m.o
 .debug_frame   0x00000134       0x60 build/obj/nvic.o
 .debug_frame   0x00000194       0x60 build/obj/chsys.o
 .debug_frame   0x000001f4      0x140 build/obj/chdebug.o
 .debug_frame   0x00000334       0x74 build/obj/chvt.o
 .debug_frame   0x000003a8       0xec build/obj/chschd.o
 .debug_frame   0x00000494      0x198 build/obj/chthreads.o
 .debug_frame   0x0000062c       0xa0 build/obj/chdynamic.o
 .debug_frame   0x000006cc       0x4c build/obj/chregistry.o
 .debug_frame   0x00000718      0x174 build/obj/chsem.o
 .debug_frame   0x0000088c      0x108 build/obj/chmtx.o
 .debug_frame   0x00000994      0x124 build/obj/chcond.o
 .debug_frame   0x00000ab8      0x204 build/obj/chevents.o
 .debug_frame   0x00000cbc       0x70 build/obj/chmsg.o
 .debug_frame   0x00000d2c      0x16c build/obj/chmboxes.o
 .debug_frame   0x00000e98      0x180 build/obj/chqueues.o
 .debug_frame   0x00001018       0x68 build/obj/chmemcore.o
 .debug_frame   0x00001080       0xb0 build/obj/chheap.o
 .debug_frame   0x00001130       0xa8 build/obj/chmempools.o
 .debug_frame   0x000011d8       0x4c build/obj/hal.o
 .debug_frame   0x00001224      0x154 build/obj/adc.o
 .debug_frame   0x00001378      0x178 build/obj/i2c.o