Archive member included because of file (symbol)

/home/z80/programs/code-sourcery/2011.03-42/bin/../lib/gcc/arm-none-eabi/4.5.2/../../../../arm-none-eabi/lib/thumb2/libc.a(lib_a-memset.o)
                              build/obj/syscalls.o (memset)
/home/z80/programs/code-sourcery/2011.03-42/bin/../lib/gcc/arm-none-eabi/4.5.2/../../../../arm-none-eabi/lib/thumb2/libc.a(lib_a-strcasecmp.o)
                              build/obj/shell.o (strcasecmp)
/home/z80/programs/code-sourcery/2011.03-42/bin/../lib/gcc/arm-none-eabi/4.5.2/../../../../arm-none-eabi/lib/thumb2/libc.a(lib_a-strpbrk.o)
                              build/obj/shell.o (strpbrk)
/home/z80/programs/code-sourcery/2011.03-42/bin/../lib/gcc/arm-none-eabi/4.5.2/../../../../arm-none-eabi/lib/thumb2/libc.a(lib_a-strspn.o)
                              build/obj/shell.o (strspn)
/home/z80/programs/code-sourcery/2011.03-42/bin/../lib/gcc/arm-none-eabi/4.5.2/../../../../arm-none-eabi/lib/thumb2/libc.a(lib_a-ctype_.o)
                              /home/z80/programs/code-sourcery/2011.03-42/bin/../lib/gcc/arm-none-eabi/4.5.2/../../../../arm-none-eabi/lib/thumb2/libc.a(lib_a-strcasecmp.o) (__ctype_ptr__)

Discarded input sections

 .text          0x00000000        0x0 build/obj/crt0.o
 .data          0x00000000        0x0 build/obj/crt0.o
 .bss           0x00000000        0x0 build/obj/crt0.o
 .text.__early_init
                0x00000000       0x10 build/obj/crt0.o
 .text          0x00000000        0x0 build/obj/vectors.o
 .data          0x00000000        0x0 build/obj/vectors.o
 .bss           0x00000000        0x0 build/obj/vectors.o
 .text          0x00000000        0x0 build/obj/chcore.o
 .data          0x00000000        0x0 build/obj/chcore.o
 .bss           0x00000000        0x0 build/obj/chcore.o
 .text          0x00000000        0x0 build/obj/chcore_v7m.o
 .data          0x00000000        0x0 build/obj/chcore_v7m.o
 .bss           0x00000000        0x0 build/obj/chcore_v7m.o
 .text          0x00000000        0x0 build/obj/nvic.o
 .data          0x00000000        0x0 build/obj/nvic.o
 .bss           0x00000000        0x0 build/obj/nvic.o
 .text.nvicDisableVector
                0x00000000       0x70 build/obj/nvic.o
 .text          0x00000000        0x0 build/obj/chsys.o
 .data          0x00000000        0x0 build/obj/chsys.o
 .bss           0x00000000        0x0 build/obj/chsys.o
 .text          0x00000000        0x0 build/obj/chdebug.o
 .data          0x00000000        0x0 build/obj/chdebug.o
 .bss           0x00000000        0x0 build/obj/chdebug.o
 .text.dbg_check_disable
                0x00000000       0x30 build/obj/chdebug.o
 .text.dbg_check_suspend
                0x00000000       0x30 build/obj/chdebug.o
 .text          0x00000000        0x0 build/obj/chlists.o
 .data          0x00000000        0x0 build/obj/chlists.o
 .bss           0x00000000        0x0 build/obj/chlists.o
 .text          0x00000000        0x0 build/obj/chvt.o
 .data          0x00000000        0x0 build/obj/chvt.o
 .bss           0x00000000        0x0 build/obj/chvt.o
 .text.chTimeIsWithin
                0x00000000       0x60 build/obj/chvt.o
 .text          0x00000000        0x0 build/obj/chschd.o
 .data          0x00000000        0x0 build/obj/chschd.o
 .bss           0x00000000        0x0 build/obj/chschd.o
 .text          0x00000000        0x0 build/obj/chthreads.o
 .data          0x00000000        0x0 build/obj/chthreads.o
 .bss           0x00000000        0x0 build/obj/chthreads.o
 .text.list_insert
                0x00000000       0x20 build/obj/chthreads.o
 .text.chThdSetPriority
                0x00000000       0x80 build/obj/chthreads.o
 .text.chThdResume
                0x00000000       0x50 build/obj/chthreads.o
 .text.chThdTerminate
                0x00000000       0x40 build/obj/chthreads.o
 .text.chThdSleepUntil
                0x00000000       0x40 build/obj/chthreads.o
 .text.chThdYield
                0x00000000       0x40 build/obj/chthreads.o
 .text.chThdWait
                0x00000000       0xa0 build/obj/chthreads.o
 .text          0x00000000        0x0 build/obj/chdynamic.o
 .data          0x00000000        0x0 build/obj/chdynamic.o
 .bss           0x00000000        0x0 build/obj/chdynamic.o
 .rodata        0x00000000       0x48 build/obj/chdynamic.o
 .text.chThdAddRef
                0x00000000       0x50 build/obj/chdynamic.o
 .text.chThdRelease
                0x00000000       0xc0 build/obj/chdynamic.o
 .text.chThdCreateFromHeap
                0x00000000       0xa0 build/obj/chdynamic.o
 .text.chThdCreateFromMemoryPool
                0x00000000       0xb0 build/obj/chdynamic.o
 .text          0x00000000        0x0 build/obj/chregistry.o
 .data          0x00000000        0x0 build/obj/chregistry.o
 .bss           0x00000000        0x0 build/obj/chregistry.o
 .text.chRegFirstThread
                0x00000000       0x40 build/obj/chregistry.o
 .rodata        0x00000000       0x18 build/obj/chregistry.o
 .text.chRegNextThread
[...]
Memory Configuration

Name             Origin             Length             Attributes
flash            0x08000000         0x00010000
ram              0x20000000         0x00005000
*default*        0x00000000         0xffffffff

Linker script and memory map

LOAD build/obj/crt0.o
LOAD build/obj/vectors.o
LOAD build/obj/chcore.o
LOAD build/obj/chcore_v7m.o
LOAD build/obj/nvic.o
LOAD build/obj/chsys.o
LOAD build/obj/chdebug.o
LOAD build/obj/chlists.o
LOAD build/obj/chvt.o
LOAD build/obj/chschd.o
LOAD build/obj/chthreads.o
LOAD build/obj/chdynamic.o
LOAD build/obj/chregistry.o
LOAD build/obj/chsem.o
LOAD build/obj/chmtx.o
LOAD build/obj/chcond.o
LOAD build/obj/chevents.o
LOAD build/obj/chmsg.o
LOAD build/obj/chmboxes.o
LOAD build/obj/chqueues.o
LOAD build/obj/chmemcore.o
LOAD build/obj/chheap.o
LOAD build/obj/chmempools.o
LOAD build/obj/test.o
LOAD build/obj/testthd.o
LOAD build/obj/testsem.o
LOAD build/obj/testmtx.o
LOAD build/obj/testmsg.o
LOAD build/obj/testmbox.o
LOAD build/obj/testevt.o
LOAD build/obj/testheap.o
LOAD build/obj/testpools.o
LOAD build/obj/testdyn.o
LOAD build/obj/testqueues.o
LOAD build/obj/testbmk.o
LOAD build/obj/hal.o
LOAD build/obj/adc.o
LOAD build/obj/can.o
LOAD build/obj/ext.o
LOAD build/obj/gpt.o
LOAD build/obj/i2c.o
LOAD build/obj/icu.o
LOAD build/obj/mac.o
LOAD build/obj/pal.o
LOAD build/obj/pwm.o
LOAD build/obj/sdc.o
LOAD build/obj/serial.o
LOAD build/obj/spi.o
LOAD build/obj/uart.o
LOAD build/obj/usb.o
LOAD build/obj/tm.o
LOAD build/obj/mmc_spi.o
LOAD build/obj/serial_usb.o
LOAD build/obj/rtc.o
LOAD build/obj/stm32_dma.o
LOAD build/obj/hal_lld.o
LOAD build/obj/adc_lld.o
LOAD build/obj/can_lld.o
LOAD build/obj/ext_lld.o
LOAD build/obj/gpt_lld.o
LOAD build/obj/i2c_lld.o
LOAD build/obj/icu_lld.o
LOAD build/obj/mac_lld.o
LOAD build/obj/pwm_lld.o
LOAD build/obj/serial_lld.o
LOAD build/obj/sdc_lld.o
LOAD build/obj/spi_lld.o
LOAD build/obj/uart_lld.o
LOAD build/obj/pal_lld.o
LOAD build/obj/usb_lld.o
LOAD build/obj/rtc_lld.o
LOAD build/obj/board.o
LOAD build/obj/evtimer.o
LOAD build/obj/syscalls.o
LOAD build/obj/shell.o
LOAD build/obj/chprintf.o
LOAD build/obj/main.o
LOAD build/obj/i2c_ctrl.o
LOAD build/obj/exec_ctrl.o
LOAD build/obj/led_ctrl.o
LOAD build/obj/dac_ctrl.o
LOAD build/obj/bmsd_ctrl.o
LOAD build/obj/encabs_ctrl.o
LOAD build/obj/encrel_ctrl.o
LOAD build/obj/iwdg.o
LOAD build/obj/iwdg_lld.o
START GROUP
LOAD /home/z80/programs/code-sourcery/2011.03-42/bin/../lib/gcc/arm-none-eabi/4.5.2/thumb2/libgcc.a
LOAD /home/z80/programs/code-sourcery/2011.03-42/bin/../lib/gcc/arm-none-eabi/4.5.2/../../../../arm-none-eabi/lib/thumb2/libc.a
END GROUP
                0x00000400                __main_stack_size__ = 0x400
                0x00000400                __process_stack_size__ = 0x400
                0x20000000                __ram_start__ = 0x20000000
                0x00005000                __ram_size__ = 0x5000
                0x20005000                __ram_end__ = (__ram_start__ + __ram_size__)
                0x00000000                . = 0x0
                0x00000000                _text = .

startup         0x08000000       0xec
 *(vectors)
 vectors        0x08000000       0xec build/obj/vectors.o
                0x08000000                _vectors

constructors    0x080000ec        0x0
                0x080000ec                PROVIDE (__init_array_start, .)
 *(SORT(.init_array.*))
 *(.init_array)
                0x080000ec                PROVIDE (__init_array_end, .)

destructors     0x080000ec        0x0
                0x080000ec                PROVIDE (__fini_array_start, .)
 *(.fini_array)
 *(SORT(.fini_array.*))
                0x080000ec                PROVIDE (__fini_array_end, .)

.text           0x080000f0     0x54f0
 *(.text.startup.*)
 *(.text)
 *(.text.*)
 .text.__late_init
                0x080000f0       0x10 build/obj/crt0.o
                0x080000f0                __late_init
 .text._default_exit
                0x08000100       0x10 build/obj/crt0.o
                0x08000100                _default_exit
 .text.ResetHandler
                0x08000110       0xd0 build/obj/crt0.o
                0x08000110                ResetHandler
 .text._unhandled_exception
                0x080001e0       0x10 build/obj/vectors.o
                0x080001e0                VectorAC
                0x080001e0                NMIVector
                0x080001e0                Vector8C
                0x080001e0                VectorDC
                0x080001e0                VectorC8
                0x080001e0                Vector94
                0x080001e0                VectorA8
                0x080001e0                VectorB4
                0x080001e0                UsageFaultVector
                0x080001e0                DebugMonitorVector
                0x080001e0                Vector40
                0x080001e0                PendSVVector
                0x080001e0                VectorCC
                0x080001e0                Vector54
                0x080001e0                Vector98
                0x080001e0                Vector24
                0x080001e0                BusFaultVector
                0x080001e0                VectorD0
                0x080001e0                VectorE4
                0x080001e0                HardFaultVector
                0x080001e0                MemManageVector
                0x080001e0                VectorA0
                0x080001e0                VectorC4
                0x080001e0                VectorB0
                0x080001e0                Vector90
                0x080001e0                Vector1C
                0x080001e0                Vector48
                0x080001e0                VectorD4
                0x080001e0                Vector4C
                0x080001e0                _unhandled_exception
                0x080001e0                Vector88
                0x080001e0                Vector50
                0x080001e0                Vector28
                0x080001e0                VectorB8
                0x080001e0                Vector34
                0x080001e0                VectorA4
                0x080001e0                Vector20
 .text.port_halt
                0x080001f0       0x10 build/obj/chcore.o
                0x080001f0                port_halt
 .text.SysTickVector
                0x08000200       0x30 build/obj/chcore_v7m.o
                0x08000200                SysTickVector
 .text.SVCallVector
                0x08000230       0x30 build/obj/chcore_v7m.o
                0x08000230                SVCallVector
 .text._port_init
                0x08000260       0x40 build/obj/chcore_v7m.o
                0x08000260                _port_init
 .text._port_irq_epilogue
                0x080002a0       0xa0 build/obj/chcore_v7m.o
                0x080002a0                _port_irq_epilogue
 .text._port_switch_from_isr
                0x08000340       0x10 build/obj/chcore_v7m.o
                0x08000340                _port_switch_from_isr
 .text._port_switch
                0x08000350       0x20 build/obj/chcore_v7m.o
                0x08000350                _port_switch
 .text._port_thread_start
                0x08000370       0x20 build/obj/chcore_v7m.o
                0x08000370                _port_thread_start
 .text.nvicEnableVector
                0x08000390       0xa0 build/obj/nvic.o
                0x08000390                nvicEnableVector
 .text.nvicSetSystemHandlerPriority
                0x08000430       0x60 build/obj/nvic.o
                0x08000430                nvicSetSystemHandlerPriority
 .text._idle_thread
                0x08000490       0x20 build/obj/chsys.o
                0x08000490                _idle_thread
 .text.chSysInit
                0x080004b0       0x90 build/obj/chsys.o
                0x080004b0                chSysInit
 .text.chSysTimerHandlerI
                0x08000540       0x90 build/obj/chsys.o
                0x08000540                chSysTimerHandlerI
 .text.dbg_check_enable
                0x080005d0       0x30 build/obj/chdebug.o
                0x080005d0                dbg_check_enable
 .text.dbg_check_lock
                0x08000600       0x30 build/obj/chdebug.o
                0x08000600                dbg_check_lock
 .text.dbg_check_unlock
                0x08000630       0x30 build/obj/chdebug.o
                0x08000630                dbg_check_unlock
 .text.dbg_check_lock_from_isr
                0x08000660       0x30 build/obj/chdebug.o
                0x08000660                dbg_check_lock_from_isr
 .text.dbg_check_unlock_from_isr
                0x08000690       0x30 build/obj/chdebug.o
                0x08000690                dbg_check_unlock_from_isr
 .text.dbg_check_enter_isr
                0x080006c0       0x50 build/obj/chdebug.o
                0x080006c0                dbg_check_enter_isr
 .text.dbg_check_leave_isr
                0x08000710       0x50 build/obj/chdebug.o
                0x08000710                dbg_check_leave_isr
 .text.chDbgCheckClassI
                0x08000760       0x30 build/obj/chdebug.o
                0x08000760                chDbgCheckClassI
 .text.chDbgCheckClassS
                0x08000790       0x30 build/obj/chdebug.o
                0x08000790                chDbgCheckClassS
 .text._trace_init
                0x080007c0       0x20 build/obj/chdebug.o
                0x080007c0                _trace_init
 .text.dbg_trace
                0x080007e0       0x70 build/obj/chdebug.o
                0x080007e0                dbg_trace
 .text.chDbgPanic
                0x08000850       0x20 build/obj/chdebug.o
                0x08000850                chDbgPanic
 .text._vt_init
                0x08000870       0x30 build/obj/chvt.o
                0x08000870                _vt_init
 .text.chVTSetI
                0x080008a0       0xa0 build/obj/chvt.o
                0x080008a0                chVTSetI
 .text.chVTResetI
                0x08000940       0x70 build/obj/chvt.o
                0x08000940                chVTResetI
 .text.fifo_remove
                0x080009b0       0x30 build/obj/chschd.o
 .text.dequeue  0x080009e0       0x20 build/obj/chschd.o
 .text._scheduler_init
                0x08000a00       0x40 build/obj/chschd.o
                0x08000a00                _scheduler_init
 .text.chSchReadyI
                0x08000a40       0x70 build/obj/chschd.o
                0x08000a40                chSchReadyI
 .text.chSchGoSleepS
                0x08000ab0       0x70 build/obj/chschd.o
                0x08000ab0                chSchGoSleepS
 .text.wakeup   0x08000b20       0x80 build/obj/chschd.o
 .text.chSchGoSleepTimeoutS
                0x08000ba0       0x60 build/obj/chschd.o
                0x08000ba0                chSchGoSleepTimeoutS
 .text.chSchWakeupS
                0x08000c00       0x80 build/obj/chschd.o
                0x08000c00                chSchWakeupS
 .text.chSchRescheduleS
                0x08000c80       0x20 build/obj/chschd.o
                0x08000c80                chSchRescheduleS
 .text.chSchDoReschedule
                0x08000ca0       0x70 build/obj/chschd.o
                0x08000ca0                chSchDoReschedule
 .text.list_remove
                0x08000d10       0x20 build/obj/chthreads.o
 .text._thread_init
                0x08000d30       0xb0 build/obj/chthreads.o
                0x08000d30                _thread_init
 .text._thread_memfill
                0x08000de0       0x30 build/obj/chthreads.o
                0x08000de0                _thread_memfill
 .text.chThdCreateI
                0x08000e10       0x70 build/obj/chthreads.o
                0x08000e10                chThdCreateI
 .text.chThdCreateStatic
                0x08000e80       0x80 build/obj/chthreads.o
                0x08000e80                chThdCreateStatic
 .text.chThdSleep
                0x08000f00       0x40 build/obj/chthreads.o
                0x08000f00                chThdSleep
 .text.chThdExit
                0x08000f40       0x20 build/obj/chthreads.o
                0x08000f40                chThdExit
 .text.chThdExitS
                0x08000f60       0x80 build/obj/chthreads.o
                0x08000f60                chThdExitS
 .text.queue_insert
                0x08000fe0       0x30 build/obj/chsem.o
 .text.fifo_remove
                0x08001010       0x30 build/obj/chsem.o
 .text.chSemInit
                0x08001040       0x40 build/obj/chsem.o
                0x08001040                chSemInit
 .text.chSemWaitTimeoutS
                0x08001080       0xb0 build/obj/chsem.o
                0x08001080                chSemWaitTimeoutS
 .text.chSemSignalI
                0x08001130       0x80 build/obj/chsem.o
                0x08001130                chSemSignalI
 .text.prio_insert
                0x080011b0       0x50 build/obj/chmtx.o
 .text.fifo_remove
                0x08001200       0x30 build/obj/chmtx.o
 .text.dequeue  0x08001230       0x20 build/obj/chmtx.o
 .text.chMtxInit
                0x08001250       0x40 build/obj/chmtx.o
                0x08001250                chMtxInit
 .text.chMtxLock
                0x08001290       0x30 build/obj/chmtx.o
                0x08001290                chMtxLock
 .text.chMtxLockS
                0x080012c0      0x110 build/obj/chmtx.o
                0x080012c0                chMtxLockS
 .text.chMtxUnlock
                0x080013d0       0xe0 build/obj/chmtx.o
                0x080013d0                chMtxUnlock
 .text.chEvtSignalFlagsI
                0x080014b0       0x70 build/obj/chevents.o
                0x080014b0                chEvtSignalFlagsI
 .text.chEvtBroadcastFlagsI
                0x08001520       0x50 build/obj/chevents.o
                0x08001520                chEvtBroadcastFlagsI
 .text.chMBInit
                0x08001570       0x70 build/obj/chmboxes.o
                0x08001570                chMBInit
 .text.chMBPost
                0x080015e0       0x40 build/obj/chmboxes.o
                0x080015e0                chMBPost
 .text.chMBPostS
                0x08001620       0x70 build/obj/chmboxes.o
                0x08001620                chMBPostS
 .text.chMBFetch
                0x08001690       0x40 build/obj/chmboxes.o
                0x08001690                chMBFetch
 .text.chMBFetchS
                0x080016d0       0x80 build/obj/chmboxes.o
                0x080016d0                chMBFetchS
 .text.queue_insert
                0x08001750       0x30 build/obj/chqueues.o
 .text.fifo_remove
                0x08001780       0x30 build/obj/chqueues.o
 .text.qwait    0x080017b0       0x40 build/obj/chqueues.o
 .text.chIQInit
                0x080017f0       0x50 build/obj/chqueues.o
                0x080017f0                chIQInit
 .text.chIQPutI
                0x08001840       0x90 build/obj/chqueues.o
                0x08001840                chIQPutI
 .text.chIQGetTimeout
                0x080018d0       0xa0 build/obj/chqueues.o
                0x080018d0                chIQGetTimeout
 .text.chIQReadTimeout
                0x08001970       0xe0 build/obj/chqueues.o
                0x08001970                chIQReadTimeout
 .text.chOQInit
                0x08001a50       0x50 build/obj/chqueues.o
                0x08001a50                chOQInit
 .text.chOQPutTimeout
                0x08001aa0       0xa0 build/obj/chqueues.o
                0x08001aa0                chOQPutTimeout
 .text.chOQGetI
                0x08001b40       0x90 build/obj/chqueues.o
                0x08001b40                chOQGetI
 .text.chOQWriteTimeout
                0x08001bd0       0xe0 build/obj/chqueues.o
                0x08001bd0                chOQWriteTimeout
 .text._core_init
                0x08001cb0       0x30 build/obj/chmemcore.o
                0x08001cb0                _core_init
 .text.chCoreAlloc
                0x08001ce0       0x30 build/obj/chmemcore.o
                0x08001ce0                chCoreAlloc
 .text.chCoreAllocI
                0x08001d10       0x60 build/obj/chmemcore.o
                0x08001d10                chCoreAllocI
 .text._heap_init
                0x08001d70       0x30 build/obj/chheap.o
                0x08001d70                _heap_init
 .text.halInit  0x08001da0       0x30 build/obj/hal.o
                0x08001da0                halInit
 .text.extInit  0x08001dd0       0x10 build/obj/ext.o
                0x08001dd0                extInit
 .text.extObjectInit
                0x08001de0       0x20 build/obj/ext.o
                0x08001de0                extObjectInit
 .text.extStart
                0x08001e00       0x70 build/obj/ext.o
                0x08001e00                extStart
 .text.i2cInit  0x08001e70       0x10 build/obj/i2c.o
                0x08001e70                i2cInit
 .text.i2cObjectInit
                0x08001e80       0x30 build/obj/i2c.o
                0x08001e80                i2cObjectInit
 .text.i2cStart
                0x08001eb0       0x70 build/obj/i2c.o
                0x08001eb0                i2cStart
 .text.i2cSlaveIoTimeout
                0x08001f20       0x80 build/obj/i2c.o
                0x08001f20                i2cSlaveIoTimeout
 .text.writes   0x08001fa0       0x30 build/obj/serial.o
 .text.reads    0x08001fd0       0x30 build/obj/serial.o
 .text.putwouldblock
                0x08002000       0x20 build/obj/serial.o
 .text.getwouldblock
                0x08002020       0x20 build/obj/serial.o
 .text.putt     0x08002040       0x30 build/obj/serial.o
 .text.gett     0x08002070       0x20 build/obj/serial.o
 .text.writet   0x08002090       0x30 build/obj/serial.o
 .text.readt    0x080020c0       0x30 build/obj/serial.o
 .text.getflags
                0x080020f0       0x40 build/obj/serial.o
 .text.sdInit   0x08002130       0x10 build/obj/serial.o
                0x08002130                sdInit
 .text.sdObjectInit
                0x08002140       0x70 build/obj/serial.o
                0x08002140                sdObjectInit
 .text.sdStart  0x080021b0       0x60 build/obj/serial.o
                0x080021b0                sdStart
 .text.sdIncomingDataI
                0x08002210       0x80 build/obj/serial.o
                0x08002210                sdIncomingDataI
 .text.tm_start
                0x08002290       0x20 build/obj/tm.o
 .text.tm_stop  0x080022b0       0x60 build/obj/tm.o
 .text.tmInit   0x08002310       0x40 build/obj/tm.o
                0x08002310                tmInit
 .text.tmObjectInit
                0x08002350       0x40 build/obj/tm.o
                0x08002350                tmObjectInit
 .text.Vector6C
                0x08002390       0x50 build/obj/stm32_dma.o
                0x08002390                Vector6C
 .text.Vector70
                0x080023e0       0x50 build/obj/stm32_dma.o
                0x080023e0                Vector70
 .text.Vector74
                0x08002430       0x50 build/obj/stm32_dma.o
                0x08002430                Vector74
 .text.Vector78
                0x08002480       0x50 build/obj/stm32_dma.o
                0x08002480                Vector78
 .text.Vector7C
                0x080024d0       0x50 build/obj/stm32_dma.o
                0x080024d0                Vector7C
 .text.Vector80
                0x08002520       0x50 build/obj/stm32_dma.o
                0x08002520                Vector80
 .text.Vector84
                0x08002570       0x50 build/obj/stm32_dma.o
                0x08002570                Vector84
 .text.dmaInit  0x080025c0       0x70 build/obj/stm32_dma.o
                0x080025c0                dmaInit
 .text.dmaStreamAllocate
                0x08002630       0xf0 build/obj/stm32_dma.o
                0x08002630                dmaStreamAllocate
 .text.hal_lld_backup_domain_init
                0x08002720       0x60 build/obj/hal_lld.o
 .text.hal_lld_init
                0x08002780       0x90 build/obj/hal_lld.o
                0x08002780                hal_lld_init
 .text.stm32_clock_init
                0x08002810       0xc0 build/obj/hal_lld.o
                0x08002810                stm32_clock_init
 .text.Vector58
                0x080028d0       0x30 build/obj/ext_lld.o
                0x080028d0                Vector58
 .text.Vector5C
                0x08002900       0x30 build/obj/ext_lld.o
                0x08002900                Vector5C
 .text.Vector60
                0x08002930       0x30 build/obj/ext_lld.o
                0x08002930                Vector60
 .text.Vector64
                0x08002960       0x30 build/obj/ext_lld.o
                0x08002960                Vector64
 .text.Vector68
                0x08002990       0x30 build/obj/ext_lld.o
                0x08002990                Vector68
 .text.Vector9C
                0x080029c0       0xb0 build/obj/ext_lld.o
                0x080029c0                Vector9C
 .text.VectorE0
                0x08002a70       0xc0 build/obj/ext_lld.o
                0x08002a70                VectorE0
 .text.Vector44
                0x08002b30       0x30 build/obj/ext_lld.o
                0x08002b30                Vector44
 .text.VectorE8
                0x08002b60       0x30 build/obj/ext_lld.o
                0x08002b60                VectorE8
 .text.ext_lld_init
                0x08002b90       0x10 build/obj/ext_lld.o
                0x08002b90                ext_lld_init
 .text.ext_lld_start
                0x08002ba0      0x1b0 build/obj/ext_lld.o
                0x08002ba0                ext_lld_start
 .text.i2c_lld_abort_operation
                0x08002d50       0x90 build/obj/i2c_lld.o
 .text.i2c_lld_safety_timeout
                0x08002de0       0x40 build/obj/i2c_lld.o
 .text.i2c_lld_set_clock
                0x08002e20      0x220 build/obj/i2c_lld.o
 .text.i2c_lld_set_opmode
                0x08003040       0x70 build/obj/i2c_lld.o
 .text.i2c_lld_serve_event_interrupt
                0x080030b0      0x2e0 build/obj/i2c_lld.o
 .text.i2c_lld_serve_rx_end_irq
                0x08003390       0xc0 build/obj/i2c_lld.o
 .text.i2c_lld_serve_tx_end_irq
                0x08003450       0x60 build/obj/i2c_lld.o
 .text.i2c_lld_serve_error_interrupt
                0x080034b0      0x200 build/obj/i2c_lld.o
 .text.VectorBC
                0x080036b0       0x20 build/obj/i2c_lld.o
                0x080036b0                VectorBC
 .text.VectorC0
                0x080036d0       0x20 build/obj/i2c_lld.o
                0x080036d0                VectorC0
 .text.i2c_lld_init
                0x080036f0       0x40 build/obj/i2c_lld.o
                0x080036f0                i2c_lld_init
 .text.i2c_lld_start
                0x08003730      0x140 build/obj/i2c_lld.o
                0x08003730                i2c_lld_start
 .text.i2c_lld_slave_io_timeout
                0x08003870      0x180 build/obj/i2c_lld.o
                0x08003870                i2c_lld_slave_io_timeout
 .text.usart_init
                0x080039f0       0x90 build/obj/serial_lld.o
 .text.set_error
                0x08003a80       0xa0 build/obj/serial_lld.o
 .text.serve_interrupt
                0x08003b20      0x1a0 build/obj/serial_lld.o
 .text.notify2  0x08003cc0       0x20 build/obj/serial_lld.o
 .text.VectorD8
                0x08003ce0       0x20 build/obj/serial_lld.o
                0x08003ce0                VectorD8
 .text.sd_lld_init
                0x08003d00       0x30 build/obj/serial_lld.o
                0x08003d00                sd_lld_init
 .text.sd_lld_start
                0x08003d30       0x60 build/obj/serial_lld.o
                0x08003d30                sd_lld_start
 .text._pal_lld_init
                0x08003d90       0xb0 build/obj/pal_lld.o
                0x08003d90                _pal_lld_init
 .text._pal_lld_setgroupmode
                0x08003e40       0xe0 build/obj/pal_lld.o
                0x08003e40                _pal_lld_setgroupmode
 .text.__early_init
                0x08003f20       0x10 build/obj/board.o
                0x08003f20                __early_init
 .text.boardInit
                0x08003f30       0x10 build/obj/board.o
                0x08003f30                boardInit
 .text.main     0x08003f40       0x40 build/obj/main.o
                0x08003f40                main
 .text.i2cThread
                0x08003f80      0x130 build/obj/i2c_ctrl.o
 .text.initI2c  0x080040b0       0xf0 build/obj/i2c_ctrl.o
                0x080040b0                initI2c
 .text.execThread
                0x080041a0      0x150 build/obj/exec_ctrl.o
 .text.execInit
                0x080042f0       0x50 build/obj/exec_ctrl.o
                0x080042f0                execInit
 .text.execPostCmd
                0x08004340       0xb0 build/obj/exec_ctrl.o
                0x08004340                execPostCmd
 .text.ledsThread
                0x080043f0       0xa0 build/obj/led_ctrl.o
 .text.initLed  0x08004490       0x60 build/obj/led_ctrl.o
                0x08004490                initLed
 .text.setLeds  0x080044f0       0x30 build/obj/led_ctrl.o
                0x080044f0                setLeds
 .text.delay    0x08004520       0x30 build/obj/dac_ctrl.o
 .text.dacInit  0x08004550       0x80 build/obj/dac_ctrl.o
                0x08004550                dacInit
 .text.dacSet   0x080045d0      0x100 build/obj/dac_ctrl.o
                0x080045d0                dacSet
 .text.uartIo   0x080046d0       0x50 build/obj/bmsd_ctrl.o
 .text.bmsdInit
                0x08004720       0x30 build/obj/bmsd_ctrl.o
                0x08004720                bmsdInit
 .text.bmsdReady
                0x08004750       0x40 build/obj/bmsd_ctrl.o
                0x08004750                bmsdReady
 .text.bmsdRawCmd
                0x08004790       0x50 build/obj/bmsd_ctrl.o
                0x08004790                bmsdRawCmd
 .text.delay    0x080047e0       0x30 build/obj/encabs_ctrl.o
 .text.encabsQuery
                0x08004810       0xa0 build/obj/encabs_ctrl.o
 .text.encabsThread
                0x080048b0       0x50 build/obj/encabs_ctrl.o
 .text.encabsInit
                0x08004900       0x60 build/obj/encabs_ctrl.o
                0x08004900                encabsInit
 .text.encabs   0x08004960       0x30 build/obj/encabs_ctrl.o
                0x08004960                encabs
 .text.extcb1   0x08004990       0x90 build/obj/encrel_ctrl.o
 .text.extcb2   0x08004a20       0x90 build/obj/encrel_ctrl.o
 .text.encrelInit
                0x08004ab0       0x20 build/obj/encrel_ctrl.o
                0x08004ab0                encrelInit
 .text.encrelSet
                0x08004ad0       0x60 build/obj/encrel_ctrl.o
                0x08004ad0                encrelSet
 .text.encrel   0x08004b30       0x70 build/obj/encrel_ctrl.o
                0x08004b30                encrel
 *(.rodata)
 .rodata        0x08004ba0       0x10 build/obj/chsys.o
 .rodata        0x08004bb0       0x58 build/obj/chdebug.o
 *fill*         0x08004c08        0x8 00
 .rodata        0x08004c10       0x34 build/obj/chvt.o
 *fill*         0x08004c44        0xc 00
 .rodata        0x08004c50       0x24 build/obj/chschd.o
 *fill*         0x08004c74        0xc 00
 .rodata        0x08004c80       0x94 build/obj/chthreads.o
 *fill*         0x08004d14        0xc 00
 .rodata        0x08004d20      0x148 build/obj/chsem.o
 *fill*         0x08004e68        0x8 00
 .rodata        0x08004e70       0xac build/obj/chmtx.o
 *fill*         0x08004f1c        0x4 00
 .rodata        0x08004f20       0x90 build/obj/chevents.o
 .rodata        0x08004fb0       0x88 build/obj/chmboxes.o
 *fill*         0x08005038        0x8 00
 .rodata        0x08005040       0x2c build/obj/chqueues.o
 *fill*         0x0800506c        0x4 00
 .rodata        0x08005070       0x9c build/obj/ext.o
 *fill*         0x0800510c        0x4 00
 .rodata        0x08005110       0xec build/obj/i2c.o
 *fill*         0x080051fc        0x4 00
 .rodata        0x08005200       0x60 build/obj/serial.o
 .rodata        0x08005260       0x34 build/obj/stm32_dma.o
 *fill*         0x08005294        0xc 00
 .rodata        0x080052a0      0x148 build/obj/i2c_lld.o
 *fill*         0x080053e8        0x8 00
 .rodata        0x080053f0        0x4 build/obj/i2c_ctrl.o
 *fill*         0x080053f4        0xc 00
 .rodata        0x08005400        0x4 build/obj/exec_ctrl.o
 *fill*         0x08005404        0xc 00
 .rodata        0x08005410        0x4 build/obj/led_ctrl.o
 *fill*         0x08005414        0xc 00
 .rodata        0x08005420        0x4 build/obj/encabs_ctrl.o
 *(.rodata.*)
 *fill*         0x08005424        0xc 00
 .rodata.vmt    0x08005430       0x24 build/obj/serial.o
 *fill*         0x08005454        0xc 00
 .rodata._stm32_dma_streams
                0x08005460       0x54 build/obj/stm32_dma.o
                0x08005460                _stm32_dma_streams
 *fill*         0x080054b4        0xc 00
 .rodata.default_config
                0x080054c0        0xc build/obj/serial_lld.o
 *fill*         0x080054cc        0x4 00
 .rodata.cfgtab.5982
                0x080054d0       0x14 build/obj/pal_lld.o
 *fill*         0x080054e4        0xc 00
 .rodata.pal_default_config
                0x080054f0       0x3c build/obj/board.o
                0x080054f0                pal_default_config
 *fill*         0x0800552c        0x4 00
 .rodata.i2cfg1
                0x08005530        0xc build/obj/i2c_ctrl.o
 *fill*         0x0800553c        0x4 00
 .rodata.extcfg
                0x08005540       0xa0 build/obj/encrel_ctrl.o
 *(.glue_7t)
 .glue_7t       0x00000000        0x0 linker stubs
 *(.glue_7)
 .glue_7        0x00000000        0x0 linker stubs
 *(.gcc*)

.vfp11_veneer   0x080055e0        0x0
 .vfp11_veneer  0x00000000        0x0 linker stubs

.v4_bx          0x080055e0        0x0
 .v4_bx         0x00000000        0x0 linker stubs

.ARM.extab
 *(.ARM.extab* .gnu.linkonce.armextab.*)

.ARM.exidx      0x080055e0        0x0
                0x080055e0                PROVIDE (__exidx_start, .)
 *(.ARM.exidx* .gnu.linkonce.armexidx.*)
                0x080055e0                PROVIDE (__exidx_end, .)

.eh_frame_hdr
 *(.eh_frame_hdr)

.eh_frame
 *(.eh_frame)

.textalign      0x080055e0        0x0
                0x080055e0                . = ALIGN (0x8)
                0x080055e0                _etext = .
                0x080055e0                _textdata = _etext

.stacks         0x20000000      0x800
                0x20000000                . = ALIGN (0x8)
                0x20000000                __main_stack_base__ = .
                0x20000400                . = (. + __main_stack_size__)
 *fill*         0x20000000      0x400 00
                0x20000400                . = ALIGN (0x8)
                0x20000400                __main_stack_end__ = .
                0x20000400                __process_stack_base__ = .
                0x20000400                __main_thread_stack_base__ = .
                0x20000800                . = (. + __process_stack_size__)
 *fill*         0x20000400      0x400 00
                0x20000800                . = ALIGN (0x8)
                0x20000800                __process_stack_end__ = .
                0x20000800                __main_thread_stack_end__ = .

.data           0x20000800       0x10 load address 0x080055e0
                0x20000800                . = ALIGN (0x4)
                0x20000800                PROVIDE (_data, .)
 *(.data)
                0x20000800                . = ALIGN (0x4)
 *(.data.*)
 .data.bytesReceived
                0x20000800        0x1 build/obj/bmsd_ctrl.o
 *fill*         0x20000801        0x3 00
 .data.config   0x20000804        0xc build/obj/bmsd_ctrl.o
                0x20000810                . = ALIGN (0x4)
 *(.ramtext)
                0x20000810                . = ALIGN (0x4)
                0x20000810                PROVIDE (_edata, .)

.bss            0x20000810     0x136c load address 0x080055f0
                0x20000810                . = ALIGN (0x4)
                0x20000810                PROVIDE (_bss_start, .)
 *(.bss)
                0x20000810                . = ALIGN (0x4)
 *(.bss.*)
 .bss._idle_thread_wa
                0x20000810       0xc0 build/obj/chsys.o
                0x20000810                _idle_thread_wa
 .bss.mainthread.4712
                0x200008d0       0x4c build/obj/chsys.o
 .bss.dbg_isr_cnt
                0x2000091c        0x4 build/obj/chdebug.o
                0x2000091c                dbg_isr_cnt
 .bss.dbg_lock_cnt
                0x20000920        0x4 build/obj/chdebug.o
                0x20000920                dbg_lock_cnt
 .bss.dbg_trace_buffer
                0x20000924      0x408 build/obj/chdebug.o
                0x20000924                dbg_trace_buffer
 .bss.dbg_panic_msg
                0x20000d2c        0x4 build/obj/chdebug.o
                0x20000d2c                dbg_panic_msg
 .bss.vtlist    0x20000d30       0x10 build/obj/chvt.o
                0x20000d30                vtlist
 .bss.rlist     0x20000d40       0x20 build/obj/chschd.o
                0x20000d40                rlist
 .bss.nextmem   0x20000d60        0x4 build/obj/chmemcore.o
 .bss.endmem    0x20000d64        0x4 build/obj/chmemcore.o
 .bss.default_heap
                0x20000d68       0x20 build/obj/chheap.o
 .bss.measurement_offset
                0x20000d88        0x4 build/obj/tm.o
 .bss.dma_streams_mask
                0x20000d8c        0x4 build/obj/stm32_dma.o
 .bss.dma_isr_redir
                0x20000d90       0x38 build/obj/stm32_dma.o
 .bss.EXTD1     0x20000dc8        0x8 build/obj/ext_lld.o
                0x20000dc8                EXTD1
 .bss.I2CD1     0x20000dd0       0x50 build/obj/i2c_lld.o
                0x20000dd0                I2CD1
 .bss.SD2       0x20000e20       0x74 build/obj/serial_lld.o
                0x20000e20                SD2
 .bss.outBuffer
                0x20000e94       0x10 build/obj/i2c_ctrl.o
 .bss.inBuffer  0x20000ea4        0x8 build/obj/i2c_ctrl.o
 .bss.mutex     0x20000eac       0x10 build/obj/i2c_ctrl.o
 *fill*         0x20000ebc        0x4 00
 .bss.waI2c     0x20000ec0      0x2b0 build/obj/i2c_ctrl.o
 .bss.tmo.6660  0x20001170        0x4 build/obj/i2c_ctrl.o
 .bss.addr.6664
                0x20001174        0x1 build/obj/i2c_ctrl.o
 *fill*         0x20001175        0x3 00
 .bss.status.6659
                0x20001178        0x4 build/obj/i2c_ctrl.o
 .bss.mutex     0x2000117c       0x10 build/obj/exec_ctrl.o
 .bss.mailbox   0x2000118c       0x28 build/obj/exec_ctrl.o
 .bss.pendingIndex
                0x200011b4        0x1 build/obj/exec_ctrl.o
 *fill*         0x200011b5        0x3 00
 .bss.msgs      0x200011b8       0x14 build/obj/exec_ctrl.o
 .bss.queue     0x200011cc       0x20 build/obj/exec_ctrl.o
 *fill*         0x200011ec        0x4 00
 .bss.waExec    0x200011f0      0x4b0 build/obj/exec_ctrl.o
 .bss.i.6039    0x200016a0        0x1 build/obj/exec_ctrl.o
 *fill*         0x200016a1        0x3 00
 .bss.msg.6018  0x200016a4        0x4 build/obj/exec_ctrl.o
 .bss.res.6017  0x200016a8        0x4 build/obj/exec_ctrl.o
 .bss.i.6020    0x200016ac        0x1 build/obj/exec_ctrl.o
 *fill*         0x200016ad        0x3 00
 .bss.buffer.6019
                0x200016b0        0x8 build/obj/exec_ctrl.o
 .bss.value32.6024
                0x200016b8        0x4 build/obj/exec_ctrl.o
 .bss.mutex     0x200016bc       0x10 build/obj/led_ctrl.o
 .bss.value     0x200016cc        0x4 build/obj/led_ctrl.o
 .bss.waLeds    0x200016d0      0x1b0 build/obj/led_ctrl.o
 .bss.arg.5984  0x20001880        0x4 build/obj/led_ctrl.o
 .bss.v.6000    0x20001884        0x2 build/obj/dac_ctrl.o
 .bss.i.5999    0x20001886        0x1 build/obj/dac_ctrl.o
 *fill*         0x20001887        0x1 00
 .bss.i.5982    0x20001888        0x2 build/obj/dac_ctrl.o
 *fill*         0x2000188a        0x2 00
 .bss.ioBuffer  0x2000188c        0x8 build/obj/bmsd_ctrl.o
 .bss.tmo.5999  0x20001894        0x4 build/obj/bmsd_ctrl.o
 .bss.mutex     0x20001898       0x10 build/obj/encabs_ctrl.o
 .bss.value     0x200018a8        0x4 build/obj/encabs_ctrl.o
 *fill*         0x200018ac        0x4 00
 .bss.waEncabs  0x200018b0      0x2b0 build/obj/encabs_ctrl.o
 .bss.v.5999    0x20001b60        0x4 build/obj/encabs_ctrl.o
 .bss.val.5988  0x20001b64        0x4 build/obj/encabs_ctrl.o
 .bss.i.5989    0x20001b68        0x2 build/obj/encabs_ctrl.o
 .bss.i.5981    0x20001b6a        0x2 build/obj/encabs_ctrl.o
 .bss.value1    0x20001b6c        0x4 build/obj/encrel_ctrl.o
 .bss.value2    0x20001b70        0x4 build/obj/encrel_ctrl.o
 .bss.v.6010    0x20001b74        0x4 build/obj/encrel_ctrl.o
 .bss.a.5993    0x20001b78        0x1 build/obj/encrel_ctrl.o
 .bss.b.5994    0x20001b79        0x1 build/obj/encrel_ctrl.o
 .bss.a.5987    0x20001b7a        0x1 build/obj/encrel_ctrl.o
 .bss.b.5988    0x20001b7b        0x1 build/obj/encrel_ctrl.o
                0x20001b7c                . = ALIGN (0x4)
 *(COMMON)
                0x20001b7c                . = ALIGN (0x4)
                0x20001b7c                PROVIDE (_bss_end, .)
                0x20001b7c                PROVIDE (end, .)
                0x20001b7c                _end = .
                0x20001b7c                __heap_base__ = _end
                0x20005000                __heap_end__ = __ram_end__
OUTPUT(build/ch.elf elf32-littlearm)

.debug_abbrev   0x00000000     0x63bf
 .debug_abbrev  0x00000000       0xb8 build/obj/crt0.o
 .debug_abbrev  0x000000b8       0x74 build/obj/vectors.o
 .debug_abbrev  0x0000012c       0x41 build/obj/chcore.o
 .debug_abbrev  0x0000016d      0x1ab build/obj/chcore_v7m.o
 .debug_abbrev  0x00000318       0xec build/obj/nvic.o
 .debug_abbrev  0x00000404      0x165 build/obj/chsys.o
 .debug_abbrev  0x00000569      0x1c4 build/obj/chdebug.o
 .debug_abbrev  0x0000072d       0x2a build/obj/chlists.o
 .debug_abbrev  0x00000757      0x12e build/obj/chvt.o
 .debug_abbrev  0x00000885      0x1dd build/obj/chschd.o
 .debug_abbrev  0x00000a62      0x1fe build/obj/chthreads.o
 .debug_abbrev  0x00000c60      0x177 build/obj/chdynamic.o
 .debug_abbrev  0x00000dd7      0x125 build/obj/chregistry.o
 .debug_abbrev  0x00000efc      0x1c5 build/obj/chsem.o
 .debug_abbrev  0x000010c1      0x1b6 build/obj/chmtx.o
 .debug_abbrev  0x00001277      0x1bd build/obj/chcond.o
 .debug_abbrev  0x00001434      0x1a9 build/obj/chevents.o
 .debug_abbrev  0x000015dd      0x168 build/obj/chmsg.o
 .debug_abbrev  0x00001745      0x1b5 build/obj/chmboxes.o
 .debug_abbrev  0x000018fa      0x1e4 build/obj/chqueues.o
 .debug_abbrev  0x00001ade       0xf0 build/obj/chmemcore.o
 .debug_abbrev  0x00001bce      0x178 build/obj/chheap.o
 .debug_abbrev  0x00001d46      0x11b build/obj/chmempools.o
 .debug_abbrev  0x00001e61      0x2cf build/obj/test.o
 .debug_abbrev  0x00002130      0x1aa build/obj/testthd.o
 .debug_abbrev  0x000022da      0x225 build/obj/testsem.o
 .debug_abbrev  0x000024ff      0x238 build/obj/testmtx.o
 .debug_abbrev  0x00002737      0x164 build/obj/testmsg.o
 .debug_abbrev  0x0000289b      0x190 build/obj/testmbox.o
 .debug_abbrev  0x00002a2b      0x204 build/obj/testevt.o
 .debug_abbrev  0x00002c2f      0x19d build/obj/testheap.o
 .debug_abbrev  0x00002dcc      0x13b build/obj/testpools.o
 .debug_abbrev  0x00002f07      0x1ea build/obj/testdyn.o
 .debug_abbrev  0x000030f1      0x1cd build/obj/testqueues.o
 .debug_abbrev  0x000032be      0x262 build/obj/testbmk.o
 .debug_abbrev  0x00003520      0x12d build/obj/hal.o
 .debug_abbrev  0x0000364d       0x4f build/obj/adc.o
 .debug_abbrev  0x0000369c       0x4f build/obj/can.o
 .debug_abbrev  0x000036eb      0x131 build/obj/ext.o
 .debug_abbrev  0x0000381c       0x4f build/obj/gpt.o
 .debug_abbrev  0x0000386b      0x209 build/obj/i2c.o
 .debug_abbrev  0x00003a74       0x4f build/obj/icu.o
 .debug_abbrev  0x00003ac3       0x4f build/obj/mac.o
 .debug_abbrev  0x00003b12       0xfc build/obj/pal.o
 .debug_abbrev  0x00003c0e       0x4f build/obj/pwm.o
 .debug_abbrev  0x00003c5d       0x4f build/obj/sdc.o
 .debug_abbrev  0x00003cac      0x1f2 build/obj/serial.o
 .debug_abbrev  0x00003e9e       0x4f build/obj/spi.o
 .debug_abbrev  0x00003eed       0x4f build/obj/uart.o
 .debug_abbrev  0x00003f3c       0x4f build/obj/usb.o
 .debug_abbrev  0x00003f8b      0x10a build/obj/tm.o
 .debug_abbrev  0x00004095       0x4f build/obj/mmc_spi.o
 .debug_abbrev  0x000040e4       0x4f build/obj/serial_usb.o
 .debug_abbrev  0x00004133       0x4f build/obj/rtc.o
 .debug_abbrev  0x00004182      0x17b build/obj/stm32_dma.o
 .debug_abbrev  0x000042fd       0xe9 build/obj/hal_lld.o
 .debug_abbrev  0x000043e6       0x4f build/obj/adc_lld.o
 .debug_abbrev  0x00004435       0x4f build/obj/can_lld.o
 .debug_abbrev  0x00004484      0x1bf build/obj/ext_lld.o
 .debug_abbrev  0x00004643       0x4f build/obj/gpt_lld.o
 .debug_abbrev  0x00004692      0x265 build/obj/i2c_lld.o
 .debug_abbrev  0x000048f7       0x4f build/obj/icu_lld.o
 .debug_abbrev  0x00004946       0x4f build/obj/mac_lld.o
 .debug_abbrev  0x00004995       0x4f build/obj/pwm_lld.o
 .debug_abbrev  0x000049e4      0x226 build/obj/serial_lld.o
 .debug_abbrev  0x00004c0a       0x4f build/obj/sdc_lld.o
 .debug_abbrev  0x00004c59       0x4f build/obj/spi_lld.o
 .debug_abbrev  0x00004ca8       0x4f build/obj/uart_lld.o
 .debug_abbrev  0x00004cf7      0x11a build/obj/pal_lld.o
 .debug_abbrev  0x00004e11       0x4f build/obj/usb_lld.o
 .debug_abbrev  0x00004e60       0x4f build/obj/rtc_lld.o
 .debug_abbrev  0x00004eaf       0xbe build/obj/board.o
 .debug_abbrev  0x00004f6d      0x14c build/obj/evtimer.o
 .debug_abbrev  0x000050b9      0x17e build/obj/syscalls.o
 .debug_abbrev  0x00005237      0x20e build/obj/shell.o
 .debug_abbrev  0x00005445      0x135 build/obj/chprintf.o
 .debug_abbrev  0x0000557a       0x68 build/obj/main.o
 .debug_abbrev  0x000055e2      0x1c0 build/obj/i2c_ctrl.o
 .debug_abbrev  0x000057a2      0x17d build/obj/exec_ctrl.o
 .debug_abbrev  0x0000591f      0x19f build/obj/led_ctrl.o
 .debug_abbrev  0x00005abe      0x100 build/obj/dac_ctrl.o
 .debug_abbrev  0x00005bbe      0x218 build/obj/bmsd_ctrl.o
 .debug_abbrev  0x00005dd6      0x1b6 build/obj/encabs_ctrl.o
 .debug_abbrev  0x00005f8c      0x1a6 build/obj/encrel_ctrl.o
 .debug_abbrev  0x00006132      0x138 build/obj/iwdg.o
 .debug_abbrev  0x0000626a      0x155 build/obj/iwdg_lld.o

.debug_info     0x00000000    0x1c2f7
 .debug_info    0x00000000      0x34c build/obj/crt0.o
 .debug_info    0x0000034c       0xb5 build/obj/vectors.o
 .debug_info    0x00000401       0x8b build/obj/chcore.o
 .debug_info    0x0000048c      0x80d build/obj/chcore_v7m.o
 .debug_info    0x00000c99      0x431 build/obj/nvic.o
 .debug_info    0x000010ca      0x676 build/obj/chsys.o
 .debug_info    0x00001740      0x83a build/obj/chdebug.o
 .debug_info    0x00001f7a       0x73 build/obj/chlists.o
 .debug_info    0x00001fed      0x278 build/obj/chvt.o
 .debug_info    0x00002265      0x76e build/obj/chschd.o
 .debug_info    0x000029d3      0xaa7 build/obj/chthreads.o
 .debug_info    0x0000347a      0x751 build/obj/chdynamic.o
 .debug_info    0x00003bcb      0x53c build/obj/chregistry.o
 .debug_info    0x00004107      0x8ea build/obj/chsem.o
 .debug_info    0x000049f1      0x837 build/obj/chmtx.o
 .debug_info    0x00005228      0x7d7 build/obj/chcond.o
 .debug_info    0x000059ff      0xc0c build/obj/chevents.o
 .debug_info    0x0000660b      0x623 build/obj/chmsg.o
 .debug_info    0x00006c2e      0x87e build/obj/chmboxes.o
 .debug_info    0x000074ac      0xa83 build/obj/chqueues.o
 .debug_info    0x00007f2f      0x1d4 build/obj/chmemcore.o
 .debug_info    0x00008103      0x642 build/obj/chheap.o
 .debug_info    0x00008745      0x2a2 build/obj/chmempools.o
 .debug_info    0x000089e7      0xf03 build/obj/test.o
 .debug_info    0x000098ea      0x7f8 build/obj/testthd.o
 .debug_info    0x0000a0e2      0x994 build/obj/testsem.o
 .debug_info    0x0000aa76      0xc95 build/obj/testmtx.o
 .debug_info    0x0000b70b      0x5c6 build/obj/testmsg.o
 .debug_info    0x0000bcd1      0xc1b build/obj/testmbox.o
 .debug_info    0x0000c8ec      0x918 build/obj/testevt.o
 .debug_info    0x0000d204      0x67f build/obj/testheap.o
 .debug_info    0x0000d883      0x24f build/obj/testpools.o
 .debug_info    0x0000dad2      0x91d build/obj/testdyn.o
 .debug_info    0x0000e3ef      0xe88 build/obj/testqueues.o
 .debug_info    0x0000f277      0xdd0 build/obj/testbmk.o
 .debug_info    0x00010047      0x2b1 build/obj/hal.o
 .debug_info    0x000102f8       0x9f build/obj/adc.o
 .debug_info    0x00010397       0x9f build/obj/can.o
 .debug_info    0x00010436      0x3a0 build/obj/ext.o
 .debug_info    0x000107d6       0x9f build/obj/gpt.o
 .debug_info    0x00010875      0xbd3 build/obj/i2c.o
 .debug_info    0x00011448       0x9f build/obj/icu.o
 .debug_info    0x000114e7       0x9f build/obj/mac.o
 .debug_info    0x00011586      0x240 build/obj/pal.o
 .debug_info    0x000117c6       0x9f build/obj/pwm.o
 .debug_info    0x00011865       0x9f build/obj/sdc.o
 .debug_info    0x00011904      0xde0 build/obj/serial.o
 .debug_info    0x000126e4       0x9f build/obj/spi.o
 .debug_info    0x00012783       0x9f build/obj/uart.o
 .debug_info    0x00012822       0x9f build/obj/usb.o
 .debug_info    0x000128c1      0x27e build/obj/tm.o
 .debug_info    0x00012b3f       0x9f build/obj/mmc_spi.o
 .debug_info    0x00012bde       0x9f build/obj/serial_usb.o
 .debug_info    0x00012c7d       0x9f build/obj/rtc.o
 .debug_info    0x00012d1c      0x63a build/obj/stm32_dma.o
 .debug_info    0x00013356      0x3a8 build/obj/hal_lld.o
 .debug_info    0x000136fe       0x9f build/obj/adc_lld.o
 .debug_info    0x0001379d       0x9f build/obj/can_lld.o
 .debug_info    0x0001383c      0x636 build/obj/ext_lld.o
 .debug_info    0x00013e72       0x9f build/obj/gpt_lld.o
 .debug_info    0x00013f11     0x13f4 build/obj/i2c_lld.o
 .debug_info    0x00015305       0x9f build/obj/icu_lld.o
 .debug_info    0x000153a4       0x9f build/obj/mac_lld.o
 .debug_info    0x00015443       0x9f build/obj/pwm_lld.o
 .debug_info    0x000154e2      0xdf6 build/obj/serial_lld.o
 .debug_info    0x000162d8       0x9f build/obj/sdc_lld.o
 .debug_info    0x00016377       0x9f build/obj/spi_lld.o
 .debug_info    0x00016416       0x9f build/obj/uart_lld.o
 .debug_info    0x000164b5      0x394 build/obj/pal_lld.o
 .debug_info    0x00016849       0x9f build/obj/usb_lld.o
 .debug_info    0x000168e8       0x9f build/obj/rtc_lld.o
 .debug_info    0x00016987      0x186 build/obj/board.o
 .debug_info    0x00016b0d      0x5ef build/obj/evtimer.o
 .debug_info    0x000170fc      0xc34 build/obj/syscalls.o
 .debug_info    0x00017d30      0xc2b build/obj/shell.o
 .debug_info    0x0001895b      0x3ed build/obj/chprintf.o
 .debug_info    0x00018d48       0xd2 build/obj/main.o
 .debug_info    0x00018e1a      0xabe build/obj/i2c_ctrl.o
 .debug_info    0x000198d8      0x6bd build/obj/exec_ctrl.o
 .debug_info    0x00019f95      0x5ea build/obj/led_ctrl.o
 .debug_info    0x0001a57f      0x215 build/obj/dac_ctrl.o
 .debug_info    0x0001a794      0xb69 build/obj/bmsd_ctrl.o
 .debug_info    0x0001b2fd      0x669 build/obj/encabs_ctrl.o
 .debug_info    0x0001b966      0x4ab build/obj/encrel_ctrl.o
 .debug_info    0x0001be11      0x290 build/obj/iwdg.o
 .debug_info    0x0001c0a1      0x256 build/obj/iwdg_lld.o

.debug_line     0x00000000     0xb127
 .debug_line    0x00000000      0x15e build/obj/crt0.o
 .debug_line    0x0000015e       0x6e build/obj/vectors.o
 .debug_line    0x000001cc       0x63 build/obj/chcore.o
 .debug_line    0x0000022f      0x227 build/obj/chcore_v7m.o
 .debug_line    0x00000456      0x116 build/obj/nvic.o
 .debug_line    0x0000056c      0x1c8 build/obj/chsys.o
 .debug_line    0x00000734      0x2dc build/obj/chdebug.o
 .debug_line    0x00000a10       0x1d build/obj/chlists.o
 .debug_line    0x00000a2d      0x1cb build/obj/chvt.o
 .debug_line    0x00000bf8      0x2bc build/obj/chschd.o
 .debug_line    0x00000eb4      0x3a2 build/obj/chthreads.o
 .debug_line    0x00001256      0x272 build/obj/chdynamic.o
 .debug_line    0x000014c8      0x198 build/obj/chregistry.o
 .debug_line    0x00001660      0x3d8 build/obj/chsem.o
 .debug_line    0x00001a38      0x31a build/obj/chmtx.o
 .debug_line    0x00001d52      0x2cb build/obj/chcond.o
 .debug_line    0x0000201d      0x342 build/obj/chevents.o
 .debug_line    0x0000235f      0x1ee build/obj/chmsg.o
 .debug_line    0x0000254d      0x2c7 build/obj/chmboxes.o
 .debug_line    0x00002814      0x38b build/obj/chqueues.o
 .debug_line    0x00002b9f      0x17d build/obj/chmemcore.o
 .debug_line    0x00002d1c      0x2b1 build/obj/chheap.o
 .debug_line    0x00002fcd      0x1fd build/obj/chmempools.o
 .debug_line    0x000031ca      0x4f7 build/obj/test.o
 .debug_line    0x000036c1      0x208 build/obj/testthd.o
 .debug_line    0x000038c9      0x2cb build/obj/testsem.o
 .debug_line    0x00003b94      0x465 build/obj/testmtx.o
 .debug_line    0x00003ff9      0x195 build/obj/testmsg.o
 .debug_line    0x0000418e      0x304 build/obj/testmbox.o
 .debug_line    0x00004492      0x286 build/obj/testevt.o
 .debug_line    0x00004718      0x240 build/obj/testheap.o
 .debug_line    0x00004958      0x145 build/obj/testpools.o
 .debug_line    0x00004a9d      0x31c build/obj/testdyn.o
 .debug_line    0x00004db9      0x488 build/obj/testqueues.o
 .debug_line    0x00005241      0x58c build/obj/testbmk.o
 .debug_line    0x000057cd      0x250 build/obj/hal.o
 .debug_line    0x00005a1d       0xde build/obj/adc.o
 .debug_line    0x00005afb       0xde build/obj/can.o
 .debug_line    0x00005bd9      0x23c build/obj/ext.o
 .debug_line    0x00005e15       0xde build/obj/gpt.o
 .debug_line    0x00005ef3      0x419 build/obj/i2c.o
 .debug_line    0x0000630c       0xde build/obj/icu.o
 .debug_line    0x000063ea       0xde build/obj/mac.o
 .debug_line    0x000064c8      0x201 build/obj/pal.o
 .debug_line    0x000066c9       0xde build/obj/pwm.o
 .debug_line    0x000067a7       0xde build/obj/sdc.o
 .debug_line    0x00006885      0x41a build/obj/serial.o
 .debug_line    0x00006c9f       0xde build/obj/spi.o
 .debug_line    0x00006d7d       0xde build/obj/uart.o
 .debug_line    0x00006e5b       0xde build/obj/usb.o
 .debug_line    0x00006f39      0x1ea build/obj/tm.o
 .debug_line    0x00007123       0xde build/obj/mmc_spi.o
 .debug_line    0x00007201       0xde build/obj/serial_usb.o
 .debug_line    0x000072df       0xde build/obj/rtc.o
 .debug_line    0x000073bd      0x27f build/obj/stm32_dma.o
 .debug_line    0x0000763c      0x1d3 build/obj/hal_lld.o
 .debug_line    0x0000780f       0xde build/obj/adc_lld.o
 .debug_line    0x000078ed       0xde build/obj/can_lld.o
 .debug_line    0x000079cb      0x30b build/obj/ext_lld.o
 .debug_line    0x00007cd6       0xde build/obj/gpt_lld.o
 .debug_line    0x00007db4      0x5f0 build/obj/i2c_lld.o
 .debug_line    0x000083a4       0xde build/obj/icu_lld.o
 .debug_line    0x00008482       0xde build/obj/mac_lld.o
 .debug_line    0x00008560       0xde build/obj/pwm_lld.o
 .debug_line    0x0000863e      0x397 build/obj/serial_lld.o
 .debug_line    0x000089d5       0xde build/obj/sdc_lld.o
 .debug_line    0x00008ab3       0xde build/obj/spi_lld.o
 .debug_line    0x00008b91       0xde build/obj/uart_lld.o
 .debug_line    0x00008c6f      0x1b8 build/obj/pal_lld.o
 .debug_line    0x00008e27       0xde build/obj/usb_lld.o
 .debug_line    0x00008f05       0xde build/obj/rtc_lld.o
 .debug_line    0x00008fe3      0x14e build/obj/board.o
 .debug_line    0x00009131      0x1b0 build/obj/evtimer.o
 .debug_line    0x000092e1      0x1e6 build/obj/syscalls.o
 .debug_line    0x000094c7      0x387 build/obj/shell.o
 .debug_line    0x0000984e      0x28f build/obj/chprintf.o
 .debug_line    0x00009add      0x147 build/obj/main.o
 .debug_line    0x00009c24      0x359 build/obj/i2c_ctrl.o
 .debug_line    0x00009f7d      0x220 build/obj/exec_ctrl.o
 .debug_line    0x0000a19d      0x248 build/obj/led_ctrl.o
 .debug_line    0x0000a3e5      0x1d1 build/obj/dac_ctrl.o
 .debug_line    0x0000a5b6      0x396 build/obj/bmsd_ctrl.o
 .debug_line    0x0000a94c      0x29f build/obj/encabs_ctrl.o
 .debug_line    0x0000abeb      0x203 build/obj/encrel_ctrl.o
 .debug_line    0x0000adee      0x196 build/obj/iwdg.o
 .debug_line    0x0000af84      0x1a3 build/obj/iwdg_lld.o

.debug_pubnames
                0x00000000     0x1a88
 .debug_pubnames
                0x00000000       0x56 build/obj/crt0.o
 .debug_pubnames
                0x00000056       0x38 build/obj/vectors.o
 .debug_pubnames
                0x0000008e       0x20 build/obj/chcore.o
 .debug_pubnames
                0x000000ae       0x9d build/obj/chcore_v7m.o
 .debug_pubnames
                0x0000014b       0x5e build/obj/nvic.o
 .debug_pubnames
                0x000001a9       0x5c build/obj/chsys.o
 .debug_pubnames
                0x00000205      0x184 build/obj/chdebug.o
 .debug_pubnames
                0x00000389       0x59 build/obj/chvt.o
 .debug_pubnames
                0x000003e2       0xa7 build/obj/chschd.o
 .debug_pubnames
                0x00000489       0xf3 build/obj/chthreads.o
 .debug_pubnames
                0x0000057c       0x69 build/obj/chdynamic.o
 .debug_pubnames
                0x000005e5       0x3b build/obj/chregistry.o
 .debug_pubnames
                0x00000620       0xd1 build/obj/chsem.o
 .debug_pubnames
                0x000006f1       0x94 build/obj/chmtx.o
 .debug_pubnames
                0x00000785       0xb9 build/obj/chcond.o
 .debug_pubnames
                0x0000083e      0x14b build/obj/chevents.o
 .debug_pubnames
                0x00000989       0x3f build/obj/chmsg.o
 .debug_pubnames
                0x000009c8       0xba build/obj/chmboxes.o
 .debug_pubnames
                0x00000a82       0xb3 build/obj/chqueues.o
 .debug_pubnames
                0x00000b35       0x53 build/obj/chmemcore.o
 .debug_pubnames
                0x00000b88       0x60 build/obj/chheap.o
 .debug_pubnames
                0x00000be8       0x61 build/obj/chmempools.o
 .debug_pubnames
                0x00000c49      0x158 build/obj/test.o
 .debug_pubnames
                0x00000da1       0x55 build/obj/testthd.o
 .debug_pubnames
                0x00000df6       0x55 build/obj/testsem.o
 .debug_pubnames
                0x00000e4b       0x89 build/obj/testmtx.o
 .debug_pubnames
                0x00000ed4       0x2e build/obj/testmsg.o
 .debug_pubnames
                0x00000f02       0x30 build/obj/testmbox.o
 .debug_pubnames
                0x00000f32       0x48 build/obj/testevt.o
 .debug_pubnames
                0x00000f7a       0x30 build/obj/testheap.o
 .debug_pubnames
                0x00000faa       0x32 build/obj/testpools.o
 .debug_pubnames
                0x00000fdc       0x48 build/obj/testdyn.o
 .debug_pubnames
                0x00001024       0x44 build/obj/testqueues.o
 .debug_pubnames
                0x00001068       0xda build/obj/testbmk.o
 .debug_pubnames
                0x00001142       0x48 build/obj/hal.o
 .debug_pubnames
                0x0000118a       0x74 build/obj/ext.o
 .debug_pubnames
                0x000011fe       0xcd build/obj/i2c.o
 .debug_pubnames
                0x000012cb       0x43 build/obj/pal.o
 .debug_pubnames
                0x0000130e       0x6c build/obj/serial.o
 .debug_pubnames
                0x0000137a       0x2e build/obj/tm.o
 .debug_pubnames
                0x000013a8       0xbb build/obj/stm32_dma.o
 .debug_pubnames
                0x00001463       0x38 build/obj/hal_lld.o
 .debug_pubnames
                0x0000149b      0x114 build/obj/ext_lld.o
 .debug_pubnames
                0x000015af       0xce build/obj/i2c_lld.o
 .debug_pubnames
                0x0000167d       0x58 build/obj/serial_lld.o
 .debug_pubnames
                0x000016d5       0x3e build/obj/pal_lld.o
 .debug_pubnames
                0x00001713       0x48 build/obj/board.o
 .debug_pubnames
                0x0000175b       0x2b build/obj/evtimer.o
 .debug_pubnames
                0x00001786       0x6c build/obj/syscalls.o
 .debug_pubnames
                0x000017f2       0x6c build/obj/shell.o
 .debug_pubnames
                0x0000185e       0x1f build/obj/chprintf.o
 .debug_pubnames
                0x0000187d       0x1b build/obj/main.o
 .debug_pubnames
                0x00001898       0x1e build/obj/i2c_ctrl.o
 .debug_pubnames
                0x000018b6       0x2f build/obj/exec_ctrl.o
 .debug_pubnames
                0x000018e5       0x2a build/obj/led_ctrl.o
 .debug_pubnames
                0x0000190f       0x29 build/obj/dac_ctrl.o
 .debug_pubnames
                0x00001938       0x5b build/obj/bmsd_ctrl.o
 .debug_pubnames
                0x00001993       0x2c build/obj/encabs_ctrl.o
 .debug_pubnames
                0x000019bf       0x3a build/obj/encrel_ctrl.o
 .debug_pubnames
                0x000019f9       0x3b build/obj/iwdg.o
 .debug_pubnames
                0x00001a34       0x54 build/obj/iwdg_lld.o

.debug_pubtypes
                0x00000000     0x4bd9
 .debug_pubtypes
                0x00000000       0x44 build/obj/crt0.o
 .debug_pubtypes
                0x00000044       0x12 build/obj/vectors.o
 .debug_pubtypes
                0x00000056       0x12 build/obj/chcore.o
 .debug_pubtypes
                0x00000068      0x14a build/obj/chcore_v7m.o
 .debug_pubtypes
                0x000001b2       0x38 build/obj/nvic.o
 .debug_pubtypes
                0x000001ea      0x179 build/obj/chsys.o
 .debug_pubtypes
                0x00000363      0x196 build/obj/chdebug.o
 .debug_pubtypes
                0x000004f9       0x12 build/obj/chlists.o
 .debug_pubtypes
                0x0000050b       0x7e build/obj/chvt.o
 .debug_pubtypes
                0x00000589      0x17e build/obj/chschd.o
 .debug_pubtypes
                0x00000707      0x184 build/obj/chthreads.o
 .debug_pubtypes
                0x0000088b      0x191 build/obj/chdynamic.o
 .debug_pubtypes
                0x00000a1c      0x133 build/obj/chregistry.o
 .debug_pubtypes
                0x00000b4f      0x14f build/obj/chsem.o
 .debug_pubtypes
                0x00000c9e      0x13e build/obj/chmtx.o
 .debug_pubtypes
                0x00000ddc      0x14b build/obj/chcond.o
 .debug_pubtypes
                0x00000f27      0x195 build/obj/chevents.o
 .debug_pubtypes
                0x000010bc      0x133 build/obj/chmsg.o
 .debug_pubtypes
                0x000011ef      0x14d build/obj/chmboxes.o
 .debug_pubtypes
                0x0000133c      0x198 build/obj/chqueues.o
 .debug_pubtypes
                0x000014d4       0x36 build/obj/chmemcore.o
 .debug_pubtypes
                0x0000150a      0x166 build/obj/chheap.o
 .debug_pubtypes
                0x00001670       0x5a build/obj/chmempools.o
 .debug_pubtypes
                0x000016ca      0x1c4 build/obj/test.o
 .debug_pubtypes
                0x0000188e      0x17a build/obj/testthd.o
 .debug_pubtypes
                0x00001a08      0x1aa build/obj/testsem.o
 .debug_pubtypes
                0x00001bb2      0x19d build/obj/testmtx.o
 .debug_pubtypes
                0x00001d4f      0x140 build/obj/testmsg.o
 .debug_pubtypes
                0x00001e8f      0x16b build/obj/testmbox.o
 .debug_pubtypes
                0x00001ffa      0x1dc build/obj/testevt.o
 .debug_pubtypes
                0x000021d6      0x184 build/obj/testheap.o
 .debug_pubtypes
                0x0000235a       0x5a build/obj/testpools.o
 .debug_pubtypes
                0x000023b4      0x1c6 build/obj/testdyn.o
 .debug_pubtypes
                0x0000257a      0x1b6 build/obj/testqueues.o
 .debug_pubtypes
                0x00002730      0x1e0 build/obj/testbmk.o
 .debug_pubtypes
                0x00002910       0x76 build/obj/hal.o
 .debug_pubtypes
                0x00002986       0x1e build/obj/adc.o
 .debug_pubtypes
                0x000029a4       0x1e build/obj/can.o
 .debug_pubtypes
                0x000029c2       0xa9 build/obj/ext.o
 .debug_pubtypes
                0x00002a6b       0x1e build/obj/gpt.o
 .debug_pubtypes
                0x00002a89      0x1eb build/obj/i2c.o
 .debug_pubtypes
                0x00002c74       0x1e build/obj/icu.o
 .debug_pubtypes
                0x00002c92       0x1e build/obj/mac.o
 .debug_pubtypes
                0x00002cb0       0x84 build/obj/pal.o
 .debug_pubtypes
                0x00002d34       0x1e build/obj/pwm.o
 .debug_pubtypes
                0x00002d52       0x1e build/obj/sdc.o
 .debug_pubtypes
                0x00002d70      0x293 build/obj/serial.o
 .debug_pubtypes
                0x00003003       0x1e build/obj/spi.o
 .debug_pubtypes
                0x00003021       0x1e build/obj/uart.o
 .debug_pubtypes
                0x0000303f       0x1e build/obj/usb.o
 .debug_pubtypes
                0x0000305d       0x6e build/obj/tm.o
 .debug_pubtypes
                0x000030cb       0x1e build/obj/mmc_spi.o
 .debug_pubtypes
                0x000030e9       0x1e build/obj/serial_usb.o
 .debug_pubtypes
                0x00003107       0x1e build/obj/rtc.o
 .debug_pubtypes
                0x00003125       0xce build/obj/stm32_dma.o
 .debug_pubtypes
                0x000031f3       0x93 build/obj/hal_lld.o
 .debug_pubtypes
                0x00003286       0x1e build/obj/adc_lld.o
 .debug_pubtypes
                0x000032a4       0x1e build/obj/can_lld.o
 .debug_pubtypes
                0x000032c2       0xd4 build/obj/ext_lld.o
 .debug_pubtypes
                0x00003396       0x1e build/obj/gpt_lld.o
 .debug_pubtypes
                0x000033b4      0x269 build/obj/i2c_lld.o
 .debug_pubtypes
                0x0000361d       0x1e build/obj/icu_lld.o
 .debug_pubtypes
                0x0000363b       0x1e build/obj/mac_lld.o
 .debug_pubtypes
                0x00003659       0x1e build/obj/pwm_lld.o
 .debug_pubtypes
                0x00003677      0x271 build/obj/serial_lld.o
 .debug_pubtypes
                0x000038e8       0x1e build/obj/sdc_lld.o
 .debug_pubtypes
                0x00003906       0x1e build/obj/spi_lld.o
 .debug_pubtypes
                0x00003924       0x1e build/obj/uart_lld.o
 .debug_pubtypes
                0x00003942       0xaa build/obj/pal_lld.o
 .debug_pubtypes
                0x000039ec       0x1e build/obj/usb_lld.o
 .debug_pubtypes
                0x00003a0a       0x1e build/obj/rtc_lld.o
 .debug_pubtypes
                0x00003a28       0x50 build/obj/board.o
 .debug_pubtypes
                0x00003a78      0x19a build/obj/evtimer.o
 .debug_pubtypes
                0x00003c12      0x19b build/obj/syscalls.o
 .debug_pubtypes
                0x00003dad      0x21a build/obj/shell.o
 .debug_pubtypes
                0x00003fc7       0xb5 build/obj/chprintf.o
 .debug_pubtypes
                0x0000407c       0x39 build/obj/main.o
 .debug_pubtypes
                0x000040b5      0x225 build/obj/i2c_ctrl.o
 .debug_pubtypes
                0x000042da      0x15b build/obj/exec_ctrl.o
 .debug_pubtypes
                0x00004435      0x155 build/obj/led_ctrl.o
 .debug_pubtypes
                0x0000458a       0x71 build/obj/dac_ctrl.o
 .debug_pubtypes
                0x000045fb      0x286 build/obj/bmsd_ctrl.o
 .debug_pubtypes
                0x00004881      0x16e build/obj/encabs_ctrl.o
 .debug_pubtypes
                0x000049ef       0xc6 build/obj/encrel_ctrl.o
 .debug_pubtypes
                0x00004ab5       0x92 build/obj/iwdg.o
 .debug_pubtypes
                0x00004b47       0x92 build/obj/iwdg_lld.o

.debug_aranges  0x00000000     0x1388
 .debug_aranges
                0x00000000       0x38 build/obj/crt0.o
 .debug_aranges
                0x00000038       0x20 build/obj/vectors.o
 .debug_aranges
                0x00000058       0x20 build/obj/chcore.o
 .debug_aranges
                0x00000078       0x50 build/obj/chcore_v7m.o
 .debug_aranges
                0x000000c8       0x30 build/obj/nvic.o
 .debug_aranges
                0x000000f8       0x30 build/obj/chsys.o
 .debug_aranges
                0x00000128       0x88 build/obj/chdebug.o
 .debug_aranges
                0x000001b0       0x38 build/obj/chvt.o
 .debug_aranges
                0x000001e8       0x68 build/obj/chschd.o
 .debug_aranges
                0x00000250       0x90 build/obj/chthreads.o
 .debug_aranges
                0x000002e0       0x38 build/obj/chdynamic.o
 .debug_aranges
                0x00000318       0x28 build/obj/chregistry.o
 .debug_aranges
                0x00000340       0x88 build/obj/chsem.o
 .debug_aranges
                0x000003c8       0x70 build/obj/chmtx.o
 .debug_aranges
                0x00000438       0x70 build/obj/chcond.o
 .debug_aranges
                0x000004a8       0x90 build/obj/chevents.o
 .debug_aranges
                0x00000538       0x40 build/obj/chmsg.o
 .debug_aranges
                0x00000578       0x70 build/obj/chmboxes.o
 .debug_aranges
                0x000005e8       0x80 build/obj/chqueues.o
 .debug_aranges
                0x00000668       0x38 build/obj/chmemcore.o
 .debug_aranges
                0x000006a0       0x40 build/obj/chheap.o
 .debug_aranges
                0x000006e0       0x40 build/obj/chmempools.o
 .debug_aranges
                0x00000720       0xb0 build/obj/test.o
 .debug_aranges
                0x000007d0       0x40 build/obj/testthd.o
 .debug_aranges
                0x00000810       0x70 build/obj/testsem.o
 .debug_aranges
                0x00000880      0x108 build/obj/testmtx.o
 .debug_aranges
                0x00000988       0x28 build/obj/testmsg.o
 .debug_aranges
                0x000009b0       0x28 build/obj/testmbox.o
 .debug_aranges
                0x000009d8       0x70 build/obj/testevt.o
 .debug_aranges
                0x00000a48       0x28 build/obj/testheap.o
 .debug_aranges
                0x00000a70       0x30 build/obj/testpools.o
 .debug_aranges
                0x00000aa0       0x58 build/obj/testdyn.o
 .debug_aranges
                0x00000af8       0x50 build/obj/testqueues.o
 .debug_aranges
                0x00000b48       0xd0 build/obj/testbmk.o
 .debug_aranges
                0x00000c18       0x30 build/obj/hal.o
 .debug_aranges
                0x00000c48       0x48 build/obj/ext.o
 .debug_aranges
                0x00000c90       0x68 build/obj/i2c.o
 .debug_aranges
                0x00000cf8       0x30 build/obj/pal.o
 .debug_aranges
                0x00000d28       0x90 build/obj/serial.o
 .debug_aranges
                0x00000db8       0x38 build/obj/tm.o
 .debug_aranges
                0x00000df0       0x68 build/obj/stm32_dma.o
 .debug_aranges
                0x00000e58       0x30 build/obj/hal_lld.o
 .debug_aranges
                0x00000e88       0x90 build/obj/ext_lld.o
 .debug_aranges
                0x00000f18       0x98 build/obj/i2c_lld.o
 .debug_aranges
                0x00000fb0       0x60 build/obj/serial_lld.o
 .debug_aranges
                0x00001010       0x28 build/obj/pal_lld.o
 .debug_aranges
                0x00001038       0x28 build/obj/board.o
 .debug_aranges
                0x00001060       0x30 build/obj/evtimer.o
 .debug_aranges
                0x00001090       0x50 build/obj/syscalls.o
 .debug_aranges
                0x000010e0       0x70 build/obj/shell.o
 .debug_aranges
                0x00001150       0x28 build/obj/chprintf.o
 .debug_aranges
                0x00001178       0x20 build/obj/main.o
 .debug_aranges
                0x00001198       0x30 build/obj/i2c_ctrl.o
 .debug_aranges
                0x000011c8       0x30 build/obj/exec_ctrl.o
 .debug_aranges
                0x000011f8       0x30 build/obj/led_ctrl.o
 .debug_aranges
                0x00001228       0x30 build/obj/dac_ctrl.o
 .debug_aranges
                0x00001258       0x50 build/obj/bmsd_ctrl.o
 .debug_aranges
                0x000012a8       0x40 build/obj/encabs_ctrl.o
 .debug_aranges
                0x000012e8       0x40 build/obj/encrel_ctrl.o
 .debug_aranges
                0x00001328       0x30 build/obj/iwdg.o
 .debug_aranges
                0x00001358       0x30 build/obj/iwdg_lld.o

.debug_ranges   0x00000000      0xfe8
 .debug_ranges  0x00000000       0x28 build/obj/crt0.o
 .debug_ranges  0x00000028       0x10 build/obj/vectors.o
 .debug_ranges  0x00000038       0x10 build/obj/chcore.o
 .debug_ranges  0x00000048       0x40 build/obj/chcore_v7m.o
 .debug_ranges  0x00000088       0x20 build/obj/nvic.o
 .debug_ranges  0x000000a8       0x20 build/obj/chsys.o
 .debug_ranges  0x000000c8       0x78 build/obj/chdebug.o
 .debug_ranges  0x00000140       0x28 build/obj/chvt.o
 .debug_ranges  0x00000168       0x58 build/obj/chschd.o
 .debug_ranges  0x000001c0       0x80 build/obj/chthreads.o
 .debug_ranges  0x00000240       0x28 build/obj/chdynamic.o
 .debug_ranges  0x00000268       0x18 build/obj/chregistry.o
 .debug_ranges  0x00000280       0x78 build/obj/chsem.o
 .debug_ranges  0x000002f8       0x60 build/obj/chmtx.o
 .debug_ranges  0x00000358       0x60 build/obj/chcond.o
 .debug_ranges  0x000003b8       0x80 build/obj/chevents.o
 .debug_ranges  0x00000438       0x30 build/obj/chmsg.o
 .debug_ranges  0x00000468       0x60 build/obj/chmboxes.o
 .debug_ranges  0x000004c8       0x70 build/obj/chqueues.o
 .debug_ranges  0x00000538       0x28 build/obj/chmemcore.o
 .debug_ranges  0x00000560       0x30 build/obj/chheap.o
 .debug_ranges  0x00000590       0x30 build/obj/chmempools.o
 .debug_ranges  0x000005c0       0xa0 build/obj/test.o
 .debug_ranges  0x00000660       0x30 build/obj/testthd.o
 .debug_ranges  0x00000690       0x60 build/obj/testsem.o
 .debug_ranges  0x000006f0       0xf8 build/obj/testmtx.o
 .debug_ranges  0x000007e8       0x18 build/obj/testmsg.o
 .debug_ranges  0x00000800       0x18 build/obj/testmbox.o
 .debug_ranges  0x00000818       0x60 build/obj/testevt.o
 .debug_ranges  0x00000878       0x18 build/obj/testheap.o
 .debug_ranges  0x00000890       0x20 build/obj/testpools.o
 .debug_ranges  0x000008b0       0x48 build/obj/testdyn.o
 .debug_ranges  0x000008f8       0x40 build/obj/testqueues.o
 .debug_ranges  0x00000938       0xc0 build/obj/testbmk.o
 .debug_ranges  0x000009f8       0x20 build/obj/hal.o
 .debug_ranges  0x00000a18       0x38 build/obj/ext.o
 .debug_ranges  0x00000a50       0x58 build/obj/i2c.o
 .debug_ranges  0x00000aa8       0x20 build/obj/pal.o
 .debug_ranges  0x00000ac8       0x80 build/obj/serial.o
 .debug_ranges  0x00000b48       0x28 build/obj/tm.o
 .debug_ranges  0x00000b70       0x58 build/obj/stm32_dma.o
 .debug_ranges  0x00000bc8       0x20 build/obj/hal_lld.o
 .debug_ranges  0x00000be8       0x80 build/obj/ext_lld.o
 .debug_ranges  0x00000c68       0x88 build/obj/i2c_lld.o
 .debug_ranges  0x00000cf0       0x50 build/obj/serial_lld.o
 .debug_ranges  0x00000d40       0x18 build/obj/pal_lld.o
 .debug_ranges  0x00000d58       0x18 build/obj/board.o
 .debug_ranges  0x00000d70       0x20 build/obj/evtimer.o
 .debug_ranges  0x00000d90       0x40 build/obj/syscalls.o
 .debug_ranges  0x00000dd0       0x60 build/obj/shell.o
 .debug_ranges  0x00000e30       0x18 build/obj/chprintf.o
 .debug_ranges  0x00000e48       0x10 build/obj/main.o
 .debug_ranges  0x00000e58       0x38 build/obj/i2c_ctrl.o
 .debug_ranges  0x00000e90       0x38 build/obj/exec_ctrl.o
 .debug_ranges  0x00000ec8       0x20 build/obj/led_ctrl.o
 .debug_ranges  0x00000ee8       0x20 build/obj/dac_ctrl.o
 .debug_ranges  0x00000f08       0x40 build/obj/bmsd_ctrl.o
 .debug_ranges  0x00000f48       0x30 build/obj/encabs_ctrl.o
 .debug_ranges  0x00000f78       0x30 build/obj/encrel_ctrl.o
 .debug_ranges  0x00000fa8       0x20 build/obj/iwdg.o
 .debug_ranges  0x00000fc8       0x20 build/obj/iwdg_lld.o

.debug_str      0x00000000     0x3b53
 .debug_str     0x00000000      0x1d0 build/obj/crt0.o
                                0x209 (size before relaxing)
 .debug_str     0x000001d0       0x57 build/obj/vectors.o
                                0x117 (size before relaxing)
 .debug_str     0x00000227       0x38 build/obj/chcore.o
                                 0xf8 (size before relaxing)
 .debug_str     0x0000025f      0x2a1 build/obj/chcore_v7m.o
                                0x39e (size before relaxing)
 .debug_str     0x00000500       0xc6 build/obj/nvic.o
                                0x1ef (size before relaxing)
 .debug_str     0x000005c6       0xdd build/obj/chsys.o
                                0x36f (size before relaxing)
 .debug_str     0x000006a3      0x1ae build/obj/chdebug.o
                                0x48e (size before relaxing)
 .debug_str     0x00000851       0x29 build/obj/chlists.o
                                 0xe9 (size before relaxing)
 .debug_str     0x0000087a       0x60 build/obj/chvt.o
                                0x19c (size before relaxing)
 .debug_str     0x000008da       0xc9 build/obj/chschd.o
                                0x39f (size before relaxing)
 .debug_str     0x000009a3      0x113 build/obj/chthreads.o
                                0x40a (size before relaxing)
 .debug_str     0x00000ab6       0xf7 build/obj/chdynamic.o
                                0x36b (size before relaxing)
 .debug_str     0x00000bad       0x4d build/obj/chregistry.o
                                0x2d7 (size before relaxing)
 .debug_str     0x00000bfa       0xd3 build/obj/chsem.o
                                0x386 (size before relaxing)
 .debug_str     0x00000ccd       0x95 build/obj/chmtx.o
                                0x342 (size before relaxing)
 .debug_str     0x00000d62       0xbb build/obj/chcond.o
                                0x362 (size before relaxing)
 .debug_str     0x00000e1d      0x184 build/obj/chevents.o
                                0x418 (size before relaxing)
 .debug_str     0x00000fa1       0x48 build/obj/chmsg.o
                                0x2eb (size before relaxing)
 .debug_str     0x00000fe9       0xed build/obj/chmboxes.o
                                0x34b (size before relaxing)
 .debug_str     0x000010d6      0x11d build/obj/chqueues.o
                                0x3d8 (size before relaxing)
 .debug_str     0x000011f3       0x86 build/obj/chmemcore.o
                                0x163 (size before relaxing)
 .debug_str     0x00001279       0x75 build/obj/chheap.o
                                0x31a (size before relaxing)
 .debug_str     0x000012ee       0x67 build/obj/chmempools.o
                                0x199 (size before relaxing)
 .debug_str     0x00001355      0x286 build/obj/test.o
                                0x5bd (size before relaxing)
 .debug_str     0x000015db       0x78 build/obj/testthd.o
                                0x3a1 (size before relaxing)
 .debug_str     0x00001653       0xe1 build/obj/testsem.o
                                0x416 (size before relaxing)
 .debug_str     0x00001734      0x19f build/obj/testmtx.o
                                0x4e0 (size before relaxing)
 .debug_str     0x000018d3       0x36 build/obj/testmsg.o
                                0x2ff (size before relaxing)
 .debug_str     0x00001909       0x4a build/obj/testmbox.o
                                0x334 (size before relaxing)
 .debug_str     0x00001953       0x8a build/obj/testevt.o
                                0x412 (size before relaxing)
 .debug_str     0x000019dd       0x4f build/obj/testheap.o
                                0x338 (size before relaxing)
 .debug_str     0x00001a2c       0x57 build/obj/testpools.o
                                0x1a4 (size before relaxing)
 .debug_str     0x00001a83       0x91 build/obj/testdyn.o
                                0x42b (size before relaxing)
 .debug_str     0x00001b14       0x77 build/obj/testqueues.o
                                0x3e4 (size before relaxing)
 .debug_str     0x00001b8b      0x184 build/obj/testbmk.o
                                0x54c (size before relaxing)
 .debug_str     0x00001d0f       0xef build/obj/hal.o
                                0x1e2 (size before relaxing)
 .debug_str     0x00001dfe       0x22 build/obj/adc.o
                                 0xf7 (size before relaxing)
 .debug_str     0x00001e20       0x22 build/obj/can.o
                                 0xf7 (size before relaxing)
 .debug_str     0x00001e42       0xf2 build/obj/ext.o
                                0x1ea (size before relaxing)
 .debug_str     0x00001f34       0x22 build/obj/gpt.o
                                 0xf7 (size before relaxing)
 .debug_str     0x00001f56      0x2f7 build/obj/i2c.o
                                0x573 (size before relaxing)
 .debug_str     0x0000224d       0x22 build/obj/icu.o
                                 0xf7 (size before relaxing)
 .debug_str     0x0000226f       0x22 build/obj/mac.o
                                 0xf7 (size before relaxing)
 .debug_str     0x00002291       0x9e build/obj/pal.o
                                0x18d (size before relaxing)
 .debug_str     0x0000232f       0x22 build/obj/pwm.o
                                 0xf7 (size before relaxing)
 .debug_str     0x00002351       0x22 build/obj/sdc.o
                                 0xf7 (size before relaxing)
 .debug_str     0x00002373      0x16f build/obj/serial.o
                                0x522 (size before relaxing)
 .debug_str     0x000024e2       0x22 build/obj/spi.o
                                 0xf7 (size before relaxing)
 .debug_str     0x00002504       0x23 build/obj/uart.o
                                 0xf8 (size before relaxing)
 .debug_str     0x00002527       0x22 build/obj/usb.o
                                 0xf7 (size before relaxing)
 .debug_str     0x00002549       0x74 build/obj/tm.o
                                0x1ac (size before relaxing)
 .debug_str     0x000025bd       0x26 build/obj/mmc_spi.o
                                 0xfb (size before relaxing)
 .debug_str     0x000025e3       0x29 build/obj/serial_usb.o
                                 0xfe (size before relaxing)
 .debug_str     0x0000260c       0x22 build/obj/rtc.o
                                 0xf7 (size before relaxing)
 .debug_str     0x0000262e      0x42e build/obj/stm32_dma.o
                                0x596 (size before relaxing)
 .debug_str     0x00002a5c       0xd7 build/obj/hal_lld.o
                                0x241 (size before relaxing)
 .debug_str     0x00002b33       0x36 build/obj/adc_lld.o
                                0x10b (size before relaxing)
 .debug_str     0x00002b69       0x32 build/obj/can_lld.o
                                0x107 (size before relaxing)
 .debug_str     0x00002b9b      0x13f build/obj/ext_lld.o
                                0x594 (size before relaxing)
 .debug_str     0x00002cda       0x32 build/obj/gpt_lld.o
                                0x107 (size before relaxing)
 .debug_str     0x00002d0c      0x1cb build/obj/i2c_lld.o
                                0xa5d (size before relaxing)
 .debug_str     0x00002ed7       0x32 build/obj/icu_lld.o
                                0x107 (size before relaxing)
 .debug_str     0x00002f09       0x32 build/obj/mac_lld.o
                                0x107 (size before relaxing)
 .debug_str     0x00002f3b       0x32 build/obj/pwm_lld.o
                                0x107 (size before relaxing)
 .debug_str     0x00002f6d       0x9d build/obj/serial_lld.o
                                0x807 (size before relaxing)
 .debug_str     0x0000300a       0x32 build/obj/sdc_lld.o
                                0x107 (size before relaxing)
 .debug_str     0x0000303c       0x32 build/obj/spi_lld.o
                                0x107 (size before relaxing)
 .debug_str     0x0000306e       0x33 build/obj/uart_lld.o
                                0x108 (size before relaxing)
 .debug_str     0x000030a1       0x69 build/obj/pal_lld.o
                                0x217 (size before relaxing)
 .debug_str     0x0000310a       0x38 build/obj/usb_lld.o
                                0x10d (size before relaxing)
 .debug_str     0x00003142       0x38 build/obj/rtc_lld.o
                                0x10d (size before relaxing)
 .debug_str     0x0000317a       0x1a build/obj/board.o
                                0x158 (size before relaxing)
 .debug_str     0x00003194       0x5d build/obj/evtimer.o
                                0x313 (size before relaxing)
 .debug_str     0x000031f1      0x4a1 build/obj/syscalls.o
                                0x5d2 (size before relaxing)
 .debug_str     0x00003692      0x126 build/obj/shell.o
                                0x4d2 (size before relaxing)
 .debug_str     0x000037b8       0x9a build/obj/chprintf.o
                                0x1e8 (size before relaxing)
 .debug_str     0x00003852       0x12 build/obj/main.o
                                 0xfa (size before relaxing)
 .debug_str     0x00003864       0x5c build/obj/i2c_ctrl.o
                                0x586 (size before relaxing)
 .debug_str     0x000038c0       0x5b build/obj/exec_ctrl.o
                                0x35f (size before relaxing)
 .debug_str     0x0000391b       0x33 build/obj/led_ctrl.o
                                0x2fa (size before relaxing)
 .debug_str     0x0000394e       0x20 build/obj/dac_ctrl.o
                                0x151 (size before relaxing)
 .debug_str     0x0000396e       0x78 build/obj/bmsd_ctrl.o
                                0x503 (size before relaxing)
 .debug_str     0x000039e6       0x48 build/obj/encabs_ctrl.o
                                0x326 (size before relaxing)
 .debug_str     0x00003a2e       0x53 build/obj/encrel_ctrl.o
                                0x202 (size before relaxing)
 .debug_str     0x00003a81       0x8a build/obj/iwdg.o
                                0x18e (size before relaxing)
 .debug_str     0x00003b0b       0x48 build/obj/iwdg_lld.o
                                0x1a0 (size before relaxing)

.comment        0x00000000       0x2a
 .comment       0x00000000       0x2a build/obj/crt0.o
                                 0x2b (size before relaxing)
 .comment       0x00000000       0x2b build/obj/vectors.o
 .comment       0x00000000       0x2b build/obj/chcore.o
 .comment       0x00000000       0x2b build/obj/chcore_v7m.o
 .comment       0x00000000       0x2b build/obj/nvic.o
 .comment       0x00000000       0x2b build/obj/chsys.o
 .comment       0x00000000       0x2b build/obj/chdebug.o
 .comment       0x00000000       0x2b build/obj/chlists.o
 .comment       0x00000000       0x2b build/obj/chvt.o
 .comment       0x00000000       0x2b build/obj/chschd.o
 .comment       0x00000000       0x2b build/obj/chthreads.o
 .comment       0x00000000       0x2b build/obj/chdynamic.o
 .comment       0x00000000       0x2b build/obj/chregistry.o
 .comment       0x00000000       0x2b build/obj/chsem.o
 .comment       0x00000000       0x2b build/obj/chmtx.o
 .comment       0x00000000       0x2b build/obj/chcond.o
 .comment       0x00000000       0x2b build/obj/chevents.o
 .comment       0x00000000       0x2b build/obj/chmsg.o
 .comment       0x00000000       0x2b build/obj/chmboxes.o
 .comment       0x00000000       0x2b build/obj/chqueues.o
 .comment       0x00000000       0x2b build/obj/chmemcore.o
 .comment       0x00000000       0x2b build/obj/chheap.o
 .comment       0x00000000       0x2b build/obj/chmempools.o
 .comment       0x00000000       0x2b build/obj/test.o
 .comment       0x00000000       0x2b build/obj/testthd.o
 .comment       0x00000000       0x2b build/obj/testsem.o
 .comment       0x00000000       0x2b build/obj/testmtx.o
 .comment       0x00000000       0x2b build/obj/testmsg.o
 .comment       0x00000000       0x2b build/obj/testmbox.o
 .comment       0x00000000       0x2b build/obj/testevt.o
 .comment       0x00000000       0x2b build/obj/testheap.o
 .comment       0x00000000       0x2b build/obj/testpools.o
 .comment       0x00000000       0x2b build/obj/testdyn.o
 .comment       0x00000000       0x2b build/obj/testqueues.o
 .comment       0x00000000       0x2b build/obj/testbmk.o
 .comment       0x00000000       0x2b build/obj/hal.o
 .comment       0x00000000       0x2b build/obj/adc.o
 .comment       0x00000000       0x2b build/obj/can.o
 .comment       0x00000000       0x2b build/obj/ext.o
 .comment       0x00000000       0x2b build/obj/gpt.o
 .comment       0x00000000       0x2b build/obj/i2c.o
 .comment       0x00000000       0x2b build/obj/icu.o
 .comment       0x00000000       0x2b build/obj/mac.o
 .comment       0x00000000       0x2b build/obj/pal.o
 .comment       0x00000000       0x2b build/obj/pwm.o
 .comment       0x00000000       0x2b build/obj/sdc.o
 .comment       0x00000000       0x2b build/obj/serial.o
 .comment       0x00000000       0x2b build/obj/spi.o
 .comment       0x00000000       0x2b build/obj/uart.o
 .comment       0x00000000       0x2b build/obj/usb.o
 .comment       0x00000000       0x2b build/obj/tm.o
 .comment       0x00000000       0x2b build/obj/mmc_spi.o
 .comment       0x00000000       0x2b build/obj/serial_usb.o
 .comment       0x00000000       0x2b build/obj/rtc.o
 .comment       0x00000000       0x2b build/obj/stm32_dma.o
 .comment       0x00000000       0x2b build/obj/hal_lld.o
 .comment       0x00000000       0x2b build/obj/adc_lld.o
 .comment       0x00000000       0x2b build/obj/can_lld.o
 .comment       0x00000000       0x2b build/obj/ext_lld.o
 .comment       0x00000000       0x2b build/obj/gpt_lld.o
 .comment       0x00000000       0x2b build/obj/i2c_lld.o
 .comment       0x00000000       0x2b build/obj/icu_lld.o
 .comment       0x00000000       0x2b build/obj/mac_lld.o
 .comment       0x00000000       0x2b build/obj/pwm_lld.o
 .comment       0x00000000       0x2b build/obj/serial_lld.o
 .comment       0x00000000       0x2b build/obj/sdc_lld.o
 .comment       0x00000000       0x2b build/obj/spi_lld.o
 .comment       0x00000000       0x2b build/obj/uart_lld.o
 .comment       0x00000000       0x2b build/obj/pal_lld.o
 .comment       0x00000000       0x2b build/obj/usb_lld.o
 .comment       0x00000000       0x2b build/obj/rtc_lld.o
 .comment       0x00000000       0x2b build/obj/board.o
 .comment       0x00000000       0x2b build/obj/evtimer.o
 .comment       0x00000000       0x2b build/obj/syscalls.o
 .comment       0x00000000       0x2b build/obj/shell.o
 .comment       0x00000000       0x2b build/obj/chprintf.o
 .comment       0x00000000       0x2b build/obj/main.o
 .comment       0x00000000       0x2b build/obj/i2c_ctrl.o
 .comment       0x00000000       0x2b build/obj/exec_ctrl.o
 .comment       0x00000000       0x2b build/obj/led_ctrl.o
 .comment       0x00000000       0x2b build/obj/dac_ctrl.o
 .comment       0x00000000       0x2b build/obj/bmsd_ctrl.o
 .comment       0x00000000       0x2b build/obj/encabs_ctrl.o
 .comment       0x00000000       0x2b build/obj/encrel_ctrl.o
 .comment       0x00000000       0x2b build/obj/iwdg.o
 .comment       0x00000000       0x2b build/obj/iwdg_lld.o

.ARM.attributes
                0x00000000       0x31
 .ARM.attributes
                0x00000000       0x31 build/obj/crt0.o
 .ARM.attributes
                0x00000031       0x31 build/obj/vectors.o
 .ARM.attributes
                0x00000062       0x31 build/obj/chcore.o
 .ARM.attributes
                0x00000093       0x31 build/obj/chcore_v7m.o
 .ARM.attributes
                0x000000c4       0x31 build/obj/nvic.o
 .ARM.attributes
                0x000000f5       0x31 build/obj/chsys.o
 .ARM.attributes
                0x00000126       0x31 build/obj/chdebug.o
 .ARM.attributes
                0x00000157       0x31 build/obj/chlists.o
 .ARM.attributes
                0x00000188       0x31 build/obj/chvt.o
 .ARM.attributes
                0x000001b9       0x31 build/obj/chschd.o
 .ARM.attributes
                0x000001ea       0x31 build/obj/chthreads.o
 .ARM.attributes
                0x0000021b       0x31 build/obj/chdynamic.o
 .ARM.attributes
                0x0000024c       0x31 build/obj/chregistry.o
 .ARM.attributes
                0x0000027d       0x31 build/obj/chsem.o
 .ARM.attributes
                0x000002ae       0x31 build/obj/chmtx.o
 .ARM.attributes
                0x000002df       0x31 build/obj/chcond.o
 .ARM.attributes
                0x00000310       0x31 build/obj/chevents.o
 .ARM.attributes
                0x00000341       0x31 build/obj/chmsg.o
 .ARM.attributes
                0x00000372       0x31 build/obj/chmboxes.o
 .ARM.attributes
                0x000003a3       0x31 build/obj/chqueues.o
 .ARM.attributes
                0x000003d4       0x31 build/obj/chmemcore.o
 .ARM.attributes
                0x00000405       0x31 build/obj/chheap.o
 .ARM.attributes
                0x00000436       0x31 build/obj/chmempools.o
 .ARM.attributes
                0x00000467       0x31 build/obj/test.o
 .ARM.attributes
                0x00000498       0x31 build/obj/testthd.o
 .ARM.attributes
                0x000004c9       0x31 build/obj/testsem.o
 .ARM.attributes
                0x000004fa       0x31 build/obj/testmtx.o
 .ARM.attributes
                0x0000052b       0x31 build/obj/testmsg.o
 .ARM.attributes
                0x0000055c       0x31 build/obj/testmbox.o
 .ARM.attributes
                0x0000058d       0x31 build/obj/testevt.o
 .ARM.attributes
                0x000005be       0x31 build/obj/testheap.o
 .ARM.attributes
                0x000005ef       0x31 build/obj/testpools.o
 .ARM.attributes
                0x00000620       0x31 build/obj/testdyn.o
 .ARM.attributes
                0x00000651       0x31 build/obj/testqueues.o
 .ARM.attributes
                0x00000682       0x31 build/obj/testbmk.o
 .ARM.attributes
                0x000006b3       0x31 build/obj/hal.o
 .ARM.attributes
                0x000006e4       0x31 build/obj/adc.o
 .ARM.attributes
                0x00000715       0x31 build/obj/can.o
 .ARM.attributes
                0x00000746       0x31 build/obj/ext.o
 .ARM.attributes
                0x00000777       0x31 build/obj/gpt.o
 .ARM.attributes
                0x000007a8       0x31 build/obj/i2c.o
 .ARM.attributes
                0x000007d9       0x31 build/obj/icu.o
 .ARM.attributes
                0x0000080a       0x31 build/obj/mac.o
 .ARM.attributes
                0x0000083b       0x31 build/obj/pal.o
 .ARM.attributes
                0x0000086c       0x31 build/obj/pwm.o
 .ARM.attributes
                0x0000089d       0x31 build/obj/sdc.o
 .ARM.attributes
                0x000008ce       0x31 build/obj/serial.o
 .ARM.attributes
                0x000008ff       0x31 build/obj/spi.o
 .ARM.attributes
                0x00000930       0x31 build/obj/uart.o
 .ARM.attributes
                0x00000961       0x31 build/obj/usb.o
 .ARM.attributes
                0x00000992       0x31 build/obj/tm.o
 .ARM.attributes
                0x000009c3       0x31 build/obj/mmc_spi.o
 .ARM.attributes
                0x000009f4       0x31 build/obj/serial_usb.o
 .ARM.attributes
                0x00000a25       0x31 build/obj/rtc.o
 .ARM.attributes
                0x00000a56       0x31 build/obj/stm32_dma.o
 .ARM.attributes
                0x00000a87       0x31 build/obj/hal_lld.o
 .ARM.attributes
                0x00000ab8       0x31 build/obj/adc_lld.o
 .ARM.attributes
                0x00000ae9       0x31 build/obj/can_lld.o
 .ARM.attributes
                0x00000b1a       0x31 build/obj/ext_lld.o
 .ARM.attributes
                0x00000b4b       0x31 build/obj/gpt_lld.o
 .ARM.attributes
                0x00000b7c       0x31 build/obj/i2c_lld.o
 .ARM.attributes
                0x00000bad       0x31 build/obj/icu_lld.o
 .ARM.attributes
                0x00000bde       0x31 build/obj/mac_lld.o
 .ARM.attributes
                0x00000c0f       0x31 build/obj/pwm_lld.o
 .ARM.attributes
                0x00000c40       0x31 build/obj/serial_lld.o
 .ARM.attributes
                0x00000c71       0x31 build/obj/sdc_lld.o
 .ARM.attributes
                0x00000ca2       0x31 build/obj/spi_lld.o
 .ARM.attributes
                0x00000cd3       0x31 build/obj/uart_lld.o
 .ARM.attributes
                0x00000d04       0x31 build/obj/pal_lld.o
 .ARM.attributes
                0x00000d35       0x31 build/obj/usb_lld.o
 .ARM.attributes
                0x00000d66       0x31 build/obj/rtc_lld.o
 .ARM.attributes
                0x00000d97       0x31 build/obj/board.o
 .ARM.attributes
                0x00000dc8       0x31 build/obj/evtimer.o
 .ARM.attributes
                0x00000df9       0x31 build/obj/syscalls.o
 .ARM.attributes
                0x00000e2a       0x31 build/obj/shell.o
 .ARM.attributes
                0x00000e5b       0x31 build/obj/chprintf.o
 .ARM.attributes
                0x00000e8c       0x31 build/obj/main.o
 .ARM.attributes
                0x00000ebd       0x31 build/obj/i2c_ctrl.o
 .ARM.attributes
                0x00000eee       0x31 build/obj/exec_ctrl.o
 .ARM.attributes
                0x00000f1f       0x31 build/obj/led_ctrl.o
 .ARM.attributes
                0x00000f50       0x31 build/obj/dac_ctrl.o
 .ARM.attributes
                0x00000f81       0x31 build/obj/bmsd_ctrl.o
 .ARM.attributes
                0x00000fb2       0x31 build/obj/encabs_ctrl.o
 .ARM.attributes
                0x00000fe3       0x31 build/obj/encrel_ctrl.o
 .ARM.attributes
                0x00001014       0x31 build/obj/iwdg.o
 .ARM.attributes
                0x00001045       0x31 build/obj/iwdg_lld.o
 .ARM.attributes
                0x00001076       0x29 /home/z80/programs/code-sourcery/2011.03-42/bin/../lib/gcc/arm-none-eabi/4.5.2/../../../../arm-none-eabi/lib/thumb2/libc.a(lib_a-memset.o)
 .ARM.attributes
                0x0000109f       0x29 /home/z80/programs/code-sourcery/2011.03-42/bin/../lib/gcc/arm-none-eabi/4.5.2/../../../../arm-none-eabi/lib/thumb2/libc.a(lib_a-strcasecmp.o)
 .ARM.attributes
                0x000010c8       0x29 /home/z80/programs/code-sourcery/2011.03-42/bin/../lib/gcc/arm-none-eabi/4.5.2/../../../../arm-none-eabi/lib/thumb2/libc.a(lib_a-strpbrk.o)
 .ARM.attributes
                0x000010f1       0x29 /home/z80/programs/code-sourcery/2011.03-42/bin/../lib/gcc/arm-none-eabi/4.5.2/../../../../arm-none-eabi/lib/thumb2/libc.a(lib_a-strspn.o)
 .ARM.attributes
                0x0000111a       0x29 /home/z80/programs/code-sourcery/2011.03-42/bin/../lib/gcc/arm-none-eabi/4.5.2/../../../../arm-none-eabi/lib/thumb2/libc.a(lib_a-ctype_.o)

.debug_frame    0x00000000     0x3210
 .debug_frame   0x00000000       0x50 build/obj/crt0.o
 .debug_frame   0x00000050       0x20 build/obj/vectors.o
 .debug_frame   0x00000070       0x20 build/obj/chcore.o
 .debug_frame   0x00000090       0xbc build/obj/chcore_v7m.o
 .debug_frame   0x0000014c       0x64 build/obj/nvic.o
 .debug_frame   0x000001b0       0x5c build/obj/chsys.o
 .debug_frame   0x0000020c      0x184 build/obj/chdebug.o
 .debug_frame   0x00000390       0x6c build/obj/chvt.o
 .debug_frame   0x000003fc      0x10c build/obj/chschd.o
 .debug_frame   0x00000508      0x194 build/obj/chthreads.o
 .debug_frame   0x0000069c       0x80 build/obj/chdynamic.o
 .debug_frame   0x0000071c       0x48 build/obj/chregistry.o
 .debug_frame   0x00000764      0x180 build/obj/chsem.o
 .debug_frame   0x000008e4      0x12c build/obj/chmtx.o
 .debug_frame   0x00000a10      0x134 build/obj/chcond.o