Archive member included because of file (symbol)

/home/z80/programs/code-sourcery/2011.03-42/bin/../lib/gcc/arm-none-eabi/4.5.2/../../../../arm-none-eabi/lib/thumb2/libc.a(lib_a-memset.o)
                              build/obj/usb.o (memset)

Discarded input sections

 .text          0x00000000        0x0 build/obj/crt0.o
 .data          0x00000000        0x0 build/obj/crt0.o
 .bss           0x00000000        0x0 build/obj/crt0.o
 .text.__early_init
                0x00000000       0x10 build/obj/crt0.o
 .text          0x00000000        0x0 build/obj/vectors.o
 .data          0x00000000        0x0 build/obj/vectors.o
 .bss           0x00000000        0x0 build/obj/vectors.o
 .text          0x00000000        0x0 build/obj/chcore.o
 .data          0x00000000        0x0 build/obj/chcore.o
 .bss           0x00000000        0x0 build/obj/chcore.o
 .text          0x00000000        0x0 build/obj/chcore_v7m.o
 .data          0x00000000        0x0 build/obj/chcore_v7m.o
 .bss           0x00000000        0x0 build/obj/chcore_v7m.o
 .text          0x00000000        0x0 build/obj/nvic.o
 .data          0x00000000        0x0 build/obj/nvic.o
 .bss           0x00000000        0x0 build/obj/nvic.o
 .text.nvicDisableVector
                0x00000000       0x70 build/obj/nvic.o
 .text          0x00000000        0x0 build/obj/chsys.o
 .data          0x00000000        0x0 build/obj/chsys.o
 .bss           0x00000000        0x0 build/obj/chsys.o
 .text          0x00000000        0x0 build/obj/chdebug.o
 .data          0x00000000        0x0 build/obj/chdebug.o
 .bss           0x00000000        0x0 build/obj/chdebug.o
 .text.dbg_check_disable
                0x00000000       0x30 build/obj/chdebug.o
 .text.dbg_check_suspend
                0x00000000       0x30 build/obj/chdebug.o
 .text          0x00000000        0x0 build/obj/chlists.o
 .data          0x00000000        0x0 build/obj/chlists.o
 .bss           0x00000000        0x0 build/obj/chlists.o
 .text          0x00000000        0x0 build/obj/chvt.o
 .data          0x00000000        0x0 build/obj/chvt.o
 .bss           0x00000000        0x0 build/obj/chvt.o
 .text.chTimeIsWithin
                0x00000000       0x60 build/obj/chvt.o
 .text          0x00000000        0x0 build/obj/chschd.o
 .data          0x00000000        0x0 build/obj/chschd.o
 .bss           0x00000000        0x0 build/obj/chschd.o
 .text.chSchRescheduleS
                0x00000000       0x20 build/obj/chschd.o
 .text          0x00000000        0x0 build/obj/chthreads.o
 .data          0x00000000        0x0 build/obj/chthreads.o
 .bss           0x00000000        0x0 build/obj/chthreads.o
 .text.list_insert
                0x00000000       0x20 build/obj/chthreads.o
 .text.chThdSetPriority
                0x00000000       0x80 build/obj/chthreads.o
 .text.chThdResume
                0x00000000       0x50 build/obj/chthreads.o
 .text.chThdTerminate
                0x00000000       0x40 build/obj/chthreads.o
 .text.chThdSleepUntil
                0x00000000       0x40 build/obj/chthreads.o
 .text.chThdYield
                0x00000000       0x40 build/obj/chthreads.o
 .text.chThdWait
                0x00000000       0xa0 build/obj/chthreads.o
 .text          0x00000000        0x0 build/obj/chdynamic.o
 .data          0x00000000        0x0 build/obj/chdynamic.o
 .bss           0x00000000        0x0 build/obj/chdynamic.o
 .rodata        0x00000000       0x48 build/obj/chdynamic.o
 .text.chThdAddRef
                0x00000000       0x50 build/obj/chdynamic.o
 .text.chThdRelease
                0x00000000       0xc0 build/obj/chdynamic.o
 .text.chThdCreateFromHeap
                0x00000000       0xa0 build/obj/chdynamic.o
 .text.chThdCreateFromMemoryPool
                0x00000000       0xb0 build/obj/chdynamic.o
 .text          0x00000000        0x0 build/obj/chregistry.o
 .data          0x00000000        0x0 build/obj/chregistry.o
 .bss           0x00000000        0x0 build/obj/chregistry.o
 .text.chRegFirstThread
                0x00000000       0x40 build/obj/chregistry.o
 .rodata        0x00000000       0x18 build/obj/chregistry.o
 .text.chRegNextThread
                0x00000000       0x70 build/obj/chregistry.o
 .text          0x00000000        0x0 build/obj/chsem.o
 .data          0x00000000        0x0 build/obj/chsem.o
 .bss           0x00000000        0x0 build/obj/chsem.o
 .text.queue_insert
                0x00000000       0x30 build/obj/chsem.o
 .text.fifo_remove
                0x00000000       0x30 build/obj/chsem.o
 .text.lifo_remove
                0x00000000       0x30 build/obj/chsem.o
 .rodata        0x00000000      0x148 build/obj/chsem.o
 .text.chSemInit
                0x00000000       0x40 build/obj/chsem.o
 .text.chSemReset
                0x00000000       0x30 build/obj/chsem.o
 .text.chSemResetI
                0x00000000       0x90 build/obj/chsem.o
 .text.chSemWait
                0x00000000       0x30 build/obj/chsem.o
 .text.chSemWaitS
[...]
Memory Configuration

Name             Origin             Length             Attributes
flash            0x08000000         0x00010000
ram              0x20000000         0x00005000
*default*        0x00000000         0xffffffff

Linker script and memory map

LOAD build/obj/crt0.o
LOAD build/obj/vectors.o
LOAD build/obj/chcore.o
LOAD build/obj/chcore_v7m.o
LOAD build/obj/nvic.o
LOAD build/obj/chsys.o
LOAD build/obj/chdebug.o
LOAD build/obj/chlists.o
LOAD build/obj/chvt.o
LOAD build/obj/chschd.o
LOAD build/obj/chthreads.o
LOAD build/obj/chdynamic.o
LOAD build/obj/chregistry.o
LOAD build/obj/chsem.o
LOAD build/obj/chmtx.o
LOAD build/obj/chcond.o
LOAD build/obj/chevents.o
LOAD build/obj/chmsg.o
LOAD build/obj/chmboxes.o
LOAD build/obj/chqueues.o
LOAD build/obj/chmemcore.o
LOAD build/obj/chheap.o
LOAD build/obj/chmempools.o
LOAD build/obj/hal.o
LOAD build/obj/adc.o
LOAD build/obj/can.o
LOAD build/obj/ext.o
LOAD build/obj/gpt.o
LOAD build/obj/i2c.o
LOAD build/obj/icu.o
LOAD build/obj/mac.o
LOAD build/obj/pal.o
LOAD build/obj/pwm.o
LOAD build/obj/sdc.o
LOAD build/obj/serial.o
LOAD build/obj/spi.o
LOAD build/obj/uart.o
LOAD build/obj/usb.o
LOAD build/obj/tm.o
LOAD build/obj/mmc_spi.o
LOAD build/obj/serial_usb.o
LOAD build/obj/rtc.o
LOAD build/obj/stm32_dma.o
LOAD build/obj/hal_lld.o
LOAD build/obj/adc_lld.o
LOAD build/obj/can_lld.o
LOAD build/obj/ext_lld.o
LOAD build/obj/gpt_lld.o
LOAD build/obj/i2c_lld.o
LOAD build/obj/icu_lld.o
LOAD build/obj/mac_lld.o
LOAD build/obj/pwm_lld.o
LOAD build/obj/serial_lld.o
LOAD build/obj/sdc_lld.o
LOAD build/obj/spi_lld.o
LOAD build/obj/uart_lld.o
LOAD build/obj/pal_lld.o
LOAD build/obj/usb_lld.o
LOAD build/obj/rtc_lld.o
LOAD build/obj/board.o
LOAD build/obj/evtimer.o
LOAD build/obj/syscalls.o
LOAD build/obj/main.o
LOAD build/obj/i2c_pns.o
LOAD build/obj/tmp75.o
LOAD build/obj/fake.o
LOAD build/obj/lis3.o
START GROUP
LOAD /home/z80/programs/code-sourcery/2011.03-42/bin/../lib/gcc/arm-none-eabi/4.5.2/thumb2/libgcc.a
LOAD /home/z80/programs/code-sourcery/2011.03-42/bin/../lib/gcc/arm-none-eabi/4.5.2/../../../../arm-none-eabi/lib/thumb2/libc.a
END GROUP
                0x00000400                __main_stack_size__ = 0x400
                0x00000400                __process_stack_size__ = 0x400
                0x20000000                __ram_start__ = 0x20000000
                0x00005000                __ram_size__ = 0x5000
                0x20005000                __ram_end__ = (__ram_start__ + __ram_size__)
                0x00000000                . = 0x0
                0x00000000                _text = .

startup         0x08000000       0xec
 *(vectors)
 vectors        0x08000000       0xec build/obj/vectors.o
                0x08000000                _vectors

constructors    0x080000ec        0x0
                0x080000ec                PROVIDE (__init_array_start, .)
 *(SORT(.init_array.*))
 *(.init_array)
                0x080000ec                PROVIDE (__init_array_end, .)

destructors     0x080000ec        0x0
                0x080000ec                PROVIDE (__fini_array_start, .)
 *(.fini_array)
 *(SORT(.fini_array.*))
                0x080000ec                PROVIDE (__fini_array_end, .)

.text           0x080000f0     0x47cc
 *(.text.startup.*)
 *(.text)
 *(.text.*)
 .text.__late_init
                0x080000f0       0x10 build/obj/crt0.o
                0x080000f0                __late_init
 .text._default_exit
                0x08000100       0x10 build/obj/crt0.o
                0x08000100                _default_exit
 .text.ResetHandler
                0x08000110       0xd0 build/obj/crt0.o
                0x08000110                ResetHandler
 .text._unhandled_exception
                0x080001e0       0x10 build/obj/vectors.o
                0x080001e0                Vector58
                0x080001e0                VectorE8
                0x080001e0                Vector9C
                0x080001e0                VectorAC
                0x080001e0                Vector5C
                0x080001e0                NMIVector
                0x080001e0                VectorDC
                0x080001e0                VectorC8
                0x080001e0                Vector94
                0x080001e0                VectorA8
                0x080001e0                VectorB4
                0x080001e0                UsageFaultVector
                0x080001e0                DebugMonitorVector
                0x080001e0                Vector40
                0x080001e0                PendSVVector
                0x080001e0                Vector64
                0x080001e0                VectorCC
                0x080001e0                Vector54
                0x080001e0                Vector98
                0x080001e0                VectorD8
                0x080001e0                Vector24
                0x080001e0                BusFaultVector
                0x080001e0                VectorD0
                0x080001e0                VectorE4
                0x080001e0                HardFaultVector
                0x080001e0                VectorE0
                0x080001e0                MemManageVector
                0x080001e0                VectorA0
                0x080001e0                VectorC4
                0x080001e0                VectorB0
                0x080001e0                Vector60
                0x080001e0                Vector1C
                0x080001e0                Vector48
                0x080001e0                VectorD4
                0x080001e0                Vector4C
                0x080001e0                Vector68
                0x080001e0                _unhandled_exception
                0x080001e0                Vector88
                0x080001e0                Vector50
                0x080001e0                Vector44
                0x080001e0                Vector28
                0x080001e0                VectorB8
                0x080001e0                Vector34
                0x080001e0                VectorA4
                0x080001e0                Vector20
 .text.port_halt
                0x080001f0       0x10 build/obj/chcore.o
                0x080001f0                port_halt
 .text.SysTickVector
                0x08000200       0x30 build/obj/chcore_v7m.o
                0x08000200                SysTickVector
 .text.SVCallVector
                0x08000230       0x30 build/obj/chcore_v7m.o
                0x08000230                SVCallVector
 .text._port_init
                0x08000260       0x40 build/obj/chcore_v7m.o
                0x08000260                _port_init
 .text._port_irq_epilogue
                0x080002a0       0xa0 build/obj/chcore_v7m.o
                0x080002a0                _port_irq_epilogue
 .text._port_switch_from_isr
                0x08000340       0x10 build/obj/chcore_v7m.o
                0x08000340                _port_switch_from_isr
 .text._port_switch
                0x08000350       0x20 build/obj/chcore_v7m.o
                0x08000350                _port_switch
 .text._port_thread_start
                0x08000370       0x20 build/obj/chcore_v7m.o
                0x08000370                _port_thread_start
 .text.nvicEnableVector
                0x08000390       0xa0 build/obj/nvic.o
                0x08000390                nvicEnableVector
 .text.nvicSetSystemHandlerPriority
                0x08000430       0x60 build/obj/nvic.o
                0x08000430                nvicSetSystemHandlerPriority
 .text._idle_thread
                0x08000490       0x20 build/obj/chsys.o
                0x08000490                _idle_thread
 .text.chSysInit
                0x080004b0       0x90 build/obj/chsys.o
                0x080004b0                chSysInit
 .text.chSysTimerHandlerI
                0x08000540       0x90 build/obj/chsys.o
                0x08000540                chSysTimerHandlerI
 .text.dbg_check_enable
                0x080005d0       0x30 build/obj/chdebug.o
                0x080005d0                dbg_check_enable
 .text.dbg_check_lock
                0x08000600       0x30 build/obj/chdebug.o
                0x08000600                dbg_check_lock
 .text.dbg_check_unlock
                0x08000630       0x30 build/obj/chdebug.o
                0x08000630                dbg_check_unlock
 .text.dbg_check_lock_from_isr
                0x08000660       0x30 build/obj/chdebug.o
                0x08000660                dbg_check_lock_from_isr
 .text.dbg_check_unlock_from_isr
                0x08000690       0x30 build/obj/chdebug.o
                0x08000690                dbg_check_unlock_from_isr
 .text.dbg_check_enter_isr
                0x080006c0       0x50 build/obj/chdebug.o
                0x080006c0                dbg_check_enter_isr
 .text.dbg_check_leave_isr
                0x08000710       0x50 build/obj/chdebug.o
                0x08000710                dbg_check_leave_isr
 .text.chDbgCheckClassI
                0x08000760       0x30 build/obj/chdebug.o
                0x08000760                chDbgCheckClassI
 .text.chDbgCheckClassS
                0x08000790       0x30 build/obj/chdebug.o
                0x08000790                chDbgCheckClassS
 .text._trace_init
                0x080007c0       0x20 build/obj/chdebug.o
                0x080007c0                _trace_init
 .text.dbg_trace
                0x080007e0       0x70 build/obj/chdebug.o
                0x080007e0                dbg_trace
 .text.chDbgPanic
                0x08000850       0x20 build/obj/chdebug.o
                0x08000850                chDbgPanic
 .text._vt_init
                0x08000870       0x30 build/obj/chvt.o
                0x08000870                _vt_init
 .text.chVTSetI
                0x080008a0       0xa0 build/obj/chvt.o
                0x080008a0                chVTSetI
 .text.chVTResetI
                0x08000940       0x70 build/obj/chvt.o
                0x08000940                chVTResetI
 .text.fifo_remove
                0x080009b0       0x30 build/obj/chschd.o
 .text.dequeue  0x080009e0       0x20 build/obj/chschd.o
 .text._scheduler_init
                0x08000a00       0x40 build/obj/chschd.o
                0x08000a00                _scheduler_init
 .text.chSchReadyI
                0x08000a40       0x70 build/obj/chschd.o
                0x08000a40                chSchReadyI
 .text.chSchGoSleepS
                0x08000ab0       0x70 build/obj/chschd.o
                0x08000ab0                chSchGoSleepS
 .text.wakeup   0x08000b20       0x80 build/obj/chschd.o
 .text.chSchGoSleepTimeoutS
                0x08000ba0       0x60 build/obj/chschd.o
                0x08000ba0                chSchGoSleepTimeoutS
 .text.chSchWakeupS
                0x08000c00       0x80 build/obj/chschd.o
                0x08000c00                chSchWakeupS
 .text.chSchDoReschedule
                0x08000c80       0x70 build/obj/chschd.o
                0x08000c80                chSchDoReschedule
 .text.list_remove
                0x08000cf0       0x20 build/obj/chthreads.o
 .text._thread_init
                0x08000d10       0xb0 build/obj/chthreads.o
                0x08000d10                _thread_init
 .text._thread_memfill
                0x08000dc0       0x30 build/obj/chthreads.o
                0x08000dc0                _thread_memfill
 .text.chThdCreateI
                0x08000df0       0x70 build/obj/chthreads.o
                0x08000df0                chThdCreateI
 .text.chThdCreateStatic
                0x08000e60       0x80 build/obj/chthreads.o
                0x08000e60                chThdCreateStatic
 .text.chThdSleep
                0x08000ee0       0x40 build/obj/chthreads.o
                0x08000ee0                chThdSleep
 .text.chThdExit
                0x08000f20       0x20 build/obj/chthreads.o
                0x08000f20                chThdExit
 .text.chThdExitS
                0x08000f40       0x80 build/obj/chthreads.o
                0x08000f40                chThdExitS
 .text.prio_insert
                0x08000fc0       0x50 build/obj/chmtx.o
 .text.fifo_remove
                0x08001010       0x30 build/obj/chmtx.o
 .text.dequeue  0x08001040       0x20 build/obj/chmtx.o
 .text.chMtxInit
                0x08001060       0x40 build/obj/chmtx.o
                0x08001060                chMtxInit
 .text.chMtxLock
                0x080010a0       0x30 build/obj/chmtx.o
                0x080010a0                chMtxLock
 .text.chMtxLockS
                0x080010d0      0x110 build/obj/chmtx.o
                0x080010d0                chMtxLockS
 .text.chMtxUnlock
                0x080011e0       0xe0 build/obj/chmtx.o
                0x080011e0                chMtxUnlock
 .text._core_init
                0x080012c0       0x30 build/obj/chmemcore.o
                0x080012c0                _core_init
 .text.chCoreAlloc
                0x080012f0       0x30 build/obj/chmemcore.o
                0x080012f0                chCoreAlloc
 .text.chCoreAllocI
                0x08001320       0x60 build/obj/chmemcore.o
                0x08001320                chCoreAllocI
 .text._heap_init
                0x08001380       0x30 build/obj/chheap.o
                0x08001380                _heap_init
 .text.halInit  0x080013b0       0x30 build/obj/hal.o
                0x080013b0                halInit
 .text.i2cInit  0x080013e0       0x10 build/obj/i2c.o
                0x080013e0                i2cInit
 .text.i2cObjectInit
                0x080013f0       0x30 build/obj/i2c.o
                0x080013f0                i2cObjectInit
 .text.i2cStart
                0x08001420       0x70 build/obj/i2c.o
                0x08001420                i2cStart
 .text.i2cGetErrors
                0x08001490       0x20 build/obj/i2c.o
                0x08001490                i2cGetErrors
 .text.i2cMasterTransmitTimeout
                0x080014b0       0xd0 build/obj/i2c.o
                0x080014b0                i2cMasterTransmitTimeout
 .text.i2cMasterReceiveTimeout
                0x08001580       0xb0 build/obj/i2c.o
                0x08001580                i2cMasterReceiveTimeout
 .text.i2cAcquireBus
                0x08001630       0x30 build/obj/i2c.o
                0x08001630                i2cAcquireBus
 .text.i2cReleaseBus
                0x08001660       0x20 build/obj/i2c.o
                0x08001660                i2cReleaseBus
 .text.set_address
                0x08001680       0x40 build/obj/usb.o
 .text.default_handler
                0x080016c0      0x400 build/obj/usb.o
 .text.usbInit  0x08001ac0       0x10 build/obj/usb.o
                0x08001ac0                usbInit
 .text.usbObjectInit
                0x08001ad0       0x30 build/obj/usb.o
                0x08001ad0                usbObjectInit
 .text._usb_reset
                0x08001b00       0x80 build/obj/usb.o
                0x08001b00                _usb_reset
 .text._usb_ep0setup
                0x08001b80      0x180 build/obj/usb.o
                0x08001b80                _usb_ep0setup
 .text._usb_ep0in
                0x08001d00       0xf0 build/obj/usb.o
                0x08001d00                _usb_ep0in
 .text._usb_ep0out
                0x08001df0       0xb0 build/obj/usb.o
                0x08001df0                _usb_ep0out
 .text.tm_start
                0x08001ea0       0x20 build/obj/tm.o
 .text.tm_stop  0x08001ec0       0x60 build/obj/tm.o
 .text.tmInit   0x08001f20       0x40 build/obj/tm.o
                0x08001f20                tmInit
 .text.tmObjectInit
                0x08001f60       0x40 build/obj/tm.o
                0x08001f60                tmObjectInit
 .text.sduInit  0x08001fa0       0x10 build/obj/serial_usb.o
                0x08001fa0                sduInit
 .text.Vector6C
                0x08001fb0       0x50 build/obj/stm32_dma.o
                0x08001fb0                Vector6C
 .text.Vector70
                0x08002000       0x50 build/obj/stm32_dma.o
                0x08002000                Vector70
 .text.Vector74
                0x08002050       0x50 build/obj/stm32_dma.o
                0x08002050                Vector74
 .text.Vector78
                0x080020a0       0x50 build/obj/stm32_dma.o
                0x080020a0                Vector78
 .text.Vector7C
                0x080020f0       0x50 build/obj/stm32_dma.o
                0x080020f0                Vector7C
 .text.Vector80
                0x08002140       0x50 build/obj/stm32_dma.o
                0x08002140                Vector80
 .text.Vector84
                0x08002190       0x50 build/obj/stm32_dma.o
                0x08002190                Vector84
 .text.dmaInit  0x080021e0       0x70 build/obj/stm32_dma.o
                0x080021e0                dmaInit
 .text.dmaStreamAllocate
                0x08002250       0xf0 build/obj/stm32_dma.o
                0x08002250                dmaStreamAllocate
 .text.hal_lld_backup_domain_init
                0x08002340       0x60 build/obj/hal_lld.o
 .text.hal_lld_init
                0x080023a0       0x90 build/obj/hal_lld.o
                0x080023a0                hal_lld_init
 .text.stm32_clock_init
                0x08002430       0xc0 build/obj/hal_lld.o
                0x08002430                stm32_clock_init
 .text.i2c_lld_abort_operation
                0x080024f0       0x90 build/obj/i2c_lld.o
 .text.i2c_lld_safety_timeout
                0x08002580       0x40 build/obj/i2c_lld.o
 .text.i2c_lld_set_clock
                0x080025c0      0x220 build/obj/i2c_lld.o
 .text.i2c_lld_set_opmode
                0x080027e0       0x70 build/obj/i2c_lld.o
 .text.i2c_lld_serve_event_interrupt
                0x08002850      0x180 build/obj/i2c_lld.o
 .text.i2c_lld_serve_rx_end_irq
                0x080029d0       0xc0 build/obj/i2c_lld.o
 .text.i2c_lld_serve_tx_end_irq
                0x08002a90       0x60 build/obj/i2c_lld.o
 .text.i2c_lld_serve_error_interrupt
                0x08002af0      0x200 build/obj/i2c_lld.o
 .text.VectorBC
                0x08002cf0       0x20 build/obj/i2c_lld.o
                0x08002cf0                VectorBC
 .text.VectorC0
                0x08002d10       0x20 build/obj/i2c_lld.o
                0x08002d10                VectorC0
 .text.i2c_lld_init
                0x08002d30       0x40 build/obj/i2c_lld.o
                0x08002d30                i2c_lld_init
 .text.i2c_lld_start
                0x08002d70      0x140 build/obj/i2c_lld.o
                0x08002d70                i2c_lld_start
 .text.i2c_lld_master_receive_timeout
                0x08002eb0      0x140 build/obj/i2c_lld.o
                0x08002eb0                i2c_lld_master_receive_timeout
 .text.i2c_lld_master_transmit_timeout
                0x08002ff0      0x160 build/obj/i2c_lld.o
                0x08002ff0                i2c_lld_master_transmit_timeout
 .text._pal_lld_init
                0x08003150       0xb0 build/obj/pal_lld.o
                0x08003150                _pal_lld_init
 .text._pal_lld_setgroupmode
                0x08003200       0xe0 build/obj/pal_lld.o
                0x08003200                _pal_lld_setgroupmode
 .text.pm_reset
                0x080032e0       0x10 build/obj/usb_lld.o
 .text.pm_alloc
                0x080032f0       0x40 build/obj/usb_lld.o
 .text.Vector8C
                0x08003330       0x10 build/obj/usb_lld.o
                0x08003330                Vector8C
 .text.Vector90
                0x08003340      0x3e0 build/obj/usb_lld.o
                0x08003340                Vector90
 .text.usb_lld_init
                0x08003720       0x10 build/obj/usb_lld.o
                0x08003720                usb_lld_init
 .text.usb_lld_reset
                0x08003730       0x60 build/obj/usb_lld.o
                0x08003730                usb_lld_reset
 .text.usb_lld_set_address
                0x08003790       0x20 build/obj/usb_lld.o
                0x08003790                usb_lld_set_address
 .text.usb_lld_init_endpoint
                0x080037b0      0x1b0 build/obj/usb_lld.o
                0x080037b0                usb_lld_init_endpoint
 .text.usb_lld_get_status_out
                0x08003960       0x40 build/obj/usb_lld.o
                0x08003960                usb_lld_get_status_out
 .text.usb_lld_get_status_in
                0x080039a0       0x40 build/obj/usb_lld.o
                0x080039a0                usb_lld_get_status_in
 .text.usb_lld_read_setup
                0x080039e0       0x80 build/obj/usb_lld.o
                0x080039e0                usb_lld_read_setup
 .text.usb_lld_read_packet_buffer
                0x08003a60       0xa0 build/obj/usb_lld.o
                0x08003a60                usb_lld_read_packet_buffer
 .text.usb_lld_write_packet_buffer
                0x08003b00       0x90 build/obj/usb_lld.o
                0x08003b00                usb_lld_write_packet_buffer
 .text.usb_lld_prepare_receive
                0x08003b90       0x80 build/obj/usb_lld.o
                0x08003b90                usb_lld_prepare_receive
 .text.usb_lld_prepare_transmit
                0x08003c10       0x80 build/obj/usb_lld.o
                0x08003c10                usb_lld_prepare_transmit
 .text.usb_lld_start_out
                0x08003c90       0x40 build/obj/usb_lld.o
                0x08003c90                usb_lld_start_out
 .text.usb_lld_start_in
                0x08003cd0       0x40 build/obj/usb_lld.o
                0x08003cd0                usb_lld_start_in
 .text.usb_lld_stall_out
                0x08003d10       0x40 build/obj/usb_lld.o
                0x08003d10                usb_lld_stall_out
 .text.usb_lld_stall_in
                0x08003d50       0x40 build/obj/usb_lld.o
                0x08003d50                usb_lld_stall_in
 .text.usb_lld_clear_out
                0x08003d90       0x50 build/obj/usb_lld.o
                0x08003d90                usb_lld_clear_out
 .text.usb_lld_clear_in
                0x08003de0       0x50 build/obj/usb_lld.o
                0x08003de0                usb_lld_clear_in
 .text.__early_init
                0x08003e30       0x10 build/obj/board.o
                0x08003e30                __early_init
 .text.boardInit
                0x08003e40       0x10 build/obj/board.o
                0x08003e40                boardInit
 .text.Blink    0x08003e50       0x50 build/obj/main.o
 .text.PollAccelThread
                0x08003ea0       0x30 build/obj/main.o
 .text.PollTmp75Thread
                0x08003ed0       0x30 build/obj/main.o
 .text.PollFakeThread
                0x08003f00       0x30 build/obj/main.o
 .text.main     0x08003f30       0xa0 build/obj/main.o
                0x08003f30                main
 .text.I2CInit_pns
                0x08003fd0       0x50 build/obj/i2c_pns.o
                0x08003fd0                I2CInit_pns
 .text.request_temperature
                0x08004020       0xb0 build/obj/tmp75.o
                0x08004020                request_temperature
 .text.request_fake
                0x080040d0       0x80 build/obj/fake.o
                0x080040d0                request_fake
 .text.init_lis3
                0x08004150       0x90 build/obj/lis3.o
                0x08004150                init_lis3
 .text.request_acceleration_data
                0x080041e0       0xd0 build/obj/lis3.o
                0x080041e0                request_acceleration_data
 *(.rodata)
 .rodata        0x080042b0       0x10 build/obj/chsys.o
 .rodata        0x080042c0       0x58 build/obj/chdebug.o
 *fill*         0x08004318        0x8 00
 .rodata        0x08004320       0x34 build/obj/chvt.o
 *fill*         0x08004354        0xc 00
 .rodata        0x08004360       0x24 build/obj/chschd.o
 *fill*         0x08004384        0xc 00
 .rodata        0x08004390       0x94 build/obj/chthreads.o
 *fill*         0x08004424        0xc 00
 .rodata        0x08004430       0xac build/obj/chmtx.o
 *fill*         0x080044dc        0x4 00
 .rodata        0x080044e0       0xec build/obj/i2c.o
 *fill*         0x080045cc        0x4 00
 .rodata        0x080045d0       0x34 build/obj/stm32_dma.o
 *fill*         0x08004604        0xc 00
 .rodata        0x08004610      0x148 build/obj/i2c_lld.o
 *fill*         0x08004758        0x8 00
 .rodata        0x08004760       0x10 build/obj/usb_lld.o
 .rodata        0x08004770       0x2c build/obj/main.o
 *(.rodata.*)
 *fill*         0x0800479c        0x4 00
 .rodata.zero_status
                0x080047a0        0x4 build/obj/usb.o
 *fill*         0x080047a4        0xc 00
 .rodata.active_status
                0x080047b0        0x4 build/obj/usb.o
 *fill*         0x080047b4        0xc 00
 .rodata.halted_status
                0x080047c0        0x4 build/obj/usb.o
 *fill*         0x080047c4        0xc 00
 .rodata._stm32_dma_streams
                0x080047d0       0x54 build/obj/stm32_dma.o
                0x080047d0                _stm32_dma_streams
 *fill*         0x08004824        0xc 00
 .rodata.cfgtab.6119
                0x08004830       0x14 build/obj/pal_lld.o
 *fill*         0x08004844        0xc 00
 .rodata.ep0config
                0x08004850       0x1c build/obj/usb_lld.o
 *fill*         0x0800486c        0x4 00
 .rodata.pal_default_config
                0x08004870       0x3c build/obj/board.o
                0x08004870                pal_default_config
 *fill*         0x080048ac        0x4 00
 .rodata.i2cfg1
                0x080048b0        0xc build/obj/i2c_pns.o
 *(.glue_7t)
 .glue_7t       0x00000000        0x0 linker stubs
 *(.glue_7)
 .glue_7        0x00000000        0x0 linker stubs
 *(.gcc*)

.vfp11_veneer   0x080048bc        0x0
 .vfp11_veneer  0x00000000        0x0 linker stubs

.v4_bx          0x080048bc        0x0
 .v4_bx         0x00000000        0x0 linker stubs

.ARM.extab
 *(.ARM.extab* .gnu.linkonce.armextab.*)

.ARM.exidx      0x080048bc        0x0
                0x080048bc                PROVIDE (__exidx_start, .)
 *(.ARM.exidx* .gnu.linkonce.armexidx.*)
                0x080048bc                PROVIDE (__exidx_end, .)

.eh_frame_hdr
 *(.eh_frame_hdr)

.eh_frame
 *(.eh_frame)

.textalign      0x080048bc        0x4
                0x080048c0                . = ALIGN (0x8)
 *fill*         0x080048bc        0x4 00
                0x080048c0                _etext = .
                0x080048c0                _textdata = _etext

.stacks         0x20000000      0x800
                0x20000000                . = ALIGN (0x8)
                0x20000000                __main_stack_base__ = .
                0x20000400                . = (. + __main_stack_size__)
 *fill*         0x20000000      0x400 00
                0x20000400                . = ALIGN (0x8)
                0x20000400                __main_stack_end__ = .
                0x20000400                __process_stack_base__ = .
                0x20000400                __main_thread_stack_base__ = .
                0x20000800                . = (. + __process_stack_size__)
 *fill*         0x20000400      0x400 00
                0x20000800                . = ALIGN (0x8)
                0x20000800                __process_stack_end__ = .
                0x20000800                __main_thread_stack_end__ = .

.data           0x20000800        0x0 load address 0x080048c0
                0x20000800                . = ALIGN (0x4)
                0x20000800                PROVIDE (_data, .)
 *(.data)
                0x20000800                . = ALIGN (0x4)
 *(.data.*)
                0x20000800                . = ALIGN (0x4)
 *(.ramtext)
                0x20000800                . = ALIGN (0x4)
                0x20000800                PROVIDE (_edata, .)

.bss            0x20000800      0xc84 load address 0x080048c0
                0x20000800                . = ALIGN (0x4)
                0x20000800                PROVIDE (_bss_start, .)
 *(.bss)
                0x20000800                . = ALIGN (0x4)
 *(.bss.*)
 .bss._idle_thread_wa
                0x20000800       0xc0 build/obj/chsys.o
                0x20000800                _idle_thread_wa
 .bss.mainthread.4712
                0x200008c0       0x4c build/obj/chsys.o
 .bss.dbg_isr_cnt
                0x2000090c        0x4 build/obj/chdebug.o
                0x2000090c                dbg_isr_cnt
 .bss.dbg_lock_cnt
                0x20000910        0x4 build/obj/chdebug.o
                0x20000910                dbg_lock_cnt
 .bss.dbg_trace_buffer
                0x20000914      0x408 build/obj/chdebug.o
                0x20000914                dbg_trace_buffer
 .bss.dbg_panic_msg
                0x20000d1c        0x4 build/obj/chdebug.o
                0x20000d1c                dbg_panic_msg
 .bss.vtlist    0x20000d20       0x10 build/obj/chvt.o
                0x20000d20                vtlist
 .bss.rlist     0x20000d30       0x20 build/obj/chschd.o
                0x20000d30                rlist
 .bss.nextmem   0x20000d50        0x4 build/obj/chmemcore.o
 .bss.endmem    0x20000d54        0x4 build/obj/chmemcore.o
 .bss.default_heap
                0x20000d58       0x20 build/obj/chheap.o
 .bss.measurement_offset
                0x20000d78        0x4 build/obj/tm.o
 .bss.dma_streams_mask
                0x20000d7c        0x4 build/obj/stm32_dma.o
 .bss.dma_isr_redir
                0x20000d80       0x38 build/obj/stm32_dma.o
 .bss.I2CD1     0x20000db8       0x34 build/obj/i2c_lld.o
                0x20000db8                I2CD1
 .bss.USBD1     0x20000dec       0x50 build/obj/usb_lld.o
                0x20000dec                USBD1
 .bss.ep0_state
                0x20000e3c       0x10 build/obj/usb_lld.o
 *fill*         0x20000e4c        0x4 00
 .bss.BlinkWA   0x20000e50       0xf0 build/obj/main.o
 .bss.PollAccelThreadWA
                0x20000f40      0x1b0 build/obj/main.o
 .bss.PollTmp75ThreadWA
                0x200010f0      0x1b0 build/obj/main.o
 .bss.PollFakeThreadWA
                0x200012a0      0x1b0 build/obj/main.o
 .bss.tmp75_rx_data
                0x20001450        0x4 build/obj/tmp75.o
 .bss.temperature
                0x20001454        0x2 build/obj/tmp75.o
 *fill*         0x20001456        0x2 00
 .bss.errors    0x20001458        0x4 build/obj/tmp75.o
 .bss.rx_data   0x2000145c        0x4 build/obj/fake.o
 .bss.temperature
                0x20001460        0x2 build/obj/fake.o
 *fill*         0x20001462        0x2 00
 .bss.errors    0x20001464        0x4 build/obj/fake.o
 .bss.accel_rx_data
                0x20001468        0x8 build/obj/lis3.o
 .bss.accel_tx_data
                0x20001470        0x8 build/obj/lis3.o
 .bss.errors    0x20001478        0x4 build/obj/lis3.o
 .bss.acceleration_x
                0x2000147c        0x2 build/obj/lis3.o
 .bss.acceleration_y
                0x2000147e        0x2 build/obj/lis3.o
 .bss.acceleration_z
                0x20001480        0x2 build/obj/lis3.o
                0x20001484                . = ALIGN (0x4)
 *fill*         0x20001482        0x2 00
 *(COMMON)
                0x20001484                . = ALIGN (0x4)
                0x20001484                PROVIDE (_bss_end, .)
                0x20001484                PROVIDE (end, .)
                0x20001484                _end = .
                0x20001484                __heap_base__ = _end
                0x20005000                __heap_end__ = __ram_end__
OUTPUT(build/ch.elf elf32-littlearm)

.debug_abbrev   0x00000000     0x4273
 .debug_abbrev  0x00000000       0xb8 build/obj/crt0.o
 .debug_abbrev  0x000000b8       0x74 build/obj/vectors.o
 .debug_abbrev  0x0000012c       0x41 build/obj/chcore.o
 .debug_abbrev  0x0000016d      0x1ab build/obj/chcore_v7m.o
 .debug_abbrev  0x00000318       0xec build/obj/nvic.o
 .debug_abbrev  0x00000404      0x165 build/obj/chsys.o
 .debug_abbrev  0x00000569      0x1c4 build/obj/chdebug.o
 .debug_abbrev  0x0000072d       0x2a build/obj/chlists.o
 .debug_abbrev  0x00000757      0x12e build/obj/chvt.o
 .debug_abbrev  0x00000885      0x1dd build/obj/chschd.o
 .debug_abbrev  0x00000a62      0x1fe build/obj/chthreads.o
 .debug_abbrev  0x00000c60      0x177 build/obj/chdynamic.o
 .debug_abbrev  0x00000dd7      0x125 build/obj/chregistry.o
 .debug_abbrev  0x00000efc      0x1c5 build/obj/chsem.o
 .debug_abbrev  0x000010c1      0x1b6 build/obj/chmtx.o
 .debug_abbrev  0x00001277      0x1bd build/obj/chcond.o
 .debug_abbrev  0x00001434      0x1a9 build/obj/chevents.o
 .debug_abbrev  0x000015dd      0x168 build/obj/chmsg.o
 .debug_abbrev  0x00001745      0x1b5 build/obj/chmboxes.o
 .debug_abbrev  0x000018fa      0x1e4 build/obj/chqueues.o
 .debug_abbrev  0x00001ade       0xf0 build/obj/chmemcore.o
 .debug_abbrev  0x00001bce      0x178 build/obj/chheap.o
 .debug_abbrev  0x00001d46      0x11b build/obj/chmempools.o
 .debug_abbrev  0x00001e61      0x12d build/obj/hal.o
 .debug_abbrev  0x00001f8e       0x4f build/obj/adc.o
 .debug_abbrev  0x00001fdd       0x4f build/obj/can.o
 .debug_abbrev  0x0000202c       0x4f build/obj/ext.o
 .debug_abbrev  0x0000207b       0x4f build/obj/gpt.o
 .debug_abbrev  0x000020ca      0x1e1 build/obj/i2c.o
 .debug_abbrev  0x000022ab       0x4f build/obj/icu.o
 .debug_abbrev  0x000022fa       0x4f build/obj/mac.o
 .debug_abbrev  0x00002349       0xfc build/obj/pal.o
 .debug_abbrev  0x00002445       0x4f build/obj/pwm.o
 .debug_abbrev  0x00002494       0x4f build/obj/sdc.o
 .debug_abbrev  0x000024e3       0x4f build/obj/serial.o
 .debug_abbrev  0x00002532       0x4f build/obj/spi.o
 .debug_abbrev  0x00002581       0x4f build/obj/uart.o
 .debug_abbrev  0x000025d0      0x204 build/obj/usb.o
 .debug_abbrev  0x000027d4      0x10a build/obj/tm.o
 .debug_abbrev  0x000028de       0x4f build/obj/mmc_spi.o
 .debug_abbrev  0x0000292d      0x25a build/obj/serial_usb.o
 .debug_abbrev  0x00002b87       0x4f build/obj/rtc.o
 .debug_abbrev  0x00002bd6      0x17b build/obj/stm32_dma.o
 .debug_abbrev  0x00002d51       0xe9 build/obj/hal_lld.o
 .debug_abbrev  0x00002e3a       0x4f build/obj/adc_lld.o
 .debug_abbrev  0x00002e89       0x4f build/obj/can_lld.o
 .debug_abbrev  0x00002ed8       0x4f build/obj/ext_lld.o
 .debug_abbrev  0x00002f27       0x4f build/obj/gpt_lld.o
 .debug_abbrev  0x00002f76      0x265 build/obj/i2c_lld.o
 .debug_abbrev  0x000031db       0x4f build/obj/icu_lld.o
 .debug_abbrev  0x0000322a       0x4f build/obj/mac_lld.o
 .debug_abbrev  0x00003279       0x4f build/obj/pwm_lld.o
 .debug_abbrev  0x000032c8       0x4f build/obj/serial_lld.o
 .debug_abbrev  0x00003317       0x4f build/obj/sdc_lld.o
 .debug_abbrev  0x00003366       0x4f build/obj/spi_lld.o
 .debug_abbrev  0x000033b5       0x4f build/obj/uart_lld.o
 .debug_abbrev  0x00003404      0x11a build/obj/pal_lld.o
 .debug_abbrev  0x0000351e      0x262 build/obj/usb_lld.o
 .debug_abbrev  0x00003780       0x4f build/obj/rtc_lld.o
 .debug_abbrev  0x000037cf       0xbe build/obj/board.o
 .debug_abbrev  0x0000388d      0x14c build/obj/evtimer.o
 .debug_abbrev  0x000039d9      0x17e build/obj/syscalls.o
 .debug_abbrev  0x00003b57      0x172 build/obj/main.o
 .debug_abbrev  0x00003cc9      0x14a build/obj/i2c_pns.o
 .debug_abbrev  0x00003e13      0x16d build/obj/tmp75.o
 .debug_abbrev  0x00003f80      0x16d build/obj/fake.o
 .debug_abbrev  0x000040ed      0x186 build/obj/lis3.o

.debug_info     0x00000000    0x131c5
 .debug_info    0x00000000      0x34c build/obj/crt0.o
 .debug_info    0x0000034c       0xb5 build/obj/vectors.o
 .debug_info    0x00000401       0x8b build/obj/chcore.o
 .debug_info    0x0000048c      0x80d build/obj/chcore_v7m.o
 .debug_info    0x00000c99      0x431 build/obj/nvic.o
 .debug_info    0x000010ca      0x676 build/obj/chsys.o
 .debug_info    0x00001740      0x83a build/obj/chdebug.o
 .debug_info    0x00001f7a       0x73 build/obj/chlists.o
 .debug_info    0x00001fed      0x278 build/obj/chvt.o
 .debug_info    0x00002265      0x76e build/obj/chschd.o
 .debug_info    0x000029d3      0xaa7 build/obj/chthreads.o
 .debug_info    0x0000347a      0x751 build/obj/chdynamic.o
 .debug_info    0x00003bcb      0x53c build/obj/chregistry.o
 .debug_info    0x00004107      0x8ea build/obj/chsem.o
 .debug_info    0x000049f1      0x837 build/obj/chmtx.o
 .debug_info    0x00005228      0x7d7 build/obj/chcond.o
 .debug_info    0x000059ff      0xc0c build/obj/chevents.o
 .debug_info    0x0000660b      0x623 build/obj/chmsg.o
 .debug_info    0x00006c2e      0x87e build/obj/chmboxes.o
 .debug_info    0x000074ac      0xa83 build/obj/chqueues.o
 .debug_info    0x00007f2f      0x1d4 build/obj/chmemcore.o
 .debug_info    0x00008103      0x642 build/obj/chheap.o
 .debug_info    0x00008745      0x2a2 build/obj/chmempools.o
 .debug_info    0x000089e7      0x2b1 build/obj/hal.o
 .debug_info    0x00008c98       0x9f build/obj/adc.o
 .debug_info    0x00008d37       0x9f build/obj/can.o
 .debug_info    0x00008dd6       0x9f build/obj/ext.o
 .debug_info    0x00008e75       0x9f build/obj/gpt.o
 .debug_info    0x00008f14      0xa9f build/obj/i2c.o
 .debug_info    0x000099b3       0x9f build/obj/icu.o
 .debug_info    0x00009a52       0x9f build/obj/mac.o
 .debug_info    0x00009af1      0x240 build/obj/pal.o
 .debug_info    0x00009d31       0x9f build/obj/pwm.o
 .debug_info    0x00009dd0       0x9f build/obj/sdc.o
 .debug_info    0x00009e6f       0x9f build/obj/serial.o
 .debug_info    0x00009f0e       0x9f build/obj/spi.o
 .debug_info    0x00009fad       0x9f build/obj/uart.o
 .debug_info    0x0000a04c      0x975 build/obj/usb.o
 .debug_info    0x0000a9c1      0x27e build/obj/tm.o
 .debug_info    0x0000ac3f       0x9f build/obj/mmc_spi.o
 .debug_info    0x0000acde     0x1412 build/obj/serial_usb.o
 .debug_info    0x0000c0f0       0x9f build/obj/rtc.o
 .debug_info    0x0000c18f      0x63a build/obj/stm32_dma.o
 .debug_info    0x0000c7c9      0x3a8 build/obj/hal_lld.o
 .debug_info    0x0000cb71       0x9f build/obj/adc_lld.o
 .debug_info    0x0000cc10       0x9f build/obj/can_lld.o
 .debug_info    0x0000ccaf       0x9f build/obj/ext_lld.o
 .debug_info    0x0000cd4e       0x9f build/obj/gpt_lld.o
 .debug_info    0x0000cded     0x11d3 build/obj/i2c_lld.o
 .debug_info    0x0000dfc0       0x9f build/obj/icu_lld.o
 .debug_info    0x0000e05f       0x9f build/obj/mac_lld.o
 .debug_info    0x0000e0fe       0x9f build/obj/pwm_lld.o
 .debug_info    0x0000e19d       0x9f build/obj/serial_lld.o
 .debug_info    0x0000e23c       0x9f build/obj/sdc_lld.o
 .debug_info    0x0000e2db       0x9f build/obj/spi_lld.o
 .debug_info    0x0000e37a       0x9f build/obj/uart_lld.o
 .debug_info    0x0000e419      0x394 build/obj/pal_lld.o
 .debug_info    0x0000e7ad      0xdea build/obj/usb_lld.o
 .debug_info    0x0000f597       0x9f build/obj/rtc_lld.o
 .debug_info    0x0000f636      0x186 build/obj/board.o
 .debug_info    0x0000f7bc      0x5ef build/obj/evtimer.o
 .debug_info    0x0000fdab      0xc34 build/obj/syscalls.o
 .debug_info    0x000109df      0x64d build/obj/main.o
 .debug_info    0x0001102c      0x865 build/obj/i2c_pns.o
 .debug_info    0x00011891      0x855 build/obj/tmp75.o
 .debug_info    0x000120e6      0x839 build/obj/fake.o
 .debug_info    0x0001291f      0x8a6 build/obj/lis3.o

.debug_line     0x00000000     0x7c7d
 .debug_line    0x00000000      0x15e build/obj/crt0.o
 .debug_line    0x0000015e       0x6e build/obj/vectors.o
 .debug_line    0x000001cc       0x63 build/obj/chcore.o
 .debug_line    0x0000022f      0x227 build/obj/chcore_v7m.o
 .debug_line    0x00000456      0x116 build/obj/nvic.o
 .debug_line    0x0000056c      0x1c8 build/obj/chsys.o
 .debug_line    0x00000734      0x2dc build/obj/chdebug.o
 .debug_line    0x00000a10       0x1d build/obj/chlists.o
 .debug_line    0x00000a2d      0x1cb build/obj/chvt.o
 .debug_line    0x00000bf8      0x2bc build/obj/chschd.o
 .debug_line    0x00000eb4      0x3a2 build/obj/chthreads.o
 .debug_line    0x00001256      0x272 build/obj/chdynamic.o
 .debug_line    0x000014c8      0x198 build/obj/chregistry.o
 .debug_line    0x00001660      0x3d8 build/obj/chsem.o
 .debug_line    0x00001a38      0x31a build/obj/chmtx.o
 .debug_line    0x00001d52      0x2cb build/obj/chcond.o
 .debug_line    0x0000201d      0x342 build/obj/chevents.o
 .debug_line    0x0000235f      0x1ee build/obj/chmsg.o
 .debug_line    0x0000254d      0x2c7 build/obj/chmboxes.o
 .debug_line    0x00002814      0x38b build/obj/chqueues.o
 .debug_line    0x00002b9f      0x17d build/obj/chmemcore.o
 .debug_line    0x00002d1c      0x2b1 build/obj/chheap.o
 .debug_line    0x00002fcd      0x1fd build/obj/chmempools.o
 .debug_line    0x000031ca      0x24e build/obj/hal.o
 .debug_line    0x00003418       0xde build/obj/adc.o
 .debug_line    0x000034f6       0xde build/obj/can.o
 .debug_line    0x000035d4       0xde build/obj/ext.o
 .debug_line    0x000036b2       0xde build/obj/gpt.o
 .debug_line    0x00003790      0x3ff build/obj/i2c.o
 .debug_line    0x00003b8f       0xde build/obj/icu.o
 .debug_line    0x00003c6d       0xde build/obj/mac.o
 .debug_line    0x00003d4b      0x201 build/obj/pal.o
 .debug_line    0x00003f4c       0xde build/obj/pwm.o
 .debug_line    0x0000402a       0xde build/obj/sdc.o
 .debug_line    0x00004108       0xde build/obj/serial.o
 .debug_line    0x000041e6       0xde build/obj/spi.o
 .debug_line    0x000042c4       0xde build/obj/uart.o
 .debug_line    0x000043a2      0x4c5 build/obj/usb.o
 .debug_line    0x00004867      0x1ea build/obj/tm.o
 .debug_line    0x00004a51       0xde build/obj/mmc_spi.o
 .debug_line    0x00004b2f      0x4cc build/obj/serial_usb.o
 .debug_line    0x00004ffb       0xde build/obj/rtc.o
 .debug_line    0x000050d9      0x27f build/obj/stm32_dma.o
 .debug_line    0x00005358      0x1d3 build/obj/hal_lld.o
 .debug_line    0x0000552b       0xde build/obj/adc_lld.o
 .debug_line    0x00005609       0xde build/obj/can_lld.o
 .debug_line    0x000056e7       0xde build/obj/ext_lld.o
 .debug_line    0x000057c5       0xde build/obj/gpt_lld.o
 .debug_line    0x000058a3      0x570 build/obj/i2c_lld.o
 .debug_line    0x00005e13       0xde build/obj/icu_lld.o
 .debug_line    0x00005ef1       0xde build/obj/mac_lld.o
 .debug_line    0x00005fcf       0xde build/obj/pwm_lld.o
 .debug_line    0x000060ad       0xde build/obj/serial_lld.o
 .debug_line    0x0000618b       0xde build/obj/sdc_lld.o
 .debug_line    0x00006269       0xde build/obj/spi_lld.o
 .debug_line    0x00006347       0xde build/obj/uart_lld.o
 .debug_line    0x00006425      0x1b8 build/obj/pal_lld.o
 .debug_line    0x000065dd      0x4e4 build/obj/usb_lld.o
 .debug_line    0x00006ac1       0xde build/obj/rtc_lld.o
 .debug_line    0x00006b9f      0x172 build/obj/board.o
 .debug_line    0x00006d11      0x1b0 build/obj/evtimer.o
 .debug_line    0x00006ec1      0x1e6 build/obj/syscalls.o
 .debug_line    0x000070a7      0x2a2 build/obj/main.o
 .debug_line    0x00007349      0x271 build/obj/i2c_pns.o
 .debug_line    0x000075ba      0x239 build/obj/tmp75.o
 .debug_line    0x000077f3      0x236 build/obj/fake.o
 .debug_line    0x00007a29      0x254 build/obj/lis3.o

.debug_pubnames
                0x00000000     0x1504
 .debug_pubnames
                0x00000000       0x56 build/obj/crt0.o
 .debug_pubnames
                0x00000056       0x38 build/obj/vectors.o
 .debug_pubnames
                0x0000008e       0x20 build/obj/chcore.o
 .debug_pubnames
                0x000000ae       0x9d build/obj/chcore_v7m.o
 .debug_pubnames
                0x0000014b       0x5e build/obj/nvic.o
 .debug_pubnames
                0x000001a9       0x5c build/obj/chsys.o
 .debug_pubnames
                0x00000205      0x184 build/obj/chdebug.o
 .debug_pubnames
                0x00000389       0x59 build/obj/chvt.o
 .debug_pubnames
                0x000003e2       0xa7 build/obj/chschd.o
 .debug_pubnames
                0x00000489       0xf3 build/obj/chthreads.o
 .debug_pubnames
                0x0000057c       0x69 build/obj/chdynamic.o
 .debug_pubnames
                0x000005e5       0x3b build/obj/chregistry.o
 .debug_pubnames
                0x00000620       0xd1 build/obj/chsem.o
 .debug_pubnames
                0x000006f1       0x94 build/obj/chmtx.o
 .debug_pubnames
                0x00000785       0xb9 build/obj/chcond.o
 .debug_pubnames
                0x0000083e      0x14b build/obj/chevents.o
 .debug_pubnames
                0x00000989       0x3f build/obj/chmsg.o
 .debug_pubnames
                0x000009c8       0xba build/obj/chmboxes.o
 .debug_pubnames
                0x00000a82       0xb3 build/obj/chqueues.o
 .debug_pubnames
                0x00000b35       0x53 build/obj/chmemcore.o
 .debug_pubnames
                0x00000b88       0x60 build/obj/chheap.o
 .debug_pubnames
                0x00000be8       0x61 build/obj/chmempools.o
 .debug_pubnames
                0x00000c49       0x48 build/obj/hal.o
 .debug_pubnames
                0x00000c91       0xb7 build/obj/i2c.o
 .debug_pubnames
                0x00000d48       0x43 build/obj/pal.o
 .debug_pubnames
                0x00000d8b      0x10d build/obj/usb.o
 .debug_pubnames
                0x00000e98       0x2e build/obj/tm.o
 .debug_pubnames
                0x00000ec6       0xa4 build/obj/serial_usb.o
 .debug_pubnames
                0x00000f6a       0xbb build/obj/stm32_dma.o
 .debug_pubnames
                0x00001025       0x38 build/obj/hal_lld.o
 .debug_pubnames
                0x0000105d       0xb1 build/obj/i2c_lld.o
 .debug_pubnames
                0x0000110e       0x3e build/obj/pal_lld.o
 .debug_pubnames
                0x0000114c      0x211 build/obj/usb_lld.o
 .debug_pubnames
                0x0000135d       0x48 build/obj/board.o
 .debug_pubnames
                0x000013a5       0x2b build/obj/evtimer.o
 .debug_pubnames
                0x000013d0       0x6c build/obj/syscalls.o
 .debug_pubnames
                0x0000143c       0x1b build/obj/main.o
 .debug_pubnames
                0x00001457       0x22 build/obj/i2c_pns.o
 .debug_pubnames
                0x00001479       0x2a build/obj/tmp75.o
 .debug_pubnames
                0x000014a3       0x23 build/obj/fake.o
 .debug_pubnames
                0x000014c6       0x3e build/obj/lis3.o

.debug_pubtypes
                0x00000000     0x3520
 .debug_pubtypes
                0x00000000       0x44 build/obj/crt0.o
 .debug_pubtypes
                0x00000044       0x12 build/obj/vectors.o
 .debug_pubtypes
                0x00000056       0x12 build/obj/chcore.o
 .debug_pubtypes
                0x00000068      0x14a build/obj/chcore_v7m.o
 .debug_pubtypes
                0x000001b2       0x38 build/obj/nvic.o
 .debug_pubtypes
                0x000001ea      0x179 build/obj/chsys.o
 .debug_pubtypes
                0x00000363      0x196 build/obj/chdebug.o
 .debug_pubtypes
                0x000004f9       0x12 build/obj/chlists.o
 .debug_pubtypes
                0x0000050b       0x7e build/obj/chvt.o
 .debug_pubtypes
                0x00000589      0x17e build/obj/chschd.o
 .debug_pubtypes
                0x00000707      0x184 build/obj/chthreads.o
 .debug_pubtypes
                0x0000088b      0x191 build/obj/chdynamic.o
 .debug_pubtypes
                0x00000a1c      0x133 build/obj/chregistry.o
 .debug_pubtypes
                0x00000b4f      0x14f build/obj/chsem.o
 .debug_pubtypes
                0x00000c9e      0x13e build/obj/chmtx.o
 .debug_pubtypes
                0x00000ddc      0x14b build/obj/chcond.o
 .debug_pubtypes
                0x00000f27      0x195 build/obj/chevents.o
 .debug_pubtypes
                0x000010bc      0x133 build/obj/chmsg.o
 .debug_pubtypes
                0x000011ef      0x14d build/obj/chmboxes.o
 .debug_pubtypes
                0x0000133c      0x198 build/obj/chqueues.o
 .debug_pubtypes
                0x000014d4       0x36 build/obj/chmemcore.o
 .debug_pubtypes
                0x0000150a      0x166 build/obj/chheap.o
 .debug_pubtypes
                0x00001670       0x5a build/obj/chmempools.o
 .debug_pubtypes
                0x000016ca       0x76 build/obj/hal.o
 .debug_pubtypes
                0x00001740       0x1e build/obj/adc.o
 .debug_pubtypes
                0x0000175e       0x1e build/obj/can.o
 .debug_pubtypes
                0x0000177c       0x1e build/obj/ext.o
 .debug_pubtypes
                0x0000179a       0x1e build/obj/gpt.o
 .debug_pubtypes
                0x000017b8      0x1eb build/obj/i2c.o
 .debug_pubtypes
                0x000019a3       0x1e build/obj/icu.o
 .debug_pubtypes
                0x000019c1       0x1e build/obj/mac.o
 .debug_pubtypes
                0x000019df       0x84 build/obj/pal.o
 .debug_pubtypes
                0x00001a63       0x1e build/obj/pwm.o
 .debug_pubtypes
                0x00001a81       0x1e build/obj/sdc.o
 .debug_pubtypes
                0x00001a9f       0x1e build/obj/serial.o
 .debug_pubtypes
                0x00001abd       0x1e build/obj/spi.o
 .debug_pubtypes
                0x00001adb       0x1e build/obj/uart.o
 .debug_pubtypes
                0x00001af9      0x179 build/obj/usb.o
 .debug_pubtypes
                0x00001c72       0x6e build/obj/tm.o
 .debug_pubtypes
                0x00001ce0       0x1e build/obj/mmc_spi.o
 .debug_pubtypes
                0x00001cfe      0x3c2 build/obj/serial_usb.o
 .debug_pubtypes
                0x000020c0       0x1e build/obj/rtc.o
 .debug_pubtypes
                0x000020de       0xce build/obj/stm32_dma.o
 .debug_pubtypes
                0x000021ac       0x93 build/obj/hal_lld.o
 .debug_pubtypes
                0x0000223f       0x1e build/obj/adc_lld.o
 .debug_pubtypes
                0x0000225d       0x1e build/obj/can_lld.o
 .debug_pubtypes
                0x0000227b       0x1e build/obj/ext_lld.o
 .debug_pubtypes
                0x00002299       0x1e build/obj/gpt_lld.o
 .debug_pubtypes
                0x000022b7      0x269 build/obj/i2c_lld.o
 .debug_pubtypes
                0x00002520       0x1e build/obj/icu_lld.o
 .debug_pubtypes
                0x0000253e       0x1e build/obj/mac_lld.o
 .debug_pubtypes
                0x0000255c       0x1e build/obj/pwm_lld.o
 .debug_pubtypes
                0x0000257a       0x1e build/obj/serial_lld.o
 .debug_pubtypes
                0x00002598       0x1e build/obj/sdc_lld.o
 .debug_pubtypes
                0x000025b6       0x1e build/obj/spi_lld.o
 .debug_pubtypes
                0x000025d4       0x1e build/obj/uart_lld.o
 .debug_pubtypes
                0x000025f2       0xaa build/obj/pal_lld.o
 .debug_pubtypes
                0x0000269c      0x1c6 build/obj/usb_lld.o
 .debug_pubtypes
                0x00002862       0x1e build/obj/rtc_lld.o
 .debug_pubtypes
                0x00002880       0x50 build/obj/board.o
 .debug_pubtypes
                0x000028d0      0x19a build/obj/evtimer.o
 .debug_pubtypes
                0x00002a6a      0x19b build/obj/syscalls.o
 .debug_pubtypes
                0x00002c05      0x155 build/obj/main.o
 .debug_pubtypes
                0x00002d5a      0x202 build/obj/i2c_pns.o
 .debug_pubtypes
                0x00002f5c      0x1ec build/obj/tmp75.o
 .debug_pubtypes
                0x00003148      0x1ec build/obj/fake.o
 .debug_pubtypes
                0x00003334      0x1ec build/obj/lis3.o

.debug_aranges  0x00000000      0xd00
 .debug_aranges
                0x00000000       0x38 build/obj/crt0.o
 .debug_aranges
                0x00000038       0x20 build/obj/vectors.o
 .debug_aranges
                0x00000058       0x20 build/obj/chcore.o
 .debug_aranges
                0x00000078       0x50 build/obj/chcore_v7m.o
 .debug_aranges
                0x000000c8       0x30 build/obj/nvic.o
 .debug_aranges
                0x000000f8       0x30 build/obj/chsys.o
 .debug_aranges
                0x00000128       0x88 build/obj/chdebug.o
 .debug_aranges
                0x000001b0       0x38 build/obj/chvt.o
 .debug_aranges
                0x000001e8       0x68 build/obj/chschd.o
 .debug_aranges
                0x00000250       0x90 build/obj/chthreads.o
 .debug_aranges
                0x000002e0       0x38 build/obj/chdynamic.o
 .debug_aranges
                0x00000318       0x28 build/obj/chregistry.o
 .debug_aranges
                0x00000340       0x88 build/obj/chsem.o
 .debug_aranges
                0x000003c8       0x70 build/obj/chmtx.o
 .debug_aranges
                0x00000438       0x70 build/obj/chcond.o
 .debug_aranges
                0x000004a8       0x90 build/obj/chevents.o
 .debug_aranges
                0x00000538       0x40 build/obj/chmsg.o
 .debug_aranges
                0x00000578       0x70 build/obj/chmboxes.o
 .debug_aranges
                0x000005e8       0x80 build/obj/chqueues.o
 .debug_aranges
                0x00000668       0x38 build/obj/chmemcore.o
 .debug_aranges
                0x000006a0       0x40 build/obj/chheap.o
 .debug_aranges
                0x000006e0       0x40 build/obj/chmempools.o
 .debug_aranges
                0x00000720       0x30 build/obj/hal.o
 .debug_aranges
                0x00000750       0x60 build/obj/i2c.o
 .debug_aranges
                0x000007b0       0x30 build/obj/pal.o
 .debug_aranges
                0x000007e0       0x98 build/obj/usb.o
 .debug_aranges
                0x00000878       0x38 build/obj/tm.o
 .debug_aranges
                0x000008b0       0xb8 build/obj/serial_usb.o
 .debug_aranges
                0x00000968       0x68 build/obj/stm32_dma.o
 .debug_aranges
                0x000009d0       0x30 build/obj/hal_lld.o
 .debug_aranges
                0x00000a00       0x90 build/obj/i2c_lld.o
 .debug_aranges
                0x00000a90       0x28 build/obj/pal_lld.o
 .debug_aranges
                0x00000ab8       0xd8 build/obj/usb_lld.o
 .debug_aranges
                0x00000b90       0x28 build/obj/board.o
 .debug_aranges
                0x00000bb8       0x30 build/obj/evtimer.o
 .debug_aranges
                0x00000be8       0x50 build/obj/syscalls.o
 .debug_aranges
                0x00000c38       0x40 build/obj/main.o
 .debug_aranges
                0x00000c78       0x20 build/obj/i2c_pns.o
 .debug_aranges
                0x00000c98       0x20 build/obj/tmp75.o
 .debug_aranges
                0x00000cb8       0x20 build/obj/fake.o
 .debug_aranges
                0x00000cd8       0x28 build/obj/lis3.o

.debug_ranges   0x00000000      0xa70
 .debug_ranges  0x00000000       0x28 build/obj/crt0.o
 .debug_ranges  0x00000028       0x10 build/obj/vectors.o
 .debug_ranges  0x00000038       0x10 build/obj/chcore.o
 .debug_ranges  0x00000048       0x40 build/obj/chcore_v7m.o
 .debug_ranges  0x00000088       0x20 build/obj/nvic.o
 .debug_ranges  0x000000a8       0x20 build/obj/chsys.o
 .debug_ranges  0x000000c8       0x78 build/obj/chdebug.o
 .debug_ranges  0x00000140       0x28 build/obj/chvt.o
 .debug_ranges  0x00000168       0x58 build/obj/chschd.o
 .debug_ranges  0x000001c0       0x80 build/obj/chthreads.o
 .debug_ranges  0x00000240       0x28 build/obj/chdynamic.o
 .debug_ranges  0x00000268       0x18 build/obj/chregistry.o
 .debug_ranges  0x00000280       0x78 build/obj/chsem.o
 .debug_ranges  0x000002f8       0x60 build/obj/chmtx.o
 .debug_ranges  0x00000358       0x60 build/obj/chcond.o
 .debug_ranges  0x000003b8       0x80 build/obj/chevents.o
 .debug_ranges  0x00000438       0x30 build/obj/chmsg.o
 .debug_ranges  0x00000468       0x60 build/obj/chmboxes.o
 .debug_ranges  0x000004c8       0x70 build/obj/chqueues.o
 .debug_ranges  0x00000538       0x28 build/obj/chmemcore.o
 .debug_ranges  0x00000560       0x30 build/obj/chheap.o
 .debug_ranges  0x00000590       0x30 build/obj/chmempools.o
 .debug_ranges  0x000005c0       0x20 build/obj/hal.o
 .debug_ranges  0x000005e0       0x50 build/obj/i2c.o
 .debug_ranges  0x00000630       0x20 build/obj/pal.o
 .debug_ranges  0x00000650       0x88 build/obj/usb.o
 .debug_ranges  0x000006d8       0x28 build/obj/tm.o
 .debug_ranges  0x00000700       0xa8 build/obj/serial_usb.o
 .debug_ranges  0x000007a8       0x58 build/obj/stm32_dma.o
 .debug_ranges  0x00000800       0x20 build/obj/hal_lld.o
 .debug_ranges  0x00000820       0x80 build/obj/i2c_lld.o
 .debug_ranges  0x000008a0       0x18 build/obj/pal_lld.o
 .debug_ranges  0x000008b8       0xc8 build/obj/usb_lld.o
 .debug_ranges  0x00000980       0x18 build/obj/board.o
 .debug_ranges  0x00000998       0x20 build/obj/evtimer.o
 .debug_ranges  0x000009b8       0x40 build/obj/syscalls.o
 .debug_ranges  0x000009f8       0x30 build/obj/main.o
 .debug_ranges  0x00000a28       0x10 build/obj/i2c_pns.o
 .debug_ranges  0x00000a38       0x10 build/obj/tmp75.o
 .debug_ranges  0x00000a48       0x10 build/obj/fake.o
 .debug_ranges  0x00000a58       0x18 build/obj/lis3.o

.debug_str      0x00000000     0x32e8
 .debug_str     0x00000000      0x1cc build/obj/crt0.o
                                0x20b (size before relaxing)
 .debug_str     0x000001cc       0x57 build/obj/vectors.o
                                0x119 (size before relaxing)
 .debug_str     0x00000223       0x38 build/obj/chcore.o
                                 0xfa (size before relaxing)
 .debug_str     0x0000025b      0x2aa build/obj/chcore_v7m.o
                                0x3a0 (size before relaxing)
 .debug_str     0x00000505       0xbe build/obj/nvic.o
                                0x1f1 (size before relaxing)
 .debug_str     0x000005c3       0xdd build/obj/chsys.o
                                0x371 (size before relaxing)
 .debug_str     0x000006a0      0x1ae build/obj/chdebug.o
                                0x490 (size before relaxing)
 .debug_str     0x0000084e       0x29 build/obj/chlists.o
                                 0xeb (size before relaxing)
 .debug_str     0x00000877       0x60 build/obj/chvt.o
                                0x19e (size before relaxing)
 .debug_str     0x000008d7       0xd3 build/obj/chschd.o
                                0x3a1 (size before relaxing)
 .debug_str     0x000009aa      0x113 build/obj/chthreads.o
                                0x40c (size before relaxing)
 .debug_str     0x00000abd       0xfd build/obj/chdynamic.o
                                0x36d (size before relaxing)
 .debug_str     0x00000bba       0x4d build/obj/chregistry.o
                                0x2d9 (size before relaxing)
 .debug_str     0x00000c07       0xd3 build/obj/chsem.o
                                0x388 (size before relaxing)
 .debug_str     0x00000cda       0x95 build/obj/chmtx.o
                                0x344 (size before relaxing)
 .debug_str     0x00000d6f       0xbb build/obj/chcond.o
                                0x364 (size before relaxing)
 .debug_str     0x00000e2a      0x184 build/obj/chevents.o
                                0x41a (size before relaxing)
 .debug_str     0x00000fae       0x48 build/obj/chmsg.o
                                0x2ed (size before relaxing)
 .debug_str     0x00000ff6       0xed build/obj/chmboxes.o
                                0x34d (size before relaxing)
 .debug_str     0x000010e3      0x11d build/obj/chqueues.o
                                0x3da (size before relaxing)
 .debug_str     0x00001200       0x86 build/obj/chmemcore.o
                                0x165 (size before relaxing)
 .debug_str     0x00001286       0x75 build/obj/chheap.o
                                0x31c (size before relaxing)
 .debug_str     0x000012fb       0x67 build/obj/chmempools.o
                                0x19b (size before relaxing)
 .debug_str     0x00001362       0xfc build/obj/hal.o
                                0x1e4 (size before relaxing)
 .debug_str     0x0000145e       0x22 build/obj/adc.o
                                 0xf9 (size before relaxing)
 .debug_str     0x00001480       0x22 build/obj/can.o
                                 0xf9 (size before relaxing)
 .debug_str     0x000014a2       0x22 build/obj/ext.o
                                 0xf9 (size before relaxing)
 .debug_str     0x000014c4       0x22 build/obj/gpt.o
                                 0xf9 (size before relaxing)
 .debug_str     0x000014e6      0x2df build/obj/i2c.o
                                0x54c (size before relaxing)
 .debug_str     0x000017c5       0x22 build/obj/icu.o
                                 0xf9 (size before relaxing)
 .debug_str     0x000017e7       0x22 build/obj/mac.o
                                 0xf9 (size before relaxing)
 .debug_str     0x00001809       0x9e build/obj/pal.o
                                0x18f (size before relaxing)
 .debug_str     0x000018a7       0x22 build/obj/pwm.o
                                 0xf9 (size before relaxing)
 .debug_str     0x000018c9       0x22 build/obj/sdc.o
                                 0xf9 (size before relaxing)
 .debug_str     0x000018eb       0x25 build/obj/serial.o
                                 0xfc (size before relaxing)
 .debug_str     0x00001910       0x22 build/obj/spi.o
                                 0xf9 (size before relaxing)
 .debug_str     0x00001932       0x23 build/obj/uart.o
                                 0xfa (size before relaxing)
 .debug_str     0x00001955      0x41b build/obj/usb.o
                                0x56e (size before relaxing)
 .debug_str     0x00001d70       0x74 build/obj/tm.o
                                0x1ae (size before relaxing)
 .debug_str     0x00001de4       0x26 build/obj/mmc_spi.o
                                 0xfd (size before relaxing)
 .debug_str     0x00001e0a      0x207 build/obj/serial_usb.o
                                0x84a (size before relaxing)
 .debug_str     0x00002011       0x22 build/obj/rtc.o
                                 0xf9 (size before relaxing)
 .debug_str     0x00002033      0x42e build/obj/stm32_dma.o
                                0x598 (size before relaxing)
 .debug_str     0x00002461       0xd7 build/obj/hal_lld.o
                                0x243 (size before relaxing)
 .debug_str     0x00002538       0x36 build/obj/adc_lld.o
                                0x10d (size before relaxing)
 .debug_str     0x0000256e       0x32 build/obj/can_lld.o
                                0x109 (size before relaxing)
 .debug_str     0x000025a0       0x32 build/obj/ext_lld.o
                                0x109 (size before relaxing)
 .debug_str     0x000025d2       0x32 build/obj/gpt_lld.o
                                0x109 (size before relaxing)
 .debug_str     0x00002604      0x1b2 build/obj/i2c_lld.o
                                0xa2f (size before relaxing)
 .debug_str     0x000027b6       0x32 build/obj/icu_lld.o
                                0x109 (size before relaxing)
 .debug_str     0x000027e8       0x32 build/obj/mac_lld.o
                                0x109 (size before relaxing)
 .debug_str     0x0000281a       0x32 build/obj/pwm_lld.o
                                0x109 (size before relaxing)
 .debug_str     0x0000284c       0x35 build/obj/serial_lld.o
                                0x10c (size before relaxing)
 .debug_str     0x00002881       0x32 build/obj/sdc_lld.o
                                0x109 (size before relaxing)
 .debug_str     0x000028b3       0x32 build/obj/spi_lld.o
                                0x109 (size before relaxing)
 .debug_str     0x000028e5       0x33 build/obj/uart_lld.o
                                0x10a (size before relaxing)
 .debug_str     0x00002918       0x69 build/obj/pal_lld.o
                                0x219 (size before relaxing)
 .debug_str     0x00002981      0x299 build/obj/usb_lld.o
                                0x72d (size before relaxing)
 .debug_str     0x00002c1a       0x38 build/obj/rtc_lld.o
                                0x10f (size before relaxing)
 .debug_str     0x00002c52       0x3e build/obj/board.o
                                0x17e (size before relaxing)
 .debug_str     0x00002c90       0x5d build/obj/evtimer.o
                                0x315 (size before relaxing)
 .debug_str     0x00002ced      0x4a1 build/obj/syscalls.o
                                0x5d4 (size before relaxing)
 .debug_str     0x0000318e       0x7e build/obj/main.o
                                0x33b (size before relaxing)
 .debug_str     0x0000320c       0x1d build/obj/i2c_pns.o
                                0x4c0 (size before relaxing)
 .debug_str     0x00003229       0x37 build/obj/tmp75.o
                                0x4d1 (size before relaxing)
 .debug_str     0x00003260       0x14 build/obj/fake.o
                                0x4b6 (size before relaxing)
 .debug_str     0x00003274       0x74 build/obj/lis3.o
                                0x502 (size before relaxing)

.comment        0x00000000       0x2a
 .comment       0x00000000       0x2a build/obj/crt0.o
                                 0x2b (size before relaxing)
 .comment       0x00000000       0x2b build/obj/vectors.o
 .comment       0x00000000       0x2b build/obj/chcore.o
 .comment       0x00000000       0x2b build/obj/chcore_v7m.o
 .comment       0x00000000       0x2b build/obj/nvic.o
 .comment       0x00000000       0x2b build/obj/chsys.o
 .comment       0x00000000       0x2b build/obj/chdebug.o
 .comment       0x00000000       0x2b build/obj/chlists.o
 .comment       0x00000000       0x2b build/obj/chvt.o
 .comment       0x00000000       0x2b build/obj/chschd.o
 .comment       0x00000000       0x2b build/obj/chthreads.o
 .comment       0x00000000       0x2b build/obj/chdynamic.o
 .comment       0x00000000       0x2b build/obj/chregistry.o
 .comment       0x00000000       0x2b build/obj/chsem.o
 .comment       0x00000000       0x2b build/obj/chmtx.o
 .comment       0x00000000       0x2b build/obj/chcond.o
 .comment       0x00000000       0x2b build/obj/chevents.o
 .comment       0x00000000       0x2b build/obj/chmsg.o
 .comment       0x00000000       0x2b build/obj/chmboxes.o
 .comment       0x00000000       0x2b build/obj/chqueues.o
 .comment       0x00000000       0x2b build/obj/chmemcore.o
 .comment       0x00000000       0x2b build/obj/chheap.o
 .comment       0x00000000       0x2b build/obj/chmempools.o
 .comment       0x00000000       0x2b build/obj/hal.o
 .comment       0x00000000       0x2b build/obj/adc.o
 .comment       0x00000000       0x2b build/obj/can.o
 .comment       0x00000000       0x2b build/obj/ext.o
 .comment       0x00000000       0x2b build/obj/gpt.o
 .comment       0x00000000       0x2b build/obj/i2c.o
 .comment       0x00000000       0x2b build/obj/icu.o
 .comment       0x00000000       0x2b build/obj/mac.o
 .comment       0x00000000       0x2b build/obj/pal.o
 .comment       0x00000000       0x2b build/obj/pwm.o
 .comment       0x00000000       0x2b build/obj/sdc.o
 .comment       0x00000000       0x2b build/obj/serial.o
 .comment       0x00000000       0x2b build/obj/spi.o
 .comment       0x00000000       0x2b build/obj/uart.o
 .comment       0x00000000       0x2b build/obj/usb.o
 .comment       0x00000000       0x2b build/obj/tm.o
 .comment       0x00000000       0x2b build/obj/mmc_spi.o
 .comment       0x00000000       0x2b build/obj/serial_usb.o
 .comment       0x00000000       0x2b build/obj/rtc.o
 .comment       0x00000000       0x2b build/obj/stm32_dma.o
 .comment       0x00000000       0x2b build/obj/hal_lld.o
 .comment       0x00000000       0x2b build/obj/adc_lld.o
 .comment       0x00000000       0x2b build/obj/can_lld.o
 .comment       0x00000000       0x2b build/obj/ext_lld.o
 .comment       0x00000000       0x2b build/obj/gpt_lld.o
 .comment       0x00000000       0x2b build/obj/i2c_lld.o
 .comment       0x00000000       0x2b build/obj/icu_lld.o
 .comment       0x00000000       0x2b build/obj/mac_lld.o
 .comment       0x00000000       0x2b build/obj/pwm_lld.o
 .comment       0x00000000       0x2b build/obj/serial_lld.o
 .comment       0x00000000       0x2b build/obj/sdc_lld.o
 .comment       0x00000000       0x2b build/obj/spi_lld.o
 .comment       0x00000000       0x2b build/obj/uart_lld.o
 .comment       0x00000000       0x2b build/obj/pal_lld.o
 .comment       0x00000000       0x2b build/obj/usb_lld.o
 .comment       0x00000000       0x2b build/obj/rtc_lld.o
 .comment       0x00000000       0x2b build/obj/board.o
 .comment       0x00000000       0x2b build/obj/evtimer.o
 .comment       0x00000000       0x2b build/obj/syscalls.o
 .comment       0x00000000       0x2b build/obj/main.o
 .comment       0x00000000       0x2b build/obj/i2c_pns.o
 .comment       0x00000000       0x2b build/obj/tmp75.o
 .comment       0x00000000       0x2b build/obj/fake.o
 .comment       0x00000000       0x2b build/obj/lis3.o

.ARM.attributes
                0x00000000       0x31
 .ARM.attributes
                0x00000000       0x31 build/obj/crt0.o
 .ARM.attributes
                0x00000031       0x31 build/obj/vectors.o
 .ARM.attributes
                0x00000062       0x31 build/obj/chcore.o
 .ARM.attributes
                0x00000093       0x31 build/obj/chcore_v7m.o
 .ARM.attributes
                0x000000c4       0x31 build/obj/nvic.o
 .ARM.attributes
                0x000000f5       0x31 build/obj/chsys.o
 .ARM.attributes
                0x00000126       0x31 build/obj/chdebug.o
 .ARM.attributes
                0x00000157       0x31 build/obj/chlists.o
 .ARM.attributes
                0x00000188       0x31 build/obj/chvt.o
 .ARM.attributes
                0x000001b9       0x31 build/obj/chschd.o
 .ARM.attributes
                0x000001ea       0x31 build/obj/chthreads.o
 .ARM.attributes
                0x0000021b       0x31 build/obj/chdynamic.o
 .ARM.attributes
                0x0000024c       0x31 build/obj/chregistry.o
 .ARM.attributes
                0x0000027d       0x31 build/obj/chsem.o
 .ARM.attributes
                0x000002ae       0x31 build/obj/chmtx.o
 .ARM.attributes
                0x000002df       0x31 build/obj/chcond.o
 .ARM.attributes
                0x00000310       0x31 build/obj/chevents.o
 .ARM.attributes
                0x00000341       0x31 build/obj/chmsg.o
 .ARM.attributes
                0x00000372       0x31 build/obj/chmboxes.o
 .ARM.attributes
                0x000003a3       0x31 build/obj/chqueues.o
 .ARM.attributes
                0x000003d4       0x31 build/obj/chmemcore.o
 .ARM.attributes
                0x00000405       0x31 build/obj/chheap.o
 .ARM.attributes
                0x00000436       0x31 build/obj/chmempools.o
 .ARM.attributes
                0x00000467       0x31 build/obj/hal.o
 .ARM.attributes
                0x00000498       0x31 build/obj/adc.o
 .ARM.attributes
                0x000004c9       0x31 build/obj/can.o
 .ARM.attributes
                0x000004fa       0x31 build/obj/ext.o
 .ARM.attributes
                0x0000052b       0x31 build/obj/gpt.o
 .ARM.attributes
                0x0000055c       0x31 build/obj/i2c.o
 .ARM.attributes
                0x0000058d       0x31 build/obj/icu.o
 .ARM.attributes
                0x000005be       0x31 build/obj/mac.o
 .ARM.attributes
                0x000005ef       0x31 build/obj/pal.o
 .ARM.attributes
                0x00000620       0x31 build/obj/pwm.o
 .ARM.attributes
                0x00000651       0x31 build/obj/sdc.o
 .ARM.attributes
                0x00000682       0x31 build/obj/serial.o
 .ARM.attributes
                0x000006b3       0x31 build/obj/spi.o
 .ARM.attributes
                0x000006e4       0x31 build/obj/uart.o
 .ARM.attributes
                0x00000715       0x31 build/obj/usb.o
 .ARM.attributes
                0x00000746       0x31 build/obj/tm.o
 .ARM.attributes
                0x00000777       0x31 build/obj/mmc_spi.o
 .ARM.attributes
                0x000007a8       0x31 build/obj/serial_usb.o
 .ARM.attributes
                0x000007d9       0x31 build/obj/rtc.o
 .ARM.attributes
                0x0000080a       0x31 build/obj/stm32_dma.o
 .ARM.attributes
                0x0000083b       0x31 build/obj/hal_lld.o
 .ARM.attributes
                0x0000086c       0x31 build/obj/adc_lld.o
 .ARM.attributes
                0x0000089d       0x31 build/obj/can_lld.o
 .ARM.attributes
                0x000008ce       0x31 build/obj/ext_lld.o
 .ARM.attributes
                0x000008ff       0x31 build/obj/gpt_lld.o
 .ARM.attributes
                0x00000930       0x31 build/obj/i2c_lld.o
 .ARM.attributes
                0x00000961       0x31 build/obj/icu_lld.o
 .ARM.attributes
                0x00000992       0x31 build/obj/mac_lld.o
 .ARM.attributes
                0x000009c3       0x31 build/obj/pwm_lld.o
 .ARM.attributes
                0x000009f4       0x31 build/obj/serial_lld.o
 .ARM.attributes
                0x00000a25       0x31 build/obj/sdc_lld.o
 .ARM.attributes
                0x00000a56       0x31 build/obj/spi_lld.o
 .ARM.attributes
                0x00000a87       0x31 build/obj/uart_lld.o
 .ARM.attributes
                0x00000ab8       0x31 build/obj/pal_lld.o
 .ARM.attributes
                0x00000ae9       0x31 build/obj/usb_lld.o
 .ARM.attributes
                0x00000b1a       0x31 build/obj/rtc_lld.o
 .ARM.attributes
                0x00000b4b       0x31 build/obj/board.o
 .ARM.attributes
                0x00000b7c       0x31 build/obj/evtimer.o
 .ARM.attributes
                0x00000bad       0x31 build/obj/syscalls.o
 .ARM.attributes
                0x00000bde       0x31 build/obj/main.o
 .ARM.attributes
                0x00000c0f       0x31 build/obj/i2c_pns.o
 .ARM.attributes
                0x00000c40       0x31 build/obj/tmp75.o
 .ARM.attributes
                0x00000c71       0x31 build/obj/fake.o
 .ARM.attributes
                0x00000ca2       0x31 build/obj/lis3.o
 .ARM.attributes
                0x00000cd3       0x29 /home/z80/programs/code-sourcery/2011.03-42/bin/../lib/gcc/arm-none-eabi/4.5.2/../../../../arm-none-eabi/lib/thumb2/libc.a(lib_a-memset.o)

.debug_frame    0x00000000     0x2034
 .debug_frame   0x00000000       0x50 build/obj/crt0.o
 .debug_frame   0x00000050       0x20 build/obj/vectors.o
 .debug_frame   0x00000070       0x20 build/obj/chcore.o
 .debug_frame   0x00000090       0xbc build/obj/chcore_v7m.o
 .debug_frame   0x0000014c       0x64 build/obj/nvic.o
 .debug_frame   0x000001b0       0x5c build/obj/chsys.o
 .debug_frame   0x0000020c      0x184 build/obj/chdebug.o
 .debug_frame   0x00000390       0x6c build/obj/chvt.o
 .debug_frame   0x000003fc      0x10c build/obj/chschd.o
 .debug_frame   0x00000508      0x194 build/obj/chthreads.o
 .debug_frame   0x0000069c       0x80 build/obj/chdynamic.o
 .debug_frame   0x0000071c       0x48 build/obj/chregistry.o
 .debug_frame   0x00000764      0x180 build/obj/chsem.o
 .debug_frame   0x000008e4      0x12c build/obj/chmtx.o
 .debug_frame   0x00000a10      0x134 build/obj/chcond.o
 .debug_frame   0x00000b44      0x1b4 build/obj/chevents.o
 .debug_frame   0x00000cf8       0x8c build/obj/chmsg.o
 .debug_frame   0x00000d84      0x144 build/obj/chmboxes.o
 .debug_frame   0x00000ec8      0x15c build/obj/chqueues.o
 .debug_frame   0x00001024       0x68 build/obj/chmemcore.o
 .debug_frame   0x0000108c       0x9c build/obj/chheap.o
 .debug_frame   0x00001128       0x9c build/obj/chmempools.o
 .debug_frame   0x000011c4       0x5c build/obj/hal.o
 .debug_frame   0x00001220      0x10c build/obj/i2c.o
 .debug_frame   0x0000132c       0x64 build/obj/pal.o
 .debug_frame   0x00001390      0x1c8 build/obj/usb.o
 .debug_frame   0x00001558       0x68 build/obj/tm.o
 .debug_frame   0x000015c0      0x20c build/obj/serial_usb.o
 .debug_frame   0x000017cc      0x120 build/obj/stm32_dma.o
 .debug_frame   0x000018ec       0x4c build/obj/hal_lld.o
 .debug_frame   0x00001938      0x1a4 build/obj/i2c_lld.o
 .debug_frame   0x00001adc       0x38 build/obj/pal_lld.o
 .debug_frame   0x00001b14      0x240 build/obj/usb_lld.o
 .debug_frame   0x00001d54       0x3c build/obj/board.o
 .debug_frame   0x00001d90       0x64 build/obj/evtimer.o
 .debug_frame   0x00001df4       0xac build/obj/syscalls.o
 .debug_frame   0x00001ea0       0x9c build/obj/main.o
 .debug_frame   0x00001f3c       0x2c build/obj/i2c_pns.o
 .debug_frame   0x00001f68       0x2c build/obj/tmp75.o
 .debug_frame   0x00001f94       0x2c build/obj/fake.o
 .debug_frame   0x00001fc0       0x48 build/obj/lis3.o
 .debug_frame   0x00002008       0x2c /home/z80/programs/code-sourcery/2011.03-42/bin/../lib/gcc/arm-none-eabi/4.5.2/../../../../arm-none-eabi/lib/thumb2/libc.a(lib_a-memset.o)

.debug_loc      0x00000000     0x2b74
 .debug_loc     0x00000000       0xb8 build/obj/chcore_v7m.o
 .debug_loc     0x000000b8       0x84 build/obj/nvic.o
 .debug_loc     0x0000013c       0x78 build/obj/chsys.o
 .debug_loc     0x000001b4      0x1ac build/obj/chdebug.o
 .debug_loc     0x00000360       0x78 build/obj/chvt.o
 .debug_loc     0x000003d8      0x168 build/obj/chschd.o
 .debug_loc     0x00000540      0x258 build/obj/chthreads.o
 .debug_loc     0x00000798       0xb0 build/obj/chdynamic.o
 .debug_loc     0x00000848       0x58 build/obj/chregistry.o
 .debug_loc     0x000008a0      0x244 build/obj/chsem.o
 .debug_loc     0x00000ae4      0x1c0 build/obj/chmtx.o
 .debug_loc     0x00000ca4      0x1cc build/obj/chcond.o
 .debug_loc     0x00000e70      0x294 build/obj/chevents.o
 .debug_loc     0x00001104       0xc4 build/obj/chmsg.o
 .debug_loc     0x000011c8      0x1e4 build/obj/chmboxes.o
 .debug_loc     0x000013ac      0x20c build/obj/chqueues.o
 .debug_loc     0x000015b8       0x58 build/obj/chmemcore.o
 .debug_loc     0x00001610       0xd0 build/obj/chheap.o
 .debug_loc     0x000016e0       0xdc build/obj/chmempools.o
 .debug_loc     0x000017bc       0x6c build/obj/hal.o
 .debug_loc     0x00001828      0x180 build/obj/i2c.o
 .debug_loc     0x000019a8       0x84 build/obj/pal.o
 .debug_loc     0x00001a2c      0x2a8 build/obj/usb.o
 .debug_loc     0x00001cd4       0x8c build/obj/tm.o
 .debug_loc     0x00001d60      0x308 build/obj/serial_usb.o
 .debug_loc     0x00002068      0x1ac build/obj/stm32_dma.o
 .debug_loc     0x00002214       0x20 build/obj/hal_lld.o
 .debug_loc     0x00002234      0x258 build/obj/i2c_lld.o
 .debug_loc     0x0000248c       0x40 build/obj/pal_lld.o
 .debug_loc     0x000024cc      0x360 build/obj/usb_lld.o
 .debug_loc     0x0000282c       0x20 build/obj/board.o
 .debug_loc     0x0000284c       0x84 build/obj/evtimer.o
 .debug_loc     0x000028d0       0xf8 build/obj/syscalls.o
 .debug_loc     0x000029c8       0xdc build/obj/main.o
 .debug_loc     0x00002aa4       0x20 build/obj/i2c_pns.o
 .debug_loc     0x00002ac4       0x2c build/obj/tmp75.o
 .debug_loc     0x00002af0       0x2c build/obj/fake.o
 .debug_loc     0x00002b1c       0x58 build/obj/lis3.o

Cross Reference Table

Symbol                                            File
BusFaultVector                                    build/obj/vectors.o
DebugMonitorVector                                build/obj/vectors.o
HardFaultVector                                   build/obj/vectors.o
I2CD1                                             build/obj/i2c_lld.o
                                                  build/obj/lis3.o
                                                  build/obj/fake.o
                                                  build/obj/tmp75.o
                                                  build/obj/i2c_pns.o
I2CInit_pns                                       build/obj/i2c_pns.o
                                                  build/obj/main.o
MemManageVector                                   build/obj/vectors.o
NMIVector                                         build/obj/vectors.o
PendSVVector                                      build/obj/vectors.o
ResetHandler                                      build/obj/crt0.o
                                                  build/obj/vectors.o
SVCallVector                                      build/obj/chcore_v7m.o
                                                  build/obj/vectors.o
SysTickVector                                     build/obj/chcore_v7m.o
                                                  build/obj/vectors.o
USBD1                                             build/obj/usb_lld.o
UsageFaultVector                                  build/obj/vectors.o
Vector1C                                          build/obj/vectors.o
Vector20                                          build/obj/vectors.o
Vector24                                          build/obj/vectors.o
Vector28                                          build/obj/vectors.o
Vector34                                          build/obj/vectors.o
Vector40                                          build/obj/vectors.o
Vector44                                          build/obj/vectors.o
Vector48                                          build/obj/vectors.o
Vector4C                                          build/obj/vectors.o
Vector50                                          build/obj/vectors.o
Vector54                                          build/obj/vectors.o
Vector58                                          build/obj/vectors.o
Vector5C                                          build/obj/vectors.o
Vector60                                          build/obj/vectors.o
Vector64                                          build/obj/vectors.o
Vector68                                          build/obj/vectors.o
Vector6C                                          build/obj/stm32_dma.o
                                                  build/obj/vectors.o
Vector70                                          build/obj/stm32_dma.o
                                                  build/obj/vectors.o
Vector74                                          build/obj/stm32_dma.o
                                                  build/obj/vectors.o
Vector78                                          build/obj/stm32_dma.o
                                                  build/obj/vectors.o
Vector7C                                          build/obj/stm32_dma.o
                                                  build/obj/vectors.o
Vector80                                          build/obj/stm32_dma.o
                                                  build/obj/vectors.o
Vector84                                          build/obj/stm32_dma.o
                                                  build/obj/vectors.o
Vector88                                          build/obj/vectors.o
Vector8C                                          build/obj/usb_lld.o
                                                  build/obj/vectors.o
Vector90                                          build/obj/usb_lld.o
                                                  build/obj/vectors.o
Vector94                                          build/obj/vectors.o
Vector98                                          build/obj/vectors.o
Vector9C                                          build/obj/vectors.o
VectorA0                                          build/obj/vectors.o
VectorA4                                          build/obj/vectors.o
VectorA8                                          build/obj/vectors.o
VectorAC                                          build/obj/vectors.o
VectorB0                                          build/obj/vectors.o
VectorB4                                          build/obj/vectors.o
VectorB8                                          build/obj/vectors.o
VectorBC                                          build/obj/i2c_lld.o
                                                  build/obj/vectors.o
VectorC0                                          build/obj/i2c_lld.o
                                                  build/obj/vectors.o
VectorC4                                          build/obj/vectors.o
VectorC8                                          build/obj/vectors.o
VectorCC                                          build/obj/vectors.o
VectorD0                                          build/obj/vectors.o
VectorD4                                          build/obj/vectors.o
VectorD8                                          build/obj/vectors.o
VectorDC                                          build/obj/vectors.o
VectorE0                                          build/obj/vectors.o
VectorE4                                          build/obj/vectors.o
VectorE8                                          build/obj/vectors.o
__early_init                                      build/obj/board.o
                                                  build/obj/crt0.o
__fini_array_end                                  build/obj/crt0.o
__fini_array_start                                build/obj/crt0.o
__heap_base__                                     build/obj/chmemcore.o
__heap_end__                                      build/obj/chmemcore.o
__init_array_end                                  build/obj/crt0.o
__init_array_start                                build/obj/crt0.o
__late_init                                       build/obj/crt0.o
__main_stack_base__                               build/obj/crt0.o
__main_stack_end__                                build/obj/vectors.o
                                                  build/obj/crt0.o
__main_thread_stack_base__                        build/obj/chsys.o
__process_stack_base__                            build/obj/crt0.o
__process_stack_end__                             build/obj/crt0.o
_bss_end                                          build/obj/crt0.o
_bss_start                                        build/obj/crt0.o
_close_r                                          build/obj/syscalls.o
_core_init                                        build/obj/chmemcore.o
                                                  build/obj/chsys.o
_data                                             build/obj/crt0.o
_default_exit                                     build/obj/crt0.o
_edata                                            build/obj/crt0.o
_fstat_r                                          build/obj/syscalls.o
_heap_init                                        build/obj/chheap.o
                                                  build/obj/chsys.o
_idle_thread                                      build/obj/chsys.o
_idle_thread_wa                                   build/obj/chsys.o
_isatty_r                                         build/obj/syscalls.o
_lseek_r                                          build/obj/syscalls.o
_pal_lld_init                                     build/obj/pal_lld.o
                                                  build/obj/hal.o
_pal_lld_setgroupmode                             build/obj/pal_lld.o
                                                  build/obj/i2c_pns.o
                                                  build/obj/main.o
                                                  build/obj/pal.o
_port_init                                        build/obj/chcore_v7m.o
                                                  build/obj/chsys.o
_port_irq_epilogue                                build/obj/chcore_v7m.o
                                                  build/obj/usb_lld.o
                                                  build/obj/i2c_lld.o
                                                  build/obj/stm32_dma.o
_port_switch                                      build/obj/chcore_v7m.o
                                                  build/obj/chschd.o
_port_switch_from_isr                             build/obj/chcore_v7m.o
_port_thread_start                                build/obj/chcore_v7m.o
                                                  build/obj/chthreads.o
_read_r                                           build/obj/syscalls.o
_sbrk_r                                           build/obj/syscalls.o
_scheduler_init                                   build/obj/chschd.o
                                                  build/obj/chsys.o
_stm32_dma_streams                                build/obj/stm32_dma.o
                                                  build/obj/i2c_lld.o
_textdata                                         build/obj/crt0.o
_thread_init                                      build/obj/chthreads.o
                                                  build/obj/chsys.o
_thread_memfill                                   build/obj/chthreads.o
                                                  build/obj/chdynamic.o
_trace_init                                       build/obj/chdebug.o
                                                  build/obj/chsys.o
_unhandled_exception                              build/obj/vectors.o
_usb_ep0in                                        build/obj/usb.o
                                                  build/obj/usb_lld.o
_usb_ep0out                                       build/obj/usb.o
                                                  build/obj/usb_lld.o
_usb_ep0setup                                     build/obj/usb.o
                                                  build/obj/usb_lld.o
_usb_reset                                        build/obj/usb.o
                                                  build/obj/usb_lld.o
_vectors                                          build/obj/vectors.o
_vt_init                                          build/obj/chvt.o
                                                  build/obj/chsys.o
_write_r                                          build/obj/syscalls.o
boardInit                                         build/obj/board.o
                                                  build/obj/hal.o
chCondBroadcast                                   build/obj/chcond.o
chCondBroadcastI                                  build/obj/chcond.o
chCondInit                                        build/obj/chcond.o
chCondSignal                                      build/obj/chcond.o
chCondSignalI                                     build/obj/chcond.o
chCondWait                                        build/obj/chcond.o
chCondWaitS                                       build/obj/chcond.o
chCondWaitTimeout                                 build/obj/chcond.o
chCondWaitTimeoutS                                build/obj/chcond.o
chCoreAlloc                                       build/obj/chmemcore.o
                                                  build/obj/syscalls.o
                                                  build/obj/chheap.o
chCoreAllocI                                      build/obj/chmemcore.o
chCoreStatus                                      build/obj/chmemcore.o
chDbgCheckClassI                                  build/obj/chdebug.o
                                                  build/obj/usb.o
                                                  build/obj/chmempools.o
                                                  build/obj/chmemcore.o
                                                  build/obj/chqueues.o
                                                  build/obj/chmboxes.o
                                                  build/obj/chevents.o
                                                  build/obj/chcond.o
                                                  build/obj/chsem.o
                                                  build/obj/chthreads.o
                                                  build/obj/chvt.o
                                                  build/obj/chsys.o
chDbgCheckClassS                                  build/obj/chdebug.o
                                                  build/obj/chmboxes.o
                                                  build/obj/chcond.o
                                                  build/obj/chmtx.o
                                                  build/obj/chsem.o
                                                  build/obj/chschd.o
chDbgPanic                                        build/obj/chdebug.o
                                                  build/obj/syscalls.o
                                                  build/obj/usb_lld.o
                                                  build/obj/i2c_lld.o
                                                  build/obj/stm32_dma.o
                                                  build/obj/serial_usb.o
                                                  build/obj/usb.o
                                                  build/obj/pal.o
                                                  build/obj/i2c.o
                                                  build/obj/chmempools.o
                                                  build/obj/chheap.o
                                                  build/obj/chqueues.o
                                                  build/obj/chmboxes.o
                                                  build/obj/chmsg.o
                                                  build/obj/chevents.o
                                                  build/obj/chcond.o
                                                  build/obj/chmtx.o
                                                  build/obj/chsem.o
                                                  build/obj/chregistry.o
                                                  build/obj/chdynamic.o
                                                  build/obj/chthreads.o
                                                  build/obj/chschd.o
                                                  build/obj/chvt.o
chEvtAddFlags                                     build/obj/chevents.o
chEvtBroadcastFlags                               build/obj/chevents.o
chEvtBroadcastFlagsI                              build/obj/chevents.o
                                                  build/obj/evtimer.o
                                                  build/obj/serial_usb.o
chEvtClearFlags                                   build/obj/chevents.o
chEvtDispatch                                     build/obj/chevents.o
chEvtRegisterMask                                 build/obj/chevents.o
chEvtSignalFlags                                  build/obj/chevents.o
chEvtSignalFlagsI                                 build/obj/chevents.o
chEvtUnregister                                   build/obj/chevents.o
chEvtWaitAll                                      build/obj/chevents.o
chEvtWaitAllTimeout                               build/obj/chevents.o
chEvtWaitAny                                      build/obj/chevents.o
chEvtWaitAnyTimeout                               build/obj/chevents.o
chEvtWaitOne                                      build/obj/chevents.o
chEvtWaitOneTimeout                               build/obj/chevents.o
chHeapAlloc                                       build/obj/chheap.o
                                                  build/obj/chdynamic.o
chHeapFree                                        build/obj/chheap.o
                                                  build/obj/chdynamic.o
chHeapInit                                        build/obj/chheap.o
chHeapStatus                                      build/obj/chheap.o
chIQGetTimeout                                    build/obj/chqueues.o
                                                  build/obj/serial_usb.o
chIQInit                                          build/obj/chqueues.o
                                                  build/obj/serial_usb.o
chIQPutI                                          build/obj/chqueues.o